Component: ARM Compiler 5.06 update 7 (build 960) Tool: armlink [4d3601]

==============================================================================

Section Cross References

    startup_stm32f407xx.o(STACK) refers (Special) to heapauxi.o(.text) for __use_two_region_memory
    startup_stm32f407xx.o(HEAP) refers (Special) to heapauxi.o(.text) for __use_two_region_memory
    startup_stm32f407xx.o(RESET) refers (Special) to heapauxi.o(.text) for __use_two_region_memory
    startup_stm32f407xx.o(RESET) refers to startup_stm32f407xx.o(STACK) for __initial_sp
    startup_stm32f407xx.o(RESET) refers to startup_stm32f407xx.o(.text) for Reset_Handler
    startup_stm32f407xx.o(RESET) refers to stm32f4xx_it.o(i.NMI_Handler) for NMI_Handler
    startup_stm32f407xx.o(RESET) refers to stm32f4xx_it.o(i.HardFault_Handler) for HardFault_Handler
    startup_stm32f407xx.o(RESET) refers to stm32f4xx_it.o(i.MemManage_Handler) for MemManage_Handler
    startup_stm32f407xx.o(RESET) refers to stm32f4xx_it.o(i.BusFault_Handler) for BusFault_Handler
    startup_stm32f407xx.o(RESET) refers to stm32f4xx_it.o(i.UsageFault_Handler) for UsageFault_Handler
    startup_stm32f407xx.o(RESET) refers to port.o(.emb_text) for SVC_Handler
    startup_stm32f407xx.o(RESET) refers to stm32f4xx_it.o(i.DebugMon_Handler) for DebugMon_Handler
    startup_stm32f407xx.o(RESET) refers to stm32f4xx_it.o(i.SysTick_Handler) for SysTick_Handler
    startup_stm32f407xx.o(RESET) refers to stm32f4xx_it.o(i.EXTI0_IRQHandler) for EXTI0_IRQHandler
    startup_stm32f407xx.o(RESET) refers to stm32f4xx_it.o(i.EXTI3_IRQHandler) for EXTI3_IRQHandler
    startup_stm32f407xx.o(RESET) refers to stm32f4xx_it.o(i.EXTI4_IRQHandler) for EXTI4_IRQHandler
    startup_stm32f407xx.o(RESET) refers to stm32f4xx_it.o(i.CAN1_RX0_IRQHandler) for CAN1_RX0_IRQHandler
    startup_stm32f407xx.o(RESET) refers to stm32f4xx_it.o(i.EXTI9_5_IRQHandler) for EXTI9_5_IRQHandler
    startup_stm32f407xx.o(RESET) refers to stm32f4xx_it.o(i.USART1_IRQHandler) for USART1_IRQHandler
    startup_stm32f407xx.o(RESET) refers to remote_control.o(i.USART3_IRQHandler) for USART3_IRQHandler
    startup_stm32f407xx.o(RESET) refers to bsp_i2c.o(i.DMA1_Stream7_IRQHandler) for DMA1_Stream7_IRQHandler
    startup_stm32f407xx.o(RESET) refers to stm32f4xx_it.o(i.DMA2_Stream1_IRQHandler) for DMA2_Stream1_IRQHandler
    startup_stm32f407xx.o(RESET) refers to ins_task.o(i.DMA2_Stream2_IRQHandler) for DMA2_Stream2_IRQHandler
    startup_stm32f407xx.o(RESET) refers to stm32f4xx_it.o(i.CAN2_RX0_IRQHandler) for CAN2_RX0_IRQHandler
    startup_stm32f407xx.o(RESET) refers to stm32f4xx_it.o(i.OTG_FS_IRQHandler) for OTG_FS_IRQHandler
    startup_stm32f407xx.o(RESET) refers to stm32f4xx_it.o(i.DMA2_Stream5_IRQHandler) for DMA2_Stream5_IRQHandler
    startup_stm32f407xx.o(RESET) refers to stm32f4xx_it.o(i.DMA2_Stream6_IRQHandler) for DMA2_Stream6_IRQHandler
    startup_stm32f407xx.o(RESET) refers to stm32f4xx_it.o(i.DMA2_Stream7_IRQHandler) for DMA2_Stream7_IRQHandler
    startup_stm32f407xx.o(RESET) refers to referee_usart_task.o(i.USART6_IRQHandler) for USART6_IRQHandler
    startup_stm32f407xx.o(.text) refers (Special) to heapauxi.o(.text) for __use_two_region_memory
    startup_stm32f407xx.o(.text) refers to system_stm32f4xx.o(i.SystemInit) for SystemInit
    startup_stm32f407xx.o(.text) refers to __main.o(!!!main) for __main
    startup_stm32f407xx.o(.text) refers to startup_stm32f407xx.o(HEAP) for Heap_Mem
    startup_stm32f407xx.o(.text) refers to startup_stm32f407xx.o(STACK) for Stack_Mem
    main.o(i.SystemClock_Config) refers to rt_memclr_w.o(.text) for __aeabi_memclr4
    main.o(i.SystemClock_Config) refers to stm32f4xx_hal_rcc.o(i.HAL_RCC_OscConfig) for HAL_RCC_OscConfig
    main.o(i.SystemClock_Config) refers to main.o(i.Error_Handler) for Error_Handler
    main.o(i.SystemClock_Config) refers to stm32f4xx_hal_rcc.o(i.HAL_RCC_ClockConfig) for HAL_RCC_ClockConfig
    main.o(i.SystemClock_Config) refers to stm32f4xx_hal_rcc_ex.o(i.HAL_RCCEx_PeriphCLKConfig) for HAL_RCCEx_PeriphCLKConfig
    main.o(i.main) refers to stm32f4xx_hal.o(i.HAL_Init) for HAL_Init
    main.o(i.main) refers to main.o(i.SystemClock_Config) for SystemClock_Config
    main.o(i.main) refers to gpio.o(i.MX_GPIO_Init) for MX_GPIO_Init
    main.o(i.main) refers to dma.o(i.MX_DMA_Init) for MX_DMA_Init
    main.o(i.main) refers to adc.o(i.MX_ADC1_Init) for MX_ADC1_Init
    main.o(i.main) refers to adc.o(i.MX_ADC3_Init) for MX_ADC3_Init
    main.o(i.main) refers to can.o(i.MX_CAN1_Init) for MX_CAN1_Init
    main.o(i.main) refers to can.o(i.MX_CAN2_Init) for MX_CAN2_Init
    main.o(i.main) refers to i2c.o(i.MX_I2C1_Init) for MX_I2C1_Init
    main.o(i.main) refers to spi.o(i.MX_SPI1_Init) for MX_SPI1_Init
    main.o(i.main) refers to tim.o(i.MX_TIM4_Init) for MX_TIM4_Init
    main.o(i.main) refers to tim.o(i.MX_TIM5_Init) for MX_TIM5_Init
[...]
    0x080049e4   0x080049e4   0x00000200   Code   RO         5538    i.HAL_GPIO_Init     stm32f4xx_hal_gpio.o
    0x08004be4   0x08004be4   0x00000010   Code   RO         5540    i.HAL_GPIO_ReadPin  stm32f4xx_hal_gpio.o
    0x08004bf4   0x08004bf4   0x0000000c   Code   RO         5542    i.HAL_GPIO_WritePin  stm32f4xx_hal_gpio.o
    0x08004c00   0x08004c00   0x0000000c   Code   RO         6075    i.HAL_GetTick       stm32f4xx_hal.o
    0x08004c0c   0x08004c0c   0x000001b8   Code   RO         6897    i.HAL_I2C_Init      stm32f4xx_hal_i2c.o
    0x08004dc4   0x08004dc4   0x00000170   Code   RO         6910    i.HAL_I2C_Master_Transmit  stm32f4xx_hal_i2c.o
    0x08004f34   0x08004f34   0x000002f4   Code   RO         6915    i.HAL_I2C_Mem_Read  stm32f4xx_hal_i2c.o
    0x08005228   0x08005228   0x00000164   Code   RO         6918    i.HAL_I2C_Mem_Write  stm32f4xx_hal_i2c.o
    0x0800538c   0x0800538c   0x00000208   Code   RO          594    i.HAL_I2C_MspInit   i2c.o
    0x08005594   0x08005594   0x00000018   Code   RO         6081    i.HAL_IncTick       stm32f4xx_hal.o
    0x080055ac   0x080055ac   0x0000003c   Code   RO         6082    i.HAL_Init          stm32f4xx_hal.o
    0x080055e8   0x080055e8   0x0000004c   Code   RO         6083    i.HAL_InitTick      stm32f4xx_hal.o
    0x08005634   0x08005634   0x00000054   Code   RO         1459    i.HAL_MspInit       stm32f4xx_hal_msp.o
    0x08005688   0x08005688   0x00000020   Code   RO         5927    i.HAL_NVIC_EnableIRQ  stm32f4xx_hal_cortex.o
    0x080056a8   0x080056a8   0x0000007c   Code   RO         5933    i.HAL_NVIC_SetPriority  stm32f4xx_hal_cortex.o
    0x08005724   0x08005724   0x00000028   Code   RO         5934    i.HAL_NVIC_SetPriorityGrouping  stm32f4xx_hal_cortex.o
    0x0800574c   0x0800574c   0x00000002   Code   RO         4791    i.HAL_PCDEx_LPM_Callback  stm32f4xx_hal_pcd_ex.o
    0x0800574e   0x0800574e   0x0000000a   Code   RO         4792    i.HAL_PCDEx_SetRxFiFo  stm32f4xx_hal_pcd_ex.o
    0x08005758   0x08005758   0x0000004e   Code   RO         4793    i.HAL_PCDEx_SetTxFiFo  stm32f4xx_hal_pcd_ex.o
    0x080057a6   0x080057a6   0x0000000e   Code   RO          986    i.HAL_PCD_ConnectCallback  usbd_conf.o
    0x080057b4   0x080057b4   0x00000020   Code   RO          987    i.HAL_PCD_DataInStageCallback  usbd_conf.o
    0x080057d4   0x080057d4   0x00000020   Code   RO          988    i.HAL_PCD_DataOutStageCallback  usbd_conf.o
    0x080057f4   0x080057f4   0x0000000e   Code   RO          989    i.HAL_PCD_DisconnectCallback  usbd_conf.o
    0x08005802   0x08005802   0x0000006a   Code   RO         4574    i.HAL_PCD_EP_Close  stm32f4xx_hal_pcd.o
    0x0800586c   0x0800586c   0x0000007c   Code   RO         4575    i.HAL_PCD_EP_ClrStall  stm32f4xx_hal_pcd.o
    0x080058e8   0x080058e8   0x00000016   Code   RO         4577    i.HAL_PCD_EP_GetRxCount  stm32f4xx_hal_pcd.o
    0x080058fe   0x080058fe   0x0000008c   Code   RO         4578    i.HAL_PCD_EP_Open   stm32f4xx_hal_pcd.o
    0x0800598a   0x0800598a   0x00000058   Code   RO         4579    i.HAL_PCD_EP_Receive  stm32f4xx_hal_pcd.o
    0x080059e2   0x080059e2   0x0000008a   Code   RO         4580    i.HAL_PCD_EP_SetStall  stm32f4xx_hal_pcd.o
    0x08005a6c   0x08005a6c   0x0000005a   Code   RO         4581    i.HAL_PCD_EP_Transmit  stm32f4xx_hal_pcd.o
    0x08005ac6   0x08005ac6   0x0000053e   Code   RO         4583    i.HAL_PCD_IRQHandler  stm32f4xx_hal_pcd.o
    0x08006004   0x08006004   0x00000012   Code   RO          990    i.HAL_PCD_ISOINIncompleteCallback  usbd_conf.o
    0x08006016   0x08006016   0x00000012   Code   RO          991    i.HAL_PCD_ISOOUTIncompleteCallback  usbd_conf.o
    0x08006028   0x08006028   0x00000166   Code   RO         4586    i.HAL_PCD_Init      stm32f4xx_hal_pcd.o
    0x0800618e   0x0800618e   0x00000002   PAD
    0x08006190   0x08006190   0x000000a8   Code   RO          993    i.HAL_PCD_MspInit   usbd_conf.o
    0x08006238   0x08006238   0x00000030   Code   RO          994    i.HAL_PCD_ResetCallback  usbd_conf.o
    0x08006268   0x08006268   0x0000000e   Code   RO          995    i.HAL_PCD_ResumeCallback  usbd_conf.o
    0x08006276   0x08006276   0x0000000e   Code   RO          996    i.HAL_PCD_SOFCallback  usbd_conf.o
    0x08006284   0x08006284   0x00000036   Code   RO         4592    i.HAL_PCD_SetAddress  stm32f4xx_hal_pcd.o
    0x080062ba   0x080062ba   0x00000012   Code   RO          997    i.HAL_PCD_SetupStageCallback  usbd_conf.o
    0x080062cc   0x080062cc   0x0000004a   Code   RO         4594    i.HAL_PCD_Start     stm32f4xx_hal_pcd.o
    0x08006316   0x08006316   0x00000002   PAD
    0x08006318   0x08006318   0x00000034   Code   RO          998    i.HAL_PCD_SuspendCallback  usbd_conf.o
    0x0800634c   0x0800634c   0x000001a0   Code   RO         5244    i.HAL_RCCEx_PeriphCLKConfig  stm32f4xx_hal_rcc_ex.o
    0x080064ec   0x080064ec   0x00000180   Code   RO         5139    i.HAL_RCC_ClockConfig  stm32f4xx_hal_rcc.o
    0x0800666c   0x0800666c   0x0000000c   Code   RO         5144    i.HAL_RCC_GetHCLKFreq  stm32f4xx_hal_rcc.o
    0x08006678   0x08006678   0x00000020   Code   RO         5146    i.HAL_RCC_GetPCLK1Freq  stm32f4xx_hal_rcc.o
    0x08006698   0x08006698   0x00000020   Code   RO         5147    i.HAL_RCC_GetPCLK2Freq  stm32f4xx_hal_rcc.o
    0x080066b8   0x080066b8   0x000000b0   Code   RO         5148    i.HAL_RCC_GetSysClockFreq  stm32f4xx_hal_rcc.o
    0x08006768   0x08006768   0x00000448   Code   RO         5151    i.HAL_RCC_OscConfig  stm32f4xx_hal_rcc.o
    0x08006bb0   0x08006bb0   0x00000034   Code   RO         7375    i.HAL_RNG_Init      stm32f4xx_hal_rng.o
    0x08006be4   0x08006be4   0x00000034   Code   RO          648    i.HAL_RNG_MspInit   rng.o
    0x08006c18   0x08006c18   0x000000d8   Code   RO         7476    i.HAL_RTC_Init      stm32f4xx_hal_rtc.o
    0x08006cf0   0x08006cf0   0x00000018   Code   RO          690    i.HAL_RTC_MspInit   rtc.o
    0x08006d08   0x08006d08   0x0000003a   Code   RO         7484    i.HAL_RTC_WaitForSynchro  stm32f4xx_hal_rtc.o
    0x08006d42   0x08006d42   0x0000008c   Code   RO         7845    i.HAL_SPI_Init      stm32f4xx_hal_spi.o
    0x08006dce   0x08006dce   0x00000002   PAD
    0x08006dd0   0x08006dd0   0x000001cc   Code   RO          732    i.HAL_SPI_MspInit   spi.o
    0x08006f9c   0x08006f9c   0x0000022a   Code   RO         7854    i.HAL_SPI_TransmitReceive  stm32f4xx_hal_spi.o
    0x080071c6   0x080071c6   0x00000034   Code   RO         5938    i.HAL_SYSTICK_Config  stm32f4xx_hal_cortex.o
    0x080071fa   0x080071fa   0x00000074   Code   RO         8847    i.HAL_TIMEx_ConfigBreakDeadTime  stm32f4xx_hal_tim_ex.o
    0x0800726e   0x0800726e   0x00000054   Code   RO         8862    i.HAL_TIMEx_MasterConfigSynchronization  stm32f4xx_hal_tim_ex.o
    0x080072c2   0x080072c2   0x00000034   Code   RO         8158    i.HAL_TIM_Base_Init  stm32f4xx_hal_tim.o
    0x080072f6   0x080072f6   0x00000002   PAD
    0x080072f8   0x080072f8   0x00000170   Code   RO          807    i.HAL_TIM_Base_MspInit  tim.o
    0x08007468   0x08007468   0x0000002a   Code   RO         8161    i.HAL_TIM_Base_Start  stm32f4xx_hal_tim.o
    0x08007492   0x08007492   0x00000108   Code   RO         8167    i.HAL_TIM_ConfigClockSource  stm32f4xx_hal_tim.o
    0x0800759a   0x0800759a   0x00000002   PAD
    0x0800759c   0x0800759c   0x00000220   Code   RO          808    i.HAL_TIM_MspPostInit  tim.o
    0x080077bc   0x080077bc   0x00000108   Code   RO         8225    i.HAL_TIM_PWM_ConfigChannel  stm32f4xx_hal_tim.o
    0x080078c4   0x080078c4   0x00000034   Code   RO         8228    i.HAL_TIM_PWM_Init  stm32f4xx_hal_tim.o
    0x080078f8   0x080078f8   0x00000002   Code   RO         8230    i.HAL_TIM_PWM_MspInit  stm32f4xx_hal_tim.o
    0x080078fa   0x080078fa   0x00000002   PAD
    0x080078fc   0x080078fc   0x00000058   Code   RO         8233    i.HAL_TIM_PWM_Start  stm32f4xx_hal_tim.o
    0x08007954   0x08007954   0x00000002   Code   RO         9116    i.HAL_UART_ErrorCallback  stm32f4xx_hal_uart.o
    0x08007956   0x08007956   0x00000002   PAD
    0x08007958   0x08007958   0x0000014c   Code   RO         9119    i.HAL_UART_IRQHandler  stm32f4xx_hal_uart.o
    0x08007aa4   0x08007aa4   0x00000072   Code   RO         9120    i.HAL_UART_Init     stm32f4xx_hal_uart.o
    0x08007b16   0x08007b16   0x00000002   PAD
    0x08007b18   0x08007b18   0x0000034c   Code   RO          885    i.HAL_UART_MspInit  usart.o
    0x08007e64   0x08007e64   0x00000002   Code   RO         9126    i.HAL_UART_RxCpltCallback  stm32f4xx_hal_uart.o
    0x08007e66   0x08007e66   0x00000002   Code   RO         9131    i.HAL_UART_TxCpltCallback  stm32f4xx_hal_uart.o
    0x08007e68   0x08007e68   0x00000004   Code   RO         1335    i.HardFault_Handler  stm32f4xx_it.o
    0x08007e6c   0x08007e6c   0x00000020   Code   RO         1931    i.I2C2_DMA_transmit  bsp_i2c.o
    0x08007e8c   0x08007e8c   0x000000c0   Code   RO         1932    i.I2C2_tx_DMA_enable  bsp_i2c.o
    0x08007f4c   0x08007f4c   0x000000c0   Code   RO         1933    i.I2C2_tx_DMA_init  bsp_i2c.o
    0x0800800c   0x0800800c   0x0000003e   Code   RO         6940    i.I2C_IsAcknowledgeFailed  stm32f4xx_hal_i2c.o
    0x0800804a   0x0800804a   0x00000002   PAD
    0x0800804c   0x0800804c   0x000000ac   Code   RO         6944    i.I2C_MasterRequestWrite  stm32f4xx_hal_i2c.o
    0x080080f8   0x080080f8   0x00000138   Code   RO         6950    i.I2C_RequestMemoryRead  stm32f4xx_hal_i2c.o
    0x08008230   0x08008230   0x000000cc   Code   RO         6951    i.I2C_RequestMemoryWrite  stm32f4xx_hal_i2c.o
    0x080082fc   0x080082fc   0x000000fc   Code   RO         1934    i.I2C_TX_DMA_START  bsp_i2c.o
    0x080083f8   0x080083f8   0x0000005c   Code   RO         6959    i.I2C_WaitOnBTFFlagUntilTimeout  stm32f4xx_hal_i2c.o
    0x08008454   0x08008454   0x00000086   Code   RO         6960    i.I2C_WaitOnFlagUntilTimeout  stm32f4xx_hal_i2c.o
    0x080084da   0x080084da   0x000000c4   Code   RO         6961    i.I2C_WaitOnMasterAddressFlagUntilTimeout  stm32f4xx_hal_i2c.o
    0x0800859e   0x0800859e   0x00000080   Code   RO         6962    i.I2C_WaitOnRXNEFlagUntilTimeout  stm32f4xx_hal_i2c.o
    0x0800861e   0x0800861e   0x0000005c   Code   RO         6964    i.I2C_WaitOnTXEFlagUntilTimeout  stm32f4xx_hal_i2c.o
    0x0800867a   0x0800867a   0x00000002   PAD
    0x0800867c   0x0800867c   0x0000007c   Code   RO         2911    i.INS_cali_gyro     ins_task.o
    0x080086f8   0x080086f8   0x00000048   Code   RO         2912    i.INS_set_cali_gyro  ins_task.o
    0x08008740   0x08008740   0x00000304   Code   RO         2913    i.INS_task          ins_task.o
    0x08008a44   0x08008a44   0x0000003e   Code   RO         1182    i.IntToUnicode      usbd_desc.o
    0x08008a82   0x08008a82   0x00000002   PAD
    0x08008a84   0x08008a84   0x00000070   Code   RO          373    i.MX_ADC1_Init      adc.o
    0x08008af4   0x08008af4   0x00000070   Code   RO          374    i.MX_ADC3_Init      adc.o
    0x08008b64   0x08008b64   0x00000044   Code   RO          421    i.MX_CAN1_Init      can.o
    0x08008ba8   0x08008ba8   0x00000044   Code   RO          422    i.MX_CAN2_Init      can.o
    0x08008bec   0x08008bec   0x00000020   Code   RO          470    i.MX_CRC_Init       crc.o
    0x08008c0c   0x08008c0c   0x000000c8   Code   RO          510    i.MX_DMA_Init       dma.o
    0x08008cd4   0x08008cd4   0x0000015c   Code   RO          534    i.MX_FREERTOS_Init  freertos.o
    0x08008e30   0x08008e30   0x00000254   Code   RO          347    i.MX_GPIO_Init      gpio.o
    0x08009084   0x08009084   0x0000003c   Code   RO          595    i.MX_I2C1_Init      i2c.o
    0x080090c0   0x080090c0   0x0000003c   Code   RO          596    i.MX_I2C2_Init      i2c.o
    0x080090fc   0x080090fc   0x0000003c   Code   RO          597    i.MX_I2C3_Init      i2c.o
    0x08009138   0x08009138   0x00000020   Code   RO          649    i.MX_RNG_Init       rng.o
    0x08009158   0x08009158   0x00000034   Code   RO          691    i.MX_RTC_Init       rtc.o
    0x0800918c   0x0800918c   0x00000048   Code   RO          733    i.MX_SPI1_Init      spi.o
    0x080091d4   0x080091d4   0x00000048   Code   RO          734    i.MX_SPI2_Init      spi.o
    0x0800921c   0x0800921c   0x0000006c   Code   RO          809    i.MX_TIM10_Init     tim.o
    0x08009288   0x08009288   0x0000010c   Code   RO          810    i.MX_TIM1_Init      tim.o
    0x08009394   0x08009394   0x000000a4   Code   RO          811    i.MX_TIM3_Init      tim.o
    0x08009438   0x08009438   0x000000a4   Code   RO          812    i.MX_TIM4_Init      tim.o
    0x080094dc   0x080094dc   0x000000c4   Code   RO          813    i.MX_TIM5_Init      tim.o
    0x080095a0   0x080095a0   0x00000070   Code   RO          814    i.MX_TIM8_Init      tim.o
    0x08009610   0x08009610   0x00000038   Code   RO          886    i.MX_USART1_UART_Init  usart.o
    0x08009648   0x08009648   0x0000003c   Code   RO          887    i.MX_USART3_UART_Init  usart.o
    0x08009684   0x08009684   0x00000038   Code   RO          888    i.MX_USART6_UART_Init  usart.o
    0x080096bc   0x080096bc   0x0000004c   Code   RO          938    i.MX_USB_DEVICE_Init  usb_device.o
    0x08009708   0x08009708   0x00000004   Code   RO         1336    i.MemManage_Handler  stm32f4xx_it.o
    0x0800970c   0x0800970c   0x00000002   Code   RO         1337    i.NMI_Handler       stm32f4xx_it.o
    0x0800970e   0x0800970e   0x00000002   PAD
    0x08009710   0x08009710   0x0000001c   Code   RO         3481    i.OLED_LOGO         oled.o
    0x0800972c   0x0800972c   0x00000010   Code   RO         3482    i.OLED_check_ack    oled.o
    0x0800973c   0x0800973c   0x0000002c   Code   RO         3483    i.OLED_com_reset    oled.o
    0x08009768   0x08009768   0x00000088   Code   RO         3487    i.OLED_draw_point   oled.o
    0x080097f0   0x080097f0   0x00000108   Code   RO         3488    i.OLED_init         oled.o
    0x080098f8   0x080098f8   0x00000054   Code   RO         3489    i.OLED_operate_gram  oled.o
    0x0800994c   0x0800994c   0x00000040   Code   RO         3490    i.OLED_printf       oled.o
    0x0800998c   0x0800998c   0x00000020   Code   RO         3491    i.OLED_refresh_gram  oled.o
    0x080099ac   0x080099ac   0x00000040   Code   RO         3492    i.OLED_set_pos      oled.o
    0x080099ec   0x080099ec   0x0000008c   Code   RO         3493    i.OLED_show_char    oled.o
    0x08009a78   0x08009a78   0x0000008a   Code   RO         3494    i.OLED_show_graphic  oled.o
    0x08009b02   0x08009b02   0x00000032   Code   RO         3495    i.OLED_show_string  oled.o
    0x08009b34   0x08009b34   0x00000010   Code   RO         1338    i.OTG_FS_IRQHandler  stm32f4xx_it.o
    0x08009b44   0x08009b44   0x0000008c   Code   RO         4597    i.PCD_EP_OutSetupPacket_int  stm32f4xx_hal_pcd.o
    0x08009bd0   0x08009bd0   0x00000180   Code   RO         4598    i.PCD_EP_OutXfrComplete_int  stm32f4xx_hal_pcd.o
    0x08009d50   0x08009d50   0x000000b6   Code   RO         4599    i.PCD_WriteEmptyTxFifo  stm32f4xx_hal_pcd.o
    0x08009e06   0x08009e06   0x00000002   PAD
    0x08009e08   0x08009e08   0x000001f0   Code   RO         4529    i.PID_calc          pid.o
    0x08009ff8   0x08009ff8   0x0000004c   Code   RO         4530    i.PID_clear         pid.o
    0x0800a044   0x0800a044   0x00000060   Code   RO         4531    i.PID_init          pid.o
    0x0800a0a4   0x0800a0a4   0x0000009c   Code   RO         2063    i.RC_Init           bsp_rc.o
    0x0800a140   0x0800a140   0x00000374   Code   RO         2237    i.RC_cmd_to_calibrate  calibrate_task.o
    0x0800a4b4   0x0800a4b4   0x00000050   Code   RO         2064    i.RC_restart        bsp_rc.o
    0x0800a504   0x0800a504   0x00000018   Code   RO         2065    i.RC_unable         bsp_rc.o
    0x0800a51c   0x0800a51c   0x0000003e   Code   RO         7487    i.RTC_EnterInitMode  stm32f4xx_hal_rtc.o
    0x0800a55a   0x0800a55a   0x00000002   PAD
    0x0800a55c   0x0800a55c   0x00000148   Code   RO         2135    i.SPI1_DMA_enable   bsp_spi.o
    0x0800a6a4   0x0800a6a4   0x00000180   Code   RO         2136    i.SPI1_DMA_init     bsp_spi.o
    0x0800a824   0x0800a824   0x0000006c   Code   RO         7883    i.SPI_EndRxTxTransaction  stm32f4xx_hal_spi.o
    0x0800a890   0x0800a890   0x000000a8   Code   RO         7888    i.SPI_WaitFlagStateUntilTimeout  stm32f4xx_hal_spi.o
    0x0800a938   0x0800a938   0x00000014   Code   RO         1339    i.SysTick_Handler   stm32f4xx_it.o
    0x0800a94c   0x0800a94c   0x000000d4   Code   RO           14    i.SystemClock_Config  main.o
    0x0800aa20   0x0800aa20   0x00000064   Code   RO         1484    i.SystemInit        system_stm32f4xx.o
    0x0800aa84   0x0800aa84   0x000000d8   Code   RO         8246    i.TIM_Base_SetConfig  stm32f4xx_hal_tim.o
    0x0800ab5c   0x0800ab5c   0x00000022   Code   RO         8247    i.TIM_CCxChannelCmd  stm32f4xx_hal_tim.o
    0x0800ab7e   0x0800ab7e   0x00000016   Code   RO         8257    i.TIM_ETR_SetConfig  stm32f4xx_hal_tim.o
    0x0800ab94   0x0800ab94   0x00000012   Code   RO         8258    i.TIM_ITRx_SetConfig  stm32f4xx_hal_tim.o
    0x0800aba6   0x0800aba6   0x00000002   PAD
    0x0800aba8   0x0800aba8   0x00000070   Code   RO         8259    i.TIM_OC1_SetConfig  stm32f4xx_hal_tim.o
    0x0800ac18   0x0800ac18   0x0000007c   Code   RO         8260    i.TIM_OC2_SetConfig  stm32f4xx_hal_tim.o
    0x0800ac94   0x0800ac94   0x00000078   Code   RO         8261    i.TIM_OC3_SetConfig  stm32f4xx_hal_tim.o
    0x0800ad0c   0x0800ad0c   0x00000054   Code   RO         8262    i.TIM_OC4_SetConfig  stm32f4xx_hal_tim.o
    0x0800ad60   0x0800ad60   0x00000026   Code   RO         8264    i.TIM_TI1_ConfigInputStage  stm32f4xx_hal_tim.o
    0x0800ad86   0x0800ad86   0x00000028   Code   RO         8266    i.TIM_TI2_ConfigInputStage  stm32f4xx_hal_tim.o
    0x0800adae   0x0800adae   0x00000014   Code   RO         9133    i.UART_DMAAbortOnError  stm32f4xx_hal_uart.o
    0x0800adc2   0x0800adc2   0x00000020   Code   RO         9143    i.UART_EndRxTransfer  stm32f4xx_hal_uart.o
    0x0800ade2   0x0800ade2   0x00000020   Code   RO         9144    i.UART_EndTransmit_IT  stm32f4xx_hal_uart.o
    0x0800ae02   0x0800ae02   0x000000a6   Code   RO         9146    i.UART_Receive_IT   stm32f4xx_hal_uart.o
    0x0800aea8   0x0800aea8   0x00000368   Code   RO         9147    i.UART_SetConfig    stm32f4xx_hal_uart.o
    0x0800b210   0x0800b210   0x00000068   Code   RO         9148    i.UART_Transmit_IT  stm32f4xx_hal_uart.o
    0x0800b278   0x0800b278   0x00000010   Code   RO         1340    i.USART1_IRQHandler  stm32f4xx_it.o
    0x0800b288   0x0800b288   0x00000130   Code   RO         3172    i.USART3_IRQHandler  remote_control.o
    0x0800b3b8   0x0800b3b8   0x00000128   Code   RO         3127    i.USART6_IRQHandler  referee_usart_task.o
    0x0800b4e0   0x0800b4e0   0x0000007c   Code   RO        11208    i.USBD_CDC_DataIn   usbd_cdc.o
    0x0800b55c   0x0800b55c   0x00000034   Code   RO        11209    i.USBD_CDC_DataOut  usbd_cdc.o
    0x0800b590   0x0800b590   0x0000004e   Code   RO        11210    i.USBD_CDC_DeInit   usbd_cdc.o
    0x0800b5de   0x0800b5de   0x00000032   Code   RO        11211    i.USBD_CDC_EP0_RxReady  usbd_cdc.o
    0x0800b610   0x0800b610   0x00000010   Code   RO        11212    i.USBD_CDC_GetDeviceQualifierDescriptor  usbd_cdc.o
    0x0800b620   0x0800b620   0x00000010   Code   RO        11213    i.USBD_CDC_GetFSCfgDesc  usbd_cdc.o
    0x0800b630   0x0800b630   0x00000010   Code   RO        11214    i.USBD_CDC_GetHSCfgDesc  usbd_cdc.o
    0x0800b640   0x0800b640   0x00000010   Code   RO        11215    i.USBD_CDC_GetOtherSpeedCfgDesc  usbd_cdc.o
    0x0800b650   0x0800b650   0x000000b8   Code   RO        11216    i.USBD_CDC_Init     usbd_cdc.o
    0x0800b708   0x0800b708   0x0000003a   Code   RO        11217    i.USBD_CDC_ReceivePacket  usbd_cdc.o
    0x0800b742   0x0800b742   0x0000000e   Code   RO        11218    i.USBD_CDC_RegisterInterface  usbd_cdc.o
    0x0800b750   0x0800b750   0x0000000e   Code   RO        11219    i.USBD_CDC_SetRxBuffer  usbd_cdc.o
    0x0800b75e   0x0800b75e   0x00000014   Code   RO        11220    i.USBD_CDC_SetTxBuffer  usbd_cdc.o
    0x0800b772   0x0800b772   0x000000f4   Code   RO        11221    i.USBD_CDC_Setup    usbd_cdc.o
    0x0800b866   0x0800b866   0x0000003e   Code   RO        11222    i.USBD_CDC_TransmitPacket  usbd_cdc.o
    0x0800b8a4   0x0800b8a4   0x00000016   Code   RO        10915    i.USBD_ClrClassConfig  usbd_core.o
    0x0800b8ba   0x0800b8ba   0x0000003e   Code   RO        11053    i.USBD_ClrFeature   usbd_ctlreq.o
    0x0800b8f8   0x0800b8f8   0x00000018   Code   RO        11148    i.USBD_CtlContinueRx  usbd_ioreq.o
    0x0800b910   0x0800b910   0x00000018   Code   RO        11149    i.USBD_CtlContinueSendData  usbd_ioreq.o
    0x0800b928   0x0800b928   0x00000018   Code   RO        11054    i.USBD_CtlError     usbd_ctlreq.o
    0x0800b940   0x0800b940   0x00000028   Code   RO        11150    i.USBD_CtlPrepareRx  usbd_ioreq.o
    0x0800b968   0x0800b968   0x0000001a   Code   RO        11151    i.USBD_CtlReceiveStatus  usbd_ioreq.o
    0x0800b982   0x0800b982   0x00000022   Code   RO        11152    i.USBD_CtlSendData  usbd_ioreq.o
    0x0800b9a4   0x0800b9a4   0x0000001a   Code   RO        11153    i.USBD_CtlSendStatus  usbd_ioreq.o
    0x0800b9be   0x0800b9be   0x00000002   PAD
    0x0800b9c0   0x0800b9c0   0x00000034   Code   RO         1183    i.USBD_FS_ConfigStrDescriptor  usbd_desc.o
    0x0800b9f4   0x0800b9f4   0x00000010   Code   RO         1184    i.USBD_FS_DeviceDescriptor  usbd_desc.o
    0x0800ba04   0x0800ba04   0x00000038   Code   RO         1185    i.USBD_FS_InterfaceStrDescriptor  usbd_desc.o
    0x0800ba3c   0x0800ba3c   0x00000010   Code   RO         1186    i.USBD_FS_LangIDStrDescriptor  usbd_desc.o
    0x0800ba4c   0x0800ba4c   0x0000002c   Code   RO         1187    i.USBD_FS_ManufacturerStrDescriptor  usbd_desc.o
    0x0800ba78   0x0800ba78   0x00000040   Code   RO         1188    i.USBD_FS_ProductStrDescriptor  usbd_desc.o
    0x0800bab8   0x0800bab8   0x00000018   Code   RO         1189    i.USBD_FS_SerialStrDescriptor  usbd_desc.o
    0x0800bad0   0x0800bad0   0x00000056   Code   RO        11055    i.USBD_GetConfig    usbd_ctlreq.o
    0x0800bb26   0x0800bb26   0x00000152   Code   RO        11056    i.USBD_GetDescriptor  usbd_ctlreq.o
    0x0800bc78   0x0800bc78   0x00000014   Code   RO        11057    i.USBD_GetLen       usbd_ctlreq.o
    0x0800bc8c   0x0800bc8c   0x0000005a   Code   RO        11058    i.USBD_GetStatus    usbd_ctlreq.o
    0x0800bce6   0x0800bce6   0x00000052   Code   RO        11059    i.USBD_GetString    usbd_ctlreq.o
    0x0800bd38   0x0800bd38   0x0000002c   Code   RO          999    i.USBD_Get_USB_Status  usbd_conf.o
    0x0800bd64   0x0800bd64   0x00000032   Code   RO        10917    i.USBD_Init         usbd_core.o
    0x0800bd96   0x0800bd96   0x00000026   Code   RO         1000    i.USBD_LL_ClearStallEP  usbd_conf.o
    0x0800bdbc   0x0800bdbc   0x00000026   Code   RO         1001    i.USBD_LL_CloseEP   usbd_conf.o
    0x0800bde2   0x0800bde2   0x00000100   Code   RO        10918    i.USBD_LL_DataInStage  usbd_core.o
    0x0800bee2   0x0800bee2   0x000000a6   Code   RO        10919    i.USBD_LL_DataOutStage  usbd_core.o
    0x0800bf88   0x0800bf88   0x00000006   Code   RO        10920    i.USBD_LL_DevConnected  usbd_core.o
    0x0800bf8e   0x0800bf8e   0x0000001a   Code   RO        10921    i.USBD_LL_DevDisconnected  usbd_core.o
    0x0800bfa8   0x0800bfa8   0x00000012   Code   RO         1005    i.USBD_LL_GetRxDataSize  usbd_conf.o
    0x0800bfba   0x0800bfba   0x00000002   PAD
    0x0800bfbc   0x0800bfbc   0x00000068   Code   RO         1006    i.USBD_LL_Init      usbd_conf.o
    0x0800c024   0x0800c024   0x00000038   Code   RO         1007    i.USBD_LL_IsStallEP  usbd_conf.o
    0x0800c05c   0x0800c05c   0x00000006   Code   RO        10922    i.USBD_LL_IsoINIncomplete  usbd_core.o
    0x0800c062   0x0800c062   0x00000006   Code   RO        10923    i.USBD_LL_IsoOUTIncomplete  usbd_core.o
    0x0800c068   0x0800c068   0x00000030   Code   RO         1008    i.USBD_LL_OpenEP    usbd_conf.o
    0x0800c098   0x0800c098   0x00000030   Code   RO         1009    i.USBD_LL_PrepareReceive  usbd_conf.o
    0x0800c0c8   0x0800c0c8   0x0000005c   Code   RO        10924    i.USBD_LL_Reset     usbd_core.o
    0x0800c124   0x0800c124   0x0000000e   Code   RO        10925    i.USBD_LL_Resume    usbd_core.o
    0x0800c132   0x0800c132   0x00000022   Code   RO        10926    i.USBD_LL_SOF       usbd_core.o
    0x0800c154   0x0800c154   0x00000008   Code   RO        10927    i.USBD_LL_SetSpeed  usbd_core.o
    0x0800c15c   0x0800c15c   0x00000026   Code   RO         1010    i.USBD_LL_SetUSBAddress  usbd_conf.o
    0x0800c182   0x0800c182   0x0000006e   Code   RO        10928    i.USBD_LL_SetupStage  usbd_core.o
    0x0800c1f0   0x0800c1f0   0x00000026   Code   RO         1011    i.USBD_LL_StallEP   usbd_conf.o
    0x0800c216   0x0800c216   0x0000001e   Code   RO         1012    i.USBD_LL_Start     usbd_conf.o
    0x0800c234   0x0800c234   0x00000014   Code   RO        10929    i.USBD_LL_Suspend   usbd_core.o
    0x0800c248   0x0800c248   0x00000030   Code   RO         1014    i.USBD_LL_Transmit  usbd_conf.o
    0x0800c278   0x0800c278   0x00000028   Code   RO        11060    i.USBD_ParseSetupRequest  usbd_ctlreq.o
    0x0800c2a0   0x0800c2a0   0x00000010   Code   RO        10930    i.USBD_RegisterClass  usbd_core.o
    0x0800c2b0   0x0800c2b0   0x00000006   Code   RO        10931    i.USBD_RunTestMode  usbd_core.o
    0x0800c2b6   0x0800c2b6   0x0000005a   Code   RO        11061    i.USBD_SetAddress   usbd_ctlreq.o
    0x0800c310   0x0800c310   0x00000022   Code   RO        10932    i.USBD_SetClassConfig  usbd_core.o
    0x0800c332   0x0800c332   0x00000002   PAD
    0x0800c334   0x0800c334   0x000000e8   Code   RO        11062    i.USBD_SetConfig    usbd_ctlreq.o
    0x0800c41c   0x0800c41c   0x00000018   Code   RO        11063    i.USBD_SetFeature   usbd_ctlreq.o
    0x0800c434   0x0800c434   0x0000000e   Code   RO        10933    i.USBD_Start        usbd_core.o
    0x0800c442   0x0800c442   0x000000a2   Code   RO        11064    i.USBD_StdDevReq    usbd_ctlreq.o
    0x0800c4e4   0x0800c4e4   0x00000238   Code   RO        11065    i.USBD_StdEPReq     usbd_ctlreq.o
    0x0800c71c   0x0800c71c   0x0000007e   Code   RO        11066    i.USBD_StdItfReq    usbd_ctlreq.o
    0x0800c79a   0x0800c79a   0x00000002   PAD
    0x0800c79c   0x0800c79c   0x000000d0   Code   RO         4833    i.USB_ActivateEndpoint  stm32f4xx_ll_usb.o
    0x0800c86c   0x0800c86c   0x00000046   Code   RO         4835    i.USB_ActivateSetup  stm32f4xx_ll_usb.o
    0x0800c8b2   0x0800c8b2   0x00000002   PAD
    0x0800c8b4   0x0800c8b4   0x00000084   Code   RO         4837    i.USB_CoreInit      stm32f4xx_ll_usb.o
    0x0800c938   0x0800c938   0x0000004c   Code   RO         4838    i.USB_CoreReset     stm32f4xx_ll_usb.o
    0x0800c984   0x0800c984   0x000000c4   Code   RO         4841    i.USB_DeactivateEndpoint  stm32f4xx_ll_usb.o
    0x0800ca48   0x0800ca48   0x00000020   Code   RO         4842    i.USB_DevConnect    stm32f4xx_ll_usb.o
    0x0800ca68   0x0800ca68   0x00000020   Code   RO         4843    i.USB_DevDisconnect  stm32f4xx_ll_usb.o
    0x0800ca88   0x0800ca88   0x000001f4   Code   RO         4844    i.USB_DevInit       stm32f4xx_ll_usb.o
    0x0800cc7c   0x0800cc7c   0x0000000e   Code   RO         4845    i.USB_DisableGlobalInt  stm32f4xx_ll_usb.o
    0x0800cc8a   0x0800cc8a   0x00000002   PAD
    0x0800cc8c   0x0800cc8c   0x000001d8   Code   RO         4848    i.USB_EP0StartXfer  stm32f4xx_ll_usb.o
    0x0800ce64   0x0800ce64   0x00000070   Code   RO         4849    i.USB_EP0_OutStart  stm32f4xx_ll_usb.o
    0x0800ced4   0x0800ced4   0x0000008e   Code   RO         4850    i.USB_EPClearStall  stm32f4xx_ll_usb.o
    0x0800cf62   0x0800cf62   0x0000009a   Code   RO         4851    i.USB_EPSetStall    stm32f4xx_ll_usb.o
    0x0800cffc   0x0800cffc   0x00000344   Code   RO         4852    i.USB_EPStartXfer   stm32f4xx_ll_usb.o
    0x0800d340   0x0800d340   0x0000000e   Code   RO         4853    i.USB_EnableGlobalInt  stm32f4xx_ll_usb.o
    0x0800d34e   0x0800d34e   0x00000002   PAD
    0x0800d350   0x0800d350   0x0000002c   Code   RO         4854    i.USB_FlushRxFifo   stm32f4xx_ll_usb.o
    0x0800d37c   0x0800d37c   0x00000030   Code   RO         4855    i.USB_FlushTxFifo   stm32f4xx_ll_usb.o
    0x0800d3ac   0x0800d3ac   0x00000026   Code   RO         4857    i.USB_GetDevSpeed   stm32f4xx_ll_usb.o
    0x0800d3d2   0x0800d3d2   0x0000000a   Code   RO         4859    i.USB_GetMode       stm32f4xx_ll_usb.o
    0x0800d3dc   0x0800d3dc   0x00000014   Code   RO         4866    i.USB_ReadDevAllInEpInterrupt  stm32f4xx_ll_usb.o
    0x0800d3f0   0x0800d3f0   0x00000014   Code   RO         4867    i.USB_ReadDevAllOutEpInterrupt  stm32f4xx_ll_usb.o
    0x0800d404   0x0800d404   0x00000032   Code   RO         4868    i.USB_ReadDevInEPInterrupt  stm32f4xx_ll_usb.o
    0x0800d436   0x0800d436   0x0000001a   Code   RO         4869    i.USB_ReadDevOutEPInterrupt  stm32f4xx_ll_usb.o
    0x0800d450   0x0800d450   0x0000000a   Code   RO         4870    i.USB_ReadInterrupts  stm32f4xx_ll_usb.o
    0x0800d45a   0x0800d45a   0x00000022   Code   RO         4871    i.USB_ReadPacket    stm32f4xx_ll_usb.o
    0x0800d47c   0x0800d47c   0x00000036   Code   RO         4873    i.USB_SetCurrentMode  stm32f4xx_ll_usb.o
    0x0800d4b2   0x0800d4b2   0x0000002a   Code   RO         4874    i.USB_SetDevAddress  stm32f4xx_ll_usb.o
    0x0800d4dc   0x0800d4dc   0x00000012   Code   RO         4875    i.USB_SetDevSpeed   stm32f4xx_ll_usb.o
    0x0800d4ee   0x0800d4ee   0x00000002   PAD
    0x0800d4f0   0x0800d4f0   0x000000e8   Code   RO         4876    i.USB_SetTurnaroundTime  stm32f4xx_ll_usb.o
    0x0800d5d8   0x0800d5d8   0x0000003c   Code   RO         4879    i.USB_WritePacket   stm32f4xx_ll_usb.o
    0x0800d614   0x0800d614   0x00000004   Code   RO         1341    i.UsageFault_Handler  stm32f4xx_it.o
    0x0800d618   0x0800d618   0x00000030   Code   RO        12084    i.__ARM_fpclassify  m_wm.l(fpclassify.o)
    0x0800d648   0x0800d648   0x00000026   Code   RO        11927    i.__ARM_fpclassifyf  m_wm.l(fpclassifyf.o)
    0x0800d66e   0x0800d66e   0x00000002   PAD
    0x0800d670   0x0800d670   0x00000010   Code   RO         5940    i.__NVIC_GetPriorityGrouping  stm32f4xx_hal_cortex.o
    0x0800d680   0x0800d680   0x00000028   Code   RO         5941    i.__NVIC_SetPriority  stm32f4xx_hal_cortex.o
    0x0800d6a8   0x0800d6a8   0x00000006   Code   RO         4250    i.__get_PRIMASK     fifo.o
    0x0800d6ae   0x0800d6ae   0x00000002   PAD
    0x0800d6b0   0x0800d6b0   0x0000012c   Code   RO        11668    i.__hardfp_asinf    m_wm.l(asinf.o)
    0x0800d7dc   0x0800d7dc   0x000002ac   Code   RO        11680    i.__hardfp_atan2f   m_wm.l(atan2f.o)
    0x0800da88   0x0800da88   0x00000014   Code   RO        11692    i.__hardfp_fabs     m_wm.l(fabs.o)
    0x0800da9c   0x0800da9c   0x0000003a   Code   RO        11710    i.__hardfp_sqrtf    m_wm.l(sqrtf_full.o)
    0x0800dad6   0x0800dad6   0x00000006   Code   RO        11930    i.__mathlib_flt_infnan  m_wm.l(funder.o)
    0x0800dadc   0x0800dadc   0x00000006   Code   RO        11931    i.__mathlib_flt_infnan2  m_wm.l(funder.o)
    0x0800dae2   0x0800dae2   0x00000002   PAD
    0x0800dae4   0x0800dae4   0x00000010   Code   RO        11932    i.__mathlib_flt_invalid  m_wm.l(funder.o)
    0x0800daf4   0x0800daf4   0x00000010   Code   RO        11935    i.__mathlib_flt_underflow  m_wm.l(funder.o)
    0x0800db04   0x0800db04   0x00000006   Code   RO         4251    i.__set_PRIMASK     fifo.o
    0x0800db0a   0x0800db0a   0x0000000e   Code   RO        11814    i._is_digit         c_w.l(__printf_wp.o)
    0x0800db18   0x0800db18   0x00000068   Code   RO         2034    i.aRGB_led_show     bsp_led.o
    0x0800db80   0x0800db80   0x00000030   Code   RO         4093    i.abs_limit         user_lib.o
    0x0800dbb0   0x0800dbb0   0x000001d0   Code   RO        11313    i.accel_comple_filter  AHRS.lib(ahrs.o)
    0x0800dd80   0x0800dd80   0x0000018c   Code   RO        11314    i.accel_update_kp_ki  AHRS.lib(ahrs.o)
    0x0800df0c   0x0800df0c   0x0000003c   Code   RO         1520    i.adcx_get_chx_value  bsp_adc.o
    0x0800df48   0x0800df48   0x0000016c   Code   RO        11315    i.angle_to_quat     AHRS.lib(ahrs.o)
    0x0800e0b4   0x0800e0b4   0x00000044   Code   RO         3388    i.battery_voltage_task  voltage_task.o
    0x0800e0f8   0x0800e0f8   0x00000134   Code   RO         3616    i.bmi088_accel_init  bmi088driver.o
    0x0800e22c   0x0800e22c   0x000002fc   Code   RO         3617    i.bmi088_accel_self_test  bmi088driver.o
    0x0800e528   0x0800e528   0x000000f4   Code   RO         3618    i.bmi088_gyro_init  bmi088driver.o
    0x0800e61c   0x0800e61c   0x000000d0   Code   RO         3619    i.bmi088_gyro_self_test  bmi088driver.o
    0x0800e6ec   0x0800e6ec   0x0000013c   Code   RO         1935    i.bsp_I2C_check_ack  bsp_i2c.o
    0x0800e828   0x0800e828   0x0000004c   Code   RO         1936    i.bsp_I2C_master_transmit  bsp_i2c.o
    0x0800e874   0x0800e874   0x0000004c   Code   RO         1937    i.bsp_I2C_reset     bsp_i2c.o
    0x0800e8c0   0x0800e8c0   0x00000010   Code   RO         1667    i.buzzer_off        bsp_buzzer.o
    0x0800e8d0   0x0800e8d0   0x00000014   Code   RO         1668    i.buzzer_on         bsp_buzzer.o
    0x0800e8e4   0x0800e8e4   0x0000007c   Code   RO         3300    i.buzzer_warn_error  test_task.o
    0x0800e960   0x0800e960   0x000000e8   Code   RO         3389    i.calc_battery_percentage  voltage_task.o
    0x0800ea48   0x0800ea48   0x0000019c   Code   RO         2762    i.calc_gimbal_cali  gimbal_task.o
    0x0800ebe4   0x0800ebe4   0x000000ec   Code   RO         2238    i.cali_data_read    calibrate_task.o
    0x0800ecd0   0x0800ecd0   0x0000008c   Code   RO         2239    i.cali_data_write   calibrate_task.o
    0x0800ed5c   0x0800ed5c   0x0000006c   Code   RO         2240    i.cali_gimbal_hook  calibrate_task.o
    0x0800edc8   0x0800edc8   0x00000064   Code   RO         2241    i.cali_gyro_hook    calibrate_task.o
    0x0800ee2c   0x0800ee2c   0x00000046   Code   RO         2242    i.cali_head_hook    calibrate_task.o
    0x0800ee72   0x0800ee72   0x00000002   PAD
    0x0800ee74   0x0800ee74   0x000000b8   Code   RO         2243    i.cali_param_init   calibrate_task.o
    0x0800ef2c   0x0800ef2c   0x00000148   Code   RO         2244    i.calibrate_task    calibrate_task.o
    0x0800f074   0x0800f074   0x0000005c   Code   RO         1701    i.can_filter_init   bsp_can.o
    0x0800f0d0   0x0800f0d0   0x000000a0   Code   RO         2449    i.chassis_behaviour_control_set  chassis_behaviour.o
    0x0800f170   0x0800f170   0x0000009c   Code   RO         2450    i.chassis_behaviour_mode_set  chassis_behaviour.o
    0x0800f20c   0x0800f20c   0x000001cc   Code   RO         2567    i.chassis_control_loop  chassis_task.o
    0x0800f3d8   0x0800f3d8   0x00000060   Code   RO         2451    i.chassis_engineer_follow_chassis_yaw_control  chassis_behaviour.o
    0x0800f438   0x0800f438   0x00000164   Code   RO         2568    i.chassis_feedback_update  chassis_task.o
    0x0800f59c   0x0800f59c   0x000000a8   Code   RO         2452    i.chassis_infantry_follow_gimbal_yaw_control  chassis_behaviour.o
    0x0800f644   0x0800f644   0x000000d8   Code   RO         2569    i.chassis_init      chassis_task.o
    0x0800f71c   0x0800f71c   0x00000058   Code   RO         2570    i.chassis_mode_change_control_transit  chassis_task.o
    0x0800f774   0x0800f774   0x00000044   Code   RO         2453    i.chassis_no_follow_yaw_control  chassis_behaviour.o
    0x0800f7b8   0x0800f7b8   0x0000002c   Code   RO         2454    i.chassis_no_move_control  chassis_behaviour.o
    0x0800f7e4   0x0800f7e4   0x0000005c   Code   RO         2455    i.chassis_open_set_control  chassis_behaviour.o
    0x0800f840   0x0800f840   0x000001c4   Code   RO         2534    i.chassis_power_control  chassis_power_control.o
    0x0800fa04   0x0800fa04   0x00000150   Code   RO         2571    i.chassis_rc_to_control_vector  chassis_task.o
    0x0800fb54   0x0800fb54   0x00000218   Code   RO         2572    i.chassis_set_contorl  chassis_task.o
    0x0800fd6c   0x0800fd6c   0x00000012   Code   RO         2573    i.chassis_set_mode  chassis_task.o
    0x0800fd7e   0x0800fd7e   0x00000002   PAD
    0x0800fd80   0x0800fd80   0x0000009c   Code   RO         2574    i.chassis_task      chassis_task.o
    0x0800fe1c   0x0800fe1c   0x0000004c   Code   RO         2575    i.chassis_vector_to_mecanum_wheel_speed  chassis_task.o
    0x0800fe68   0x0800fe68   0x0000002c   Code   RO         2456    i.chassis_zero_force_control  chassis_behaviour.o
    0x0800fe94   0x0800fe94   0x00000118   Code   RO         2763    i.cmd_cali_gimbal_hook  gimbal_task.o
    0x0800ffac   0x0800ffac   0x00000030   Code   RO         1767    i.delay_init        bsp_delay.o
    0x0800ffdc   0x0800ffdc   0x00000050   Code   RO         1769    i.delay_us          bsp_delay.o
    0x0801002c   0x0801002c   0x00000124   Code   RO         2634    i.detect_hook       detect_task.o
    0x08010150   0x08010150   0x00000184   Code   RO         2635    i.detect_init       detect_task.o
    0x080102d4   0x080102d4   0x00000288   Code   RO         2636    i.detect_task       detect_task.o
    0x0801055c   0x0801055c   0x0000003a   Code   RO         4269    i.fifo_s_get        fifo.o
    0x08010596   0x08010596   0x00000016   Code   RO         4272    i.fifo_s_init       fifo.o
    0x080105ac   0x080105ac   0x000000a0   Code   RO         4278    i.fifo_s_puts       fifo.o
    0x0801064c   0x0801064c   0x00000006   Code   RO         4280    i.fifo_s_used       fifo.o
    0x08010652   0x08010652   0x00000054   Code   RO         4094    i.first_order_filter_cali  user_lib.o
    0x080106a6   0x080106a6   0x00000002   PAD
    0x080106a8   0x080106a8   0x00000024   Code   RO         4095    i.first_order_filter_init  user_lib.o
    0x080106cc   0x080106cc   0x0000002e   Code   RO         1805    i.flash_erase_address  bsp_flash.o
    0x080106fa   0x080106fa   0x00000014   Code   RO         1806    i.flash_read        bsp_flash.o
    0x0801070e   0x0801070e   0x00000002   PAD
    0x08010710   0x08010710   0x00000098   Code   RO         1808    i.flash_write_single_address  bsp_flash.o
    0x080107a8   0x080107a8   0x0000002a   Code   RO         4096    i.fp32_constrain    user_lib.o
    0x080107d2   0x080107d2   0x00000002   PAD
    0x080107d4   0x080107d4   0x0000000c   Code   RO         1862    i.fric1_on          bsp_fric.o
    0x080107e0   0x080107e0   0x0000000c   Code   RO         1863    i.fric2_on          bsp_fric.o
    0x080107ec   0x080107ec   0x000000f4   Code   RO         1809    i.ger_sector        bsp_flash.o
    0x080108e0   0x080108e0   0x00000034   Code   RO         4191    i.get_CRC16_check_sum  crc8_crc16.o
    0x08010914   0x08010914   0x00000024   Code   RO         4192    i.get_CRC8_check_sum  crc8_crc16.o
    0x08010938   0x08010938   0x00000008   Code   RO         2914    i.get_INS_angle_point  ins_task.o
    0x08010940   0x08010940   0x000000e8   Code   RO        11316    i.get_angle         AHRS.lib(ahrs.o)
    0x08010a28   0x08010a28   0x00000024   Code   RO         3390    i.get_battery_percentage  voltage_task.o
    0x08010a4c   0x08010a4c   0x00000048   Code   RO         1521    i.get_battery_voltage  bsp_adc.o
    0x08010a94   0x08010a94   0x00000018   Code   RO         2359    i.get_chassis_motor_measure_point  can_receive.o
    0x08010aac   0x08010aac   0x0000001c   Code   RO         3060    i.get_chassis_power_and_buffer  referee.o
    0x08010ac8   0x08010ac8   0x0000000c   Code   RO         2245    i.get_control_temperature  calibrate_task.o
    0x08010ad4   0x08010ad4   0x00000008   Code   RO         2637    i.get_error_list_point  detect_task.o
    0x08010adc   0x08010adc   0x00000008   Code   RO         2917    i.get_gyro_data_point  ins_task.o
    0x08010ae4   0x08010ae4   0x000000e8   Code   RO         1810    i.get_next_flash_address  bsp_flash.o
    0x08010bcc   0x08010bcc   0x00000008   Code   RO         2360    i.get_pitch_gimbal_motor_measure_point  can_receive.o
    0x08010bd4   0x08010bd4   0x00000008   Code   RO         2765    i.get_pitch_motor_point  gimbal_task.o
    0x08010bdc   0x08010bdc   0x00000008   Code   RO         3173    i.get_remote_control_point  remote_control.o
    0x08010be4   0x08010be4   0x0000000c   Code   RO         3061    i.get_robot_id      referee.o
    0x08010bf0   0x08010bf0   0x00000018   Code   RO         3062    i.get_shoot_heat0_limit_and_heat0  referee.o
    0x08010c08   0x08010c08   0x0000005c   Code   RO         1523    i.get_temprate      bsp_adc.o
    0x08010c64   0x08010c64   0x00000008   Code   RO         2361    i.get_trigger_motor_measure_point  can_receive.o
    0x08010c6c   0x08010c6c   0x00000008   Code   RO         2362    i.get_yaw_gimbal_motor_measure_point  can_receive.o
    0x08010c74   0x08010c74   0x00000008   Code   RO         2766    i.get_yaw_motor_point  gimbal_task.o
    0x08010c7c   0x08010c7c   0x000000bc   Code   RO         2767    i.gimbal_PID_calc   gimbal_task.o
    0x08010d38   0x08010d38   0x00000030   Code   RO         2768    i.gimbal_PID_clear  gimbal_task.o
    0x08010d68   0x08010d68   0x00000030   Code   RO         2769    i.gimbal_PID_init   gimbal_task.o
    0x08010d98   0x08010d98   0x000001fc   Code   RO         2677    i.gimbal_absolute_angle_control  gimbal_behaviour.o
    0x08010f94   0x08010f94   0x000000f4   Code   RO         2770    i.gimbal_absolute_angle_limit  gimbal_task.o
    0x08011088   0x08011088   0x0000008c   Code   RO         2678    i.gimbal_behaviour_control_set  gimbal_behaviour.o
    0x08011114   0x08011114   0x0000008c   Code   RO         2679    i.gimbal_behaviour_mode_set  gimbal_behaviour.o
    0x080111a0   0x080111a0   0x000001a0   Code   RO         2680    i.gimbal_behavour_set  gimbal_behaviour.o
    0x08011340   0x08011340   0x000001d0   Code   RO         2681    i.gimbal_cali_control  gimbal_behaviour.o
    0x08011510   0x08011510   0x0000002c   Code   RO         2682    i.gimbal_cmd_to_chassis_stop  gimbal_behaviour.o
    0x0801153c   0x0801153c   0x00000024   Code   RO         2683    i.gimbal_cmd_to_shoot_stop  gimbal_behaviour.o
    0x08011560   0x08011560   0x00000070   Code   RO         2771    i.gimbal_control_loop  gimbal_task.o
    0x080115d0   0x080115d0   0x0000008c   Code   RO         2772    i.gimbal_feedback_update  gimbal_task.o
    0x0801165c   0x0801165c   0x00000154   Code   RO         2773    i.gimbal_init       gimbal_task.o
    0x080117b0   0x080117b0   0x000000c4   Code   RO         2684    i.gimbal_init_control  gimbal_behaviour.o
    0x08011874   0x08011874   0x000000c0   Code   RO         2774    i.gimbal_mode_change_control_transit  gimbal_task.o
    0x08011934   0x08011934   0x00000020   Code   RO         2685    i.gimbal_motionless_control  gimbal_behaviour.o
    0x08011954   0x08011954   0x0000005c   Code   RO         2775    i.gimbal_motor_absolute_angle_control  gimbal_task.o
    0x080119b0   0x080119b0   0x00000022   Code   RO         2776    i.gimbal_motor_raw_angle_control  gimbal_task.o
    0x080119d2   0x080119d2   0x0000005e   Code   RO         2777    i.gimbal_motor_relative_angle_control  gimbal_task.o
    0x08011a30   0x08011a30   0x000000d4   Code   RO         2686    i.gimbal_relative_angle_control  gimbal_behaviour.o
    0x08011b04   0x08011b04   0x0000004a   Code   RO         2778    i.gimbal_relative_angle_limit  gimbal_task.o
    0x08011b4e   0x08011b4e   0x00000002   PAD
    0x08011b50   0x08011b50   0x000000a0   Code   RO         2779    i.gimbal_set_control  gimbal_task.o
    0x08011bf0   0x08011bf0   0x00000012   Code   RO         2780    i.gimbal_set_mode   gimbal_task.o
    0x08011c02   0x08011c02   0x00000002   PAD
    0x08011c04   0x08011c04   0x000000cc   Code   RO         2781    i.gimbal_task       gimbal_task.o
    0x08011cd0   0x08011cd0   0x00000020   Code   RO         2687    i.gimbal_zero_force_control  gimbal_behaviour.o
    0x08011cf0   0x08011cf0   0x00000054   Code   RO         2919    i.gyro_offset_calc  ins_task.o
    0x08011d44   0x08011d44   0x0000012c   Code   RO         2920    i.imu_cali_slove    ins_task.o
    0x08011e70   0x08011e70   0x00000168   Code   RO         2921    i.imu_cmd_spi_dma   ins_task.o
    0x08011fd8   0x08011fd8   0x0000000c   Code   RO         1902    i.imu_pwm_set       bsp_imu_pwm.o
    0x08011fe4   0x08011fe4   0x000000b8   Code   RO         2922    i.imu_temp_control  ins_task.o
    0x0801209c   0x0801209c   0x000000b8   Code   RO         3064    i.init_referee_struct_data  referee.o
    0x08012154   0x08012154   0x00000040   Code   RO         1524    i.init_vrefint_reciprocal  bsp_adc.o
    0x08012194   0x08012194   0x00000002   Code   RO         3844    i.ist8310_GPIO_init  ist8310driver_middleware.o
    0x08012196   0x08012196   0x00000002   PAD
    0x08012198   0x08012198   0x00000028   Code   RO         3846    i.ist8310_IIC_read_single_reg  ist8310driver_middleware.o
    0x080121c0   0x080121c0   0x00000028   Code   RO         3848    i.ist8310_IIC_write_single_reg  ist8310driver_middleware.o
    0x080121e8   0x080121e8   0x00000014   Code   RO         3849    i.ist8310_RST_H     ist8310driver_middleware.o
    0x080121fc   0x080121fc   0x00000014   Code   RO         3850    i.ist8310_RST_L     ist8310driver_middleware.o
    0x08012210   0x08012210   0x00000002   Code   RO         3851    i.ist8310_com_init  ist8310driver_middleware.o
    0x08012212   0x08012212   0x0000000c   Code   RO         3852    i.ist8310_delay_ms  ist8310driver_middleware.o
    0x0801221e   0x0801221e   0x00000002   PAD
    0x08012220   0x08012220   0x00000094   Code   RO         3812    i.ist8310_init      ist8310driver.o
    0x080122b4   0x080122b4   0x00000010   Code   RO         2000    i.laser_off         bsp_laser.o
    0x080122c4   0x080122c4   0x00000010   Code   RO         2001    i.laser_on          bsp_laser.o
    0x080122d4   0x080122d4   0x000001b0   Code   RO         3426    i.led_RGB_flow_task  led_flow_task.o
    0x08012484   0x08012484   0x00000060   Code   RO         4101    i.loop_fp32_constrain  user_lib.o
    0x080124e4   0x080124e4   0x00000080   Code   RO           15    i.main              main.o
    0x08012564   0x08012564   0x0000000e   Code   RO        10407    i.makeFreeRtosPriority  cmsis_os.o
    0x08012572   0x08012572   0x00000002   PAD
    0x08012574   0x08012574   0x00000034   Code   RO         2782    i.motor_ecd_to_angle_change  gimbal_task.o
    0x080125a8   0x080125a8   0x00000214   Code   RO         3026    i.oled_task         oled_task.o
    0x080127bc   0x080127bc   0x00000030   Code   RO         3496    i.oled_write_byte   oled.o
    0x080127ec   0x080127ec   0x00000018   Code   RO        10409    i.osDelay           cmsis_os.o
    0x08012804   0x08012804   0x0000000a   Code   RO        10412    i.osKernelStart     cmsis_os.o
    0x0801280e   0x0801280e   0x0000005e   Code   RO        10446    i.osThreadCreate    cmsis_os.o
    0x0801286c   0x0801286c   0x00000030   Code   RO         9904    i.pcTaskGetName     tasks.o
    0x0801289c   0x0801289c   0x000000a4   Code   RO         9905    i.prvAddCurrentTaskToDelayedList  tasks.o
    0x08012940   0x08012940   0x000000b4   Code   RO         9906    i.prvAddNewTaskToReadyList  tasks.o
    0x080129f4   0x080129f4   0x00000074   Code   RO        10254    i.prvCheckForValidListAndQueue  timers.o
    0x08012a68   0x08012a68   0x00000048   Code   RO         9907    i.prvCheckTasksWaitingTermination  tasks.o
    0x08012ab0   0x08012ab0   0x0000002a   Code   RO         9567    i.prvCopyDataFromQueue  queue.o
    0x08012ada   0x08012ada   0x0000007c   Code   RO         9568    i.prvCopyDataToQueue  queue.o
    0x08012b56   0x08012b56   0x00000050   Code   RO         9908    i.prvDeleteTCB      tasks.o
    0x08012ba6   0x08012ba6   0x00000002   PAD
    0x08012ba8   0x08012ba8   0x00000028   Code   RO        10255    i.prvGetNextExpireTime  timers.o
    0x08012bd0   0x08012bd0   0x0000007c   Code   RO        10786    i.prvHeapInit       heap_4.o
    0x08012c4c   0x08012c4c   0x00000028   Code   RO         9909    i.prvIdleTask       tasks.o
    0x08012c74   0x08012c74   0x00000026   Code   RO         9571    i.prvInitialiseNewQueue  queue.o
    0x08012c9a   0x08012c9a   0x000000b8   Code   RO         9910    i.prvInitialiseNewTask  tasks.o
    0x08012d52   0x08012d52   0x00000002   PAD
    0x08012d54   0x08012d54   0x00000068   Code   RO         9911    i.prvInitialiseTaskLists  tasks.o
    0x08012dbc   0x08012dbc   0x00000068   Code   RO        10787    i.prvInsertBlockIntoFreeList  heap_4.o
    0x08012e24   0x08012e24   0x00000058   Code   RO        10257    i.prvInsertTimerInActiveList  timers.o
    0x08012e7c   0x08012e7c   0x0000001a   Code   RO         9572    i.prvIsQueueEmpty   queue.o
    0x08012e96   0x08012e96   0x0000001e   Code   RO         9573    i.prvIsQueueFull    queue.o
    0x08012eb4   0x08012eb4   0x00000064   Code   RO        10258    i.prvProcessExpiredTimer  timers.o
    0x08012f18   0x08012f18   0x00000128   Code   RO        10259    i.prvProcessReceivedCommands  timers.o
    0x08013040   0x08013040   0x00000074   Code   RO        10260    i.prvProcessTimerOrBlockTask  timers.o
    0x080130b4   0x080130b4   0x00000034   Code   RO         9912    i.prvResetNextTaskUnblockTime  tasks.o
    0x080130e8   0x080130e8   0x0000002c   Code   RO        10261    i.prvSampleTimeNow  timers.o
    0x08013114   0x08013114   0x0000009e   Code   RO         9913    i.prvSearchForNameWithinSingleList  tasks.o
    0x080131b2   0x080131b2   0x00000002   PAD
    0x080131b4   0x080131b4   0x000000a0   Code   RO        10262    i.prvSwitchTimerLists  timers.o
    0x08013254   0x08013254   0x00000016   Code   RO         9914    i.prvTaskCheckFreeStackSpace  tasks.o
    0x0801326a   0x0801326a   0x00000002   PAD
    0x0801326c   0x0801326c   0x00000040   Code   RO        10836    i.prvTaskExitError  port.o
    0x080132ac   0x080132ac   0x0000001a   Code   RO        10263    i.prvTimerTask      timers.o
    0x080132c6   0x080132c6   0x0000007e   Code   RO         9574    i.prvUnlockQueue    queue.o
    0x08013344   0x08013344   0x0000013c   Code   RO        10788    i.pvPortMalloc      heap_4.o
    0x08013480   0x08013480   0x0000002c   Code   RO        10837    i.pxPortInitialiseStack  port.o
    0x080134ac   0x080134ac   0x00000084   Code   RO        11321    i.quat_normalization  AHRS.lib(ahrs.o)
    0x08013530   0x08013530   0x0000005a   Code   RO         4102    i.ramp_calc         user_lib.o
    0x0801358a   0x0801358a   0x00000002   PAD
    0x0801358c   0x0801358c   0x0000002c   Code   RO         4103    i.ramp_init         user_lib.o
    0x080135b8   0x080135b8   0x00000180   Code   RO         3065    i.referee_data_solve  referee.o
    0x08013738   0x08013738   0x0000014c   Code   RO         3128    i.referee_unpack_fifo_data  referee_usart_task.o
    0x08013884   0x08013884   0x00000038   Code   RO         3129    i.referee_usart_task  referee_usart_task.o
    0x080138bc   0x080138bc   0x00000014   Code   RO         3174    i.remote_control_init  remote_control.o
    0x080138d0   0x080138d0   0x000000da   Code   RO         3175    i.sbus_to_rc        remote_control.o
    0x080139aa   0x080139aa   0x00000002   PAD
    0x080139ac   0x080139ac   0x0000003c   Code   RO         2212    i.servo_pwm_set     bsp_servo_pwm.o
    0x080139e8   0x080139e8   0x000000b0   Code   RO         3453    i.servo_task        servo_task.o
    0x08013a98   0x08013a98   0x00000020   Code   RO         2783    i.set_cali_gimbal_hook  gimbal_task.o
    0x08013ab8   0x08013ab8   0x000000a4   Code   RO         3245    i.shoot_bullet_control  shoot.o
    0x08013b5c   0x08013b5c   0x000001b4   Code   RO         3246    i.shoot_control_loop  shoot.o
    0x08013d10   0x08013d10   0x00000234   Code   RO         3247    i.shoot_feedback_update  shoot.o
    0x08013f44   0x08013f44   0x000000d4   Code   RO         3248    i.shoot_init        shoot.o
    0x08014018   0x08014018   0x00000204   Code   RO         3249    i.shoot_set_mode    shoot.o
    0x0801421c   0x0801421c   0x0000003e   Code   RO        11712    i.sqrtf             m_wm.l(sqrtf_full.o)
    0x0801425a   0x0801425a   0x00000002   PAD
    0x0801425c   0x0801425c   0x0000008c   Code   RO         3301    i.test_task         test_task.o
    0x080142e8   0x080142e8   0x00000018   Code   RO         2638    i.toe_is_error      detect_task.o
    0x08014300   0x08014300   0x000000cc   Code   RO         3250    i.trigger_motor_turn_back  shoot.o
    0x080143cc   0x080143cc   0x00000074   Code   RO         9917    i.ulTaskNotifyTake  tasks.o
    0x08014440   0x08014440   0x0000007a   Code   RO        11322    i.update_w          AHRS.lib(ahrs.o)
    0x080144ba   0x080144ba   0x00000002   PAD
    0x080144bc   0x080144bc   0x00000138   Code   RO         2171    i.usart6_init       bsp_usart.o
    0x080145f4   0x080145f4   0x00000038   Code   RO         3335    i.usb_printf        usb_task.o
    0x0801462c   0x0801462c   0x00000134   Code   RO         3336    i.usb_task          usb_task.o
    0x08014760   0x08014760   0x00000028   Code   RO         9527    i.uxListRemove      list.o
    0x08014788   0x08014788   0x00000028   Code   RO         9919    i.uxTaskGetStackHighWaterMark  tasks.o
    0x080147b0   0x080147b0   0x00000018   Code   RO          536    i.vApplicationGetIdleTaskMemory  freertos.o
    0x080147c8   0x080147c8   0x00000018   Code   RO          537    i.vApplicationGetTimerTaskMemory  freertos.o
    0x080147e0   0x080147e0   0x0000001a   Code   RO         9528    i.vListInitialise   list.o
    0x080147fa   0x080147fa   0x00000006   Code   RO         9529    i.vListInitialiseItem  list.o
    0x08014800   0x08014800   0x00000034   Code   RO         9530    i.vListInsert       list.o
    0x08014834   0x08014834   0x00000018   Code   RO         9531    i.vListInsertEnd    list.o
    0x0801484c   0x0801484c   0x00000054   Code   RO        10839    i.vPortEnterCritical  port.o
    0x080148a0   0x080148a0   0x0000003c   Code   RO        10840    i.vPortExitCritical  port.o
    0x080148dc   0x080148dc   0x00000094   Code   RO        10789    i.vPortFree         heap_4.o
    0x08014970   0x08014970   0x00000028   Code   RO        10841    i.vPortSetupTimerInterrupt  port.o
    0x08014998   0x08014998   0x00000078   Code   RO        10842    i.vPortValidateInterruptPriority  port.o
    0x08014a10   0x08014a10   0x0000002c   Code   RO         9578    i.vQueueAddToRegistry  queue.o
    0x08014a3c   0x08014a3c   0x0000004a   Code   RO         9581    i.vQueueWaitForMessageRestricted  queue.o
    0x08014a86   0x08014a86   0x00000002   PAD
    0x08014a88   0x08014a88   0x0000005c   Code   RO         9923    i.vTaskDelay        tasks.o
    0x08014ae4   0x08014ae4   0x00000018   Code   RO         9927    i.vTaskInternalSetTimeOutState  tasks.o
    0x08014afc   0x08014afc   0x0000000c   Code   RO         9928    i.vTaskMissedYield  tasks.o
    0x08014b08   0x08014b08   0x000000f0   Code   RO         9929    i.vTaskNotifyGiveFromISR  tasks.o
    0x08014bf8   0x08014bf8   0x00000038   Code   RO         9930    i.vTaskPlaceOnEventList  tasks.o
    0x08014c30   0x08014c30   0x00000040   Code   RO         9931    i.vTaskPlaceOnEventListRestricted  tasks.o
    0x08014c70   0x08014c70   0x000000b8   Code   RO         9938    i.vTaskStartScheduler  tasks.o
    0x08014d28   0x08014d28   0x00000010   Code   RO         9940    i.vTaskSuspendAll   tasks.o
    0x08014d38   0x08014d38   0x0000008c   Code   RO         9941    i.vTaskSwitchContext  tasks.o
    0x08014dc4   0x08014dc4   0x00000040   Code   RO         4193    i.verify_CRC16_check_sum  crc8_crc16.o
    0x08014e04   0x08014e04   0x0000002e   Code   RO         4194    i.verify_CRC8_check_sum  crc8_crc16.o
    0x08014e32   0x08014e32   0x00000002   PAD
    0x08014e34   0x08014e34   0x00000168   Code   RO        10843    i.xPortStartScheduler  port.o
    0x08014f9c   0x08014f9c   0x00000034   Code   RO        10844    i.xPortSysTickHandler  port.o
    0x08014fd0   0x08014fd0   0x000000de   Code   RO         9585    i.xQueueGenericCreateStatic  queue.o
    0x080150ae   0x080150ae   0x00000002   PAD
    0x080150b0   0x080150b0   0x00000098   Code   RO         9586    i.xQueueGenericReset  queue.o
    0x08015148   0x08015148   0x000001a8   Code   RO         9587    i.xQueueGenericSend  queue.o
    0x080152f0   0x080152f0   0x000000f8   Code   RO         9588    i.xQueueGenericSendFromISR  queue.o
    0x080153e8   0x080153e8   0x00000168   Code   RO         9596    i.xQueueReceive     queue.o
    0x08015550   0x08015550   0x000000a8   Code   RO         9943    i.xTaskCheckForTimeOut  tasks.o
    0x080155f8   0x080155f8   0x00000064   Code   RO         9944    i.xTaskCreate       tasks.o
    0x0801565c   0x0801565c   0x000000b8   Code   RO         9945    i.xTaskCreateStatic  tasks.o
    0x08015714   0x08015714   0x000000a4   Code   RO         9949    i.xTaskGetHandle    tasks.o
    0x080157b8   0x080157b8   0x00000020   Code   RO         9950    i.xTaskGetSchedulerState  tasks.o
    0x080157d8   0x080157d8   0x0000000c   Code   RO         9951    i.xTaskGetTickCount  tasks.o
    0x080157e4   0x080157e4   0x00000148   Code   RO         9953    i.xTaskIncrementTick  tasks.o
    0x0801592c   0x0801592c   0x000000c8   Code   RO         9956    i.xTaskPriorityDisinherit  tasks.o
    0x080159f4   0x080159f4   0x00000098   Code   RO         9958    i.xTaskRemoveFromEventList  tasks.o
    0x08015a8c   0x08015a8c   0x00000104   Code   RO         9959    i.xTaskResumeAll    tasks.o
    0x08015b90   0x08015b90   0x00000078   Code   RO        10268    i.xTimerCreateTimerTask  timers.o
    0x08015c08   0x08015c08   0x00000084   Code   RO        10269    i.xTimerGenericCommand  timers.o
    0x08015c8c   0x08015c8c   0x00000068   Code   RO         2784    i.yaw_gimbal_relative_angle_limit  gimbal_task.o
    0x08015cf4   0x08015cf4   0x0000002c   Code   RO        12060    locale$$code        c_w.l(lc_numeric_c.o)
    0x08015d20   0x08015d20   0x0000002c   Code   RO        12095    locale$$code        c_w.l(lc_ctype_c.o)
    0x08015d4c   0x08015d4c   0x000002c4   Code   RO        11642    x$fpl$d2f           g_wm.l(d2f_clz.o)
    0x08016010   0x08016010   0x0000024c   Code   RO        11644    x$fpl$dadd          g_wm.l(daddsub_clz.o)
    0x0801625c   0x0801625c   0x00000018   Code   RO        11894    x$fpl$dcmpinf       g_wm.l(dcmpi.o)
    0x08016274   0x08016274   0x0000001a   Code   RO        11898    x$fpl$dfltn         g_wm.l(dflt_clz.o)
    0x0801628e   0x0801628e   0x00000002   PAD
    0x08016290   0x08016290   0x00000078   Code   RO        11650    x$fpl$dleqf         g_wm.l(dleqf.o)
    0x08016308   0x08016308   0x00000102   Code   RO        11902    x$fpl$dnaninf       g_wm.l(dnaninf.o)
    0x0801640a   0x0801640a   0x00000070   Code   RO        12010    x$fpl$drenorm       g_wm.l(drenorm_clz.o)
    0x0801647a   0x0801647a   0x0000000c   Code   RO        11904    x$fpl$dretinf       g_wm.l(dretinf.o)
    0x08016486   0x08016486   0x00000062   Code   RO        11652    x$fpl$drleqf        g_wm.l(drleqf.o)
    0x080164e8   0x080164e8   0x0000029c   Code   RO        11646    x$fpl$dsub          g_wm.l(daddsub_clz.o)
    0x08016784   0x08016784   0x0000017a   Code   RO        11906    x$fpl$dunder        g_wm.l(dunder_clz.o)
    0x080168fe   0x080168fe   0x00000002   PAD
    0x08016900   0x08016900   0x000001ec   Code   RO        11908    x$fpl$exception     g_wm.l(except.o)
    0x08016aec   0x08016aec   0x0000007a   Code   RO        11654    x$fpl$f2d           g_wm.l(f2d.o)
    0x08016b66   0x08016b66   0x000000f2   Code   RO        11910    x$fpl$fnaninf       g_wm.l(fnaninf.o)
    0x08016c58   0x08016c58   0x0000000a   Code   RO        12012    x$fpl$fpinit        g_wm.l(fpinit.o)
    0x08016c62   0x08016c62   0x0000000a   Code   RO        11912    x$fpl$fretinf       g_wm.l(fretinf.o)
    0x08016c6c   0x08016c6c   0x0000013c   Code   RO        11914    x$fpl$funder        g_wm.l(funder_clz.o)
    0x08016da8   0x08016da8   0x00000020   Code   RO        12082    x$fpl$ieeestatus    g_wm.l(istatus.o)
    0x08016dc8   0x08016dc8   0x00000004   Code   RO        11916    x$fpl$printf1       g_wm.l(printf1.o)
    0x08016dcc   0x08016dcc   0x00000004   Code   RO        11918    x$fpl$printf2       g_wm.l(printf2.o)
    0x08016dd0   0x08016dd0   0x000000b2   Code   RO        12014    x$fpl$retnan        g_wm.l(retnan.o)
    0x08016e82   0x08016e82   0x0000007e   Code   RO        11924    x$fpl$trapveneer    g_wm.l(trapv.o)
    0x08016f00   0x08016f00   0x00000000   Code   RO        11926    x$fpl$usenofp       g_wm.l(usenofp.o)
    0x08016f00   0x08016f00   0x00000150   Data   RO          539    .constdata          freertos.o
    0x08017050   0x08017050   0x00000018   Data   RO         1485    .constdata          system_stm32f4xx.o
    0x08017068   0x08017068   0x0000000f   Data   RO         2248    .constdata          calibrate_task.o
    0x08017077   0x08017077   0x00000001   PAD
    0x08017078   0x08017078   0x00000020   Data   RO         2577    .constdata          chassis_task.o
    0x08017098   0x08017098   0x00000054   Data   RO         2640    .constdata          detect_task.o
    0x080170ec   0x080170ec   0x00000018   Data   RO         2786    .constdata          gimbal_task.o
    0x08017104   0x08017104   0x00000018   Data   RO         2924    .constdata          ins_task.o
    0x0801711c   0x0801711c   0x00001164   Data   RO         3027    .constdata          oled_task.o
    0x08018280   0x08018280   0x00000018   Data   RO         3252    .constdata          shoot.o
    0x08018298   0x08018298   0x0000000e   Data   RO         3338    .constdata          usb_task.o
    0x080182a6   0x080182a6   0x00000008   Data   RO         3454    .constdata          servo_task.o
    0x080182ae   0x080182ae   0x00000002   PAD
    0x080182b0   0x080182b0   0x0000115c   Data   RO         3498    .constdata          oled.o
    0x0801940c   0x0801940c   0x00000012   Data   RO         3624    .constdata          bmi088driver.o
    0x0801941e   0x0801941e   0x0000000c   Data   RO         3815    .constdata          ist8310driver.o
    0x0801942a   0x0801942a   0x00000302   Data   RO         4195    .constdata          crc8_crc16.o
    0x0801972c   0x0801972c   0x00000008   Data   RO         5657    .constdata          stm32f4xx_hal_dma.o
    0x08019734   0x08019734   0x0000000c   Data   RO        11323    .constdata          AHRS.lib(ahrs.o)
    0x08019740   0x08019740   0x00000804   Data   RO        11533    .constdata          arm_cortexM4lf_math.lib(arm_common_tables.o)
    0x08019f44   0x08019f44   0x00000008   Data   RO        11773    .constdata          c_w.l(_printf_wctomb.o)
    0x08019f4c   0x08019f4c   0x00000028   Data   RO        11802    .constdata          c_w.l(_printf_hex_int_ll_ptr.o)
    0x08019f74   0x08019f74   0x00000011   Data   RO        11822    .constdata          c_w.l(__printf_flags_ss_wp.o)
    0x08019f85   0x08019f85   0x00000026   Data   RO        11990    .constdata          c_w.l(_printf_fp_hex.o)
    0x08019fab   0x08019fab   0x00000001   PAD
    0x08019fac   0x08019fac   0x00000094   Data   RO        12035    .constdata          c_w.l(bigflt0.o)
    0x0801a040   0x0801a040   0x00000069   Data   RO          540    .conststring        freertos.o
    0x0801a0a9   0x0801a0a9   0x00000003   PAD
    0x0801a0ac   0x0801a0ac   0x00000122   Data   RO         3339    .conststring        usb_task.o
    0x0801a1ce   0x0801a1ce   0x00000002   PAD
    0x0801a1d0   0x0801a1d0   0x00000020   Data   RO        12151    Region$$Table       anon$$obj.o
    0x0801a1f0   0x0801a1f0   0x0000001c   Data   RO        12059    locale$$data        c_w.l(lc_numeric_c.o)
    0x0801a20c   0x0801a20c   0x00000110   Data   RO        12094    locale$$data        c_w.l(lc_ctype_c.o)


    Execution Region RW_IRAM1 (Exec base: 0x20000000, Load base: 0x0801a31c, Size: 0x0000e6d8, Max: 0x00020000, ABSOLUTE, COMPRESSED[0x00000180])

    Exec Addr    Load Addr    Size         Type   Attr      Idx    E Section Name        Object

    0x20000000   COMPRESSED   0x00000004   Data   RW          424    .data               can.o
    0x20000004   COMPRESSED   0x00000008   Data   RW          471    .data               crc.o
    0x2000000c   COMPRESSED   0x00000030   Data   RW          541    .data               freertos.o
    0x2000003c   COMPRESSED   0x0000004e   Data   RW         1191    .data               usbd_desc.o
    0x2000008a   COMPRESSED   0x00000002   PAD
    0x2000008c   COMPRESSED   0x00000010   Data   RW         1277    .data               usbd_cdc_if.o
    0x2000009c   COMPRESSED   0x00000004   Data   RW         1486    .data               system_stm32f4xx.o
    0x200000a0   COMPRESSED   0x00000004   Data   RW         1526    .data               bsp_adc.o
    0x200000a4   COMPRESSED   0x00000008   Data   RW         1770    .data               bsp_delay.o
    0x200000ac   COMPRESSED   0x00000010   Data   RW         1811    .data               bsp_flash.o
    0x200000bc   COMPRESSED   0x00000008   Data   RW         2035    .data               bsp_led.o
    0x200000c4   COMPRESSED   0x00000054   Data   RW         2249    .data               calibrate_task.o
    0x20000118   COMPRESSED   0x00000011   Data   RW         2364    .data               can_receive.o
    0x20000129   COMPRESSED   0x00000003   PAD
    0x2000012c   COMPRESSED   0x0000000a   Data   RW         2457    .data               chassis_behaviour.o
    0x20000136   COMPRESSED   0x00000002   PAD
    0x20000138   COMPRESSED   0x00000008   Data   RW         2578    .data               chassis_task.o
    0x20000140   COMPRESSED   0x00000009   Data   RW         2641    .data               detect_task.o
    0x20000149   COMPRESSED   0x00000003   PAD
    0x2000014c   COMPRESSED   0x0000001c   Data   RW         2688    .data               gimbal_behaviour.o
    0x20000168   COMPRESSED   0x00000014   Data   RW         2787    .data               gimbal_task.o
    0x2000017c   COMPRESSED   0x000000a0   Data   RW         2925    .data               ins_task.o
    0x2000021c   COMPRESSED   0x00000017   Data   RW         3028    .data               oled_task.o
    0x20000233   COMPRESSED   0x00000026   Data   RW         3067    .data               referee.o
    0x20000259   COMPRESSED   0x00000001   PAD
    0x2000025a   COMPRESSED   0x00000002   Data   RW         3131    .data               referee_usart_task.o
    0x2000025c   COMPRESSED   0x00000003   Data   RW         3180    .data               remote_control.o
    0x2000025f   COMPRESSED   0x00000001   PAD
    0x20000260   COMPRESSED   0x00000012   Data   RW         3253    .data               shoot.o
    0x20000272   COMPRESSED   0x00000002   PAD
    0x20000274   COMPRESSED   0x0000000a   Data   RW         3302    .data               test_task.o
    0x2000027e   COMPRESSED   0x00000002   PAD
    0x20000280   COMPRESSED   0x00000008   Data   RW         3340    .data               usb_task.o
    0x20000288   COMPRESSED   0x00000008   Data   RW         3391    .data               voltage_task.o
    0x20000290   COMPRESSED   0x0000001c   Data   RW         3427    .data               led_flow_task.o
    0x200002ac   COMPRESSED   0x0000000c   Data   RW         3455    .data               servo_task.o
    0x200002b8   COMPRESSED   0x00000008   Data   RW         3499    .data               oled.o
    0x200002c0   COMPRESSED   0x0000002c   Data   RW         3625    .data               bmi088driver.o
    0x200002ec   COMPRESSED   0x00000002   Data   RW         4196    .data               crc8_crc16.o
    0x200002ee   COMPRESSED   0x00000002   PAD
    0x200002f0   COMPRESSED   0x00000009   Data   RW         6089    .data               stm32f4xx_hal.o
    0x200002f9   COMPRESSED   0x00000003   PAD
    0x200002fc   COMPRESSED   0x0000003c   Data   RW         9962    .data               tasks.o
    0x20000338   COMPRESSED   0x00000014   Data   RW        10277    .data               timers.o
    0x2000034c   COMPRESSED   0x00000018   Data   RW        10794    .data               heap_4.o
    0x20000364   COMPRESSED   0x0000000c   Data   RW        10845    .data               port.o
    0x20000370   COMPRESSED   0x00000001   Data   RW        11067    .data               usbd_ctlreq.o
    0x20000371   COMPRESSED   0x00000003   PAD
    0x20000374   COMPRESSED   0x0000010f   Data   RW        11223    .data               usbd_cdc.o
    0x20000483   COMPRESSED   0x00000001   PAD
    0x20000484   COMPRESSED   0x00000010   Data   RW        11324    .data               AHRS.lib(ahrs.o)
    0x20000494        -       0x00000090   Zero   RW          375    .bss                adc.o
    0x20000524        -       0x00000050   Zero   RW          423    .bss                can.o
    0x20000574        -       0x000006a8   Zero   RW          538    .bss                freertos.o
    0x20000c1c        -       0x0000015c   Zero   RW          598    .bss                i2c.o
    0x20000d78        -       0x00000010   Zero   RW          650    .bss                rng.o
    0x20000d88        -       0x00000020   Zero   RW          692    .bss                rtc.o
    0x20000da8        -       0x00000170   Zero   RW          735    .bss                spi.o
    0x20000f18        -       0x00000180   Zero   RW          815    .bss                tim.o
    0x20001098        -       0x000002a0   Zero   RW          889    .bss                usart.o
    0x20001338        -       0x0000029c   Zero   RW          939    .bss                usb_device.o
    0x200015d4        -       0x00000408   Zero   RW         1015    .bss                usbd_conf.o
    0x200019dc        -       0x00000200   Zero   RW         1190    .bss                usbd_desc.o
    0x20001bdc        -       0x00001000   Zero   RW         1276    .bss                usbd_cdc_if.o
    0x20002bdc        -       0x00000010   Zero   RW         1525    .bss                bsp_adc.o
    0x20002bec        -       0x00000115   Zero   RW         2247    .bss                calibrate_task.o
    0x20002d01   COMPRESSED   0x00000003   PAD
    0x20002d04        -       0x00000078   Zero   RW         2363    .bss                can_receive.o
    0x20002d7c        -       0x0000022c   Zero   RW         2576    .bss                chassis_task.o
    0x20002fa8        -       0x0000021c   Zero   RW         2639    .bss                detect_task.o
    0x200031c4        -       0x000001e8   Zero   RW         2785    .bss                gimbal_task.o
    0x200033ac        -       0x00000134   Zero   RW         2923    .bss                ins_task.o
    0x200034e0        -       0x00000055   Zero   RW         3066    .bss                referee.o
    0x20003535   COMPRESSED   0x00000003   PAD
    0x20003538        -       0x000008a1   Zero   RW         3130    .bss                referee_usart_task.o
    0x20003dd9        -       0x00000072   Zero   RW         3179    .bss                remote_control.o
    0x20003e4b   COMPRESSED   0x00000001   PAD
    0x20003e4c        -       0x000000b0   Zero   RW         3251    .bss                shoot.o
    0x20003efc        -       0x00000100   Zero   RW         3337    .bss                usb_task.o
    0x20003ffc        -       0x00000417   Zero   RW         3497    .bss                oled.o
    0x20004413   COMPRESSED   0x00000001   PAD
    0x20004414        -       0x00000020   Zero   RW         5311    .bss                stm32f4xx_hal_flash.o
    0x20004434        -       0x00000040   Zero   RW         9599    .bss                queue.o
    0x20004474        -       0x000000f0   Zero   RW         9961    .bss                tasks.o
    0x20004564        -       0x00000110   Zero   RW        10276    .bss                timers.o
    0x20004674        -       0x00006000   Zero   RW        10793    .bss                heap_4.o
    0x2000a674        -       0x00000060   Zero   RW        11949    .bss                c_w.l(libspace.o)
    0x2000a6d4   COMPRESSED   0x00000004   PAD
    0x2000a6d8        -       0x00002000   Zero   RW            2    HEAP                startup_stm32f407xx.o
    0x2000c6d8        -       0x00002000   Zero   RW            1    STACK               startup_stm32f407xx.o


==============================================================================

Image component sizes


      Code (inc. data)   RO Data    RW Data    ZI Data      Debug   Object Name

       396         42          0          0        144       2282   adc.o
       168          4          0          0          0       5408   ahrs_middleware.o
      2338         40         18         44          0      10523   bmi088driver.o
       140         28          0          0          0       4780   bmi088middleware.o
       288         44          0          4         16     629292   bsp_adc.o
        36         10          0          0          0        977   bsp_buzzer.o
        92          8          0          0          0        582   bsp_can.o
       128         20          0          8          0       1312   bsp_delay.o
       694        108          0         16          0       4037   bsp_flash.o
        24          8          0          0          0        958   bsp_fric.o
      1260        100          0          0          0       5793   bsp_i2c.o
        12          4          0          0          0        494   bsp_imu_pwm.o
        32         10          0          0          0        895   bsp_laser.o
       104         22          0          8          0        584   bsp_led.o
       260         28          0          0          0       1947   bsp_rc.o
        60          8          0          0          0        572   bsp_servo_pwm.o
       712         40          0          0          0       1430   bsp_spi.o
       312         26          0          0          0       1238   bsp_usart.o
      2062        108         15         84        277      17770   calibrate_task.o
       488         44          0          4         80       2358   can.o
       496         72          0         17        120       7732   can_receive.o
       828         60          0         10          0      15019   chassis_behaviour.o
       452         24          0          0          0       1884   chassis_power_control.o
      2242        126         32          8        556       8012   chassis_task.o
       142          0          0          0          0      21963   cmsis_os.o
        84         18          0          8          0       1439   crc.o
       198         16        770          2          0       3697   crc8_crc16.o
      1360         50         84          9        540       3821   detect_task.o
       200          6          0          0          0        830   dma.o
         0          0          0          0          0      17840   event_groups.o
       258          0          0          0          0       9147   fifo.o
       396         74        441         48       1704       3921   freertos.o
      2220        182          0         28          0       9039   gimbal_behaviour.o
      2884        142         24         20        488      18169   gimbal_task.o
       596         30          0          0          0       1303   gpio.o
       692         62          0         24      24576       4755   heap_4.o
       700         80          0          0        348       3020   i2c.o
      2304        304         24        160        308      12256   ins_task.o
       148          6         12          0          0       1443   ist8310driver.o
       136         22          0          0          0       3951   ist8310driver_middleware.o
       432         10          0         28          0       1641   led_flow_task.o
       148          0          0          0          0       3550   list.o
       342         14          0          0          0     796288   main.o
      1108         56       4444          8       1047      10823   oled.o
       532         42       4452         23          0       2942   oled_task.o
       668         12          0          0          0       2410   pid.o
      1014         92          0         12          0      11993   port.o
      1910         20          0          0         64      14576   queue.o
       632        160          0         38         85       9027   referee.o
       684         50          0          2       2209       3940   referee_usart_task.o
       550         36          0          3        114       3684   remote_control.o
        84         18          0          0         16       1439   rng.o
        76         16          0          0         32       1387   rtc.o
       176         14          8         12          0       1670   servo_task.o
      2096        152         24         18        176       4962   shoot.o
       604         54          0          0        368       2524   spi.o
        64         26        392          0      16384        840   startup_stm32f407xx.o
       212         36          0          9          0       4529   stm32f4xx_hal.o
      1370         54          0          0          0       5086   stm32f4xx_hal_adc.o
      2136          6          0          0          0      14219   stm32f4xx_hal_can.o
       304         22          0          0          0      34435   stm32f4xx_hal_cortex.o
        36          0          0          0          0       1031   stm32f4xx_hal_crc.o
      1074         16          8          0          0       4515   stm32f4xx_hal_dma.o
       636         64          0          0         32       5918   stm32f4xx_hal_flash.o
       432         26          0          0          0       3234   stm32f4xx_hal_flash_ex.o
       568         50          0          0          0       3598   stm32f4xx_hal_gpio.o
      3312         60          0          0          0      13604   stm32f4xx_hal_i2c.o
        84          6          0          0          0        826   stm32f4xx_hal_msp.o
      3242         18          0          0          0      12833   stm32f4xx_hal_pcd.o
        90          0          0          0          0       2417   stm32f4xx_hal_pcd_ex.o
      1732         84          0          0          0       5500   stm32f4xx_hal_rcc.o
       416         20          0          0          0       1400   stm32f4xx_hal_rcc_ex.o
        52          0          0          0          0       1059   stm32f4xx_hal_rng.o
       336          4          0          0          0       2596   stm32f4xx_hal_rtc.o
       970          8          0          0          0       4481   stm32f4xx_hal_spi.o
      1572         90          0          0          0      12727   stm32f4xx_hal_tim.o
       200          0          0          0          0       2092   stm32f4xx_hal_tim_ex.o
      1678         12          0          0          0       7743   stm32f4xx_hal_uart.o
       208         48          0          0          0       9029   stm32f4xx_it.o
      3696        112          0          0          0      22498   stm32f4xx_ll_usb.o
       100         18         24          4          0       1143   system_stm32f4xx.o
      3688        418          0         60        240      30441   tasks.o
       264         28          0         10          0       1980   test_task.o
      1924        156          0          0        384       6575   tim.o
      1238        124          0         20        272      27003   timers.o
      1016         94          0          0        672       3499   usart.o
        76         16          0          0        668       2467   usb_device.o
       364         24        304          8        256       2546   usb_task.o
       964         24          0        271          0      13398   usbd_cdc.o
       192         22          0         16       4096       3484   usbd_cdc_if.o
       990         18          0          0       1032      15572   usbd_conf.o
       886          0          0          0          0      12893   usbd_core.o
      1944         28          0          1          0      11000   usbd_ctlreq.o
       386        122          0         78        512       6569   usbd_desc.o
       174          0          0          0          0       4684   usbd_ioreq.o
       440          8          0          0          0       4951   user_lib.o
       336         72          0          8          0       2037   voltage_task.o

    ----------------------------------------------------------------------
     76502       4656      11116       1156      57824    2041781   Object Totals
         0          0         32          0          0          0   (incl. Generated)
       102          0          8         25          8          0   (incl. Padding)

    ----------------------------------------------------------------------

      Code (inc. data)   RO Data    RW Data    ZI Data      Debug   Library Member Name

      2718         84         12         16          0       9922   ahrs.o
         0          0       2052          0          0       4636   arm_common_tables.o
       120         12          0          0          0      16970   arm_cos_f32.o
       116         12          0          0          0        658   arm_sin_f32.o
        90          0          0          0          0          0   __dczerorl2.o
         8          0          0          0          0         68   __main.o
       392          4         17          0          0         92   __printf_flags_ss_wp.o
        14          0          0          0          0         68   __printf_wp.o
         0          0          0          0          0          0   __rtentry.o
        12          0          0          0          0          0   __rtentry2.o
         6          0          0          0          0          0   __rtentry4.o
        52          8          0          0          0          0   __scatter.o
        28          0          0          0          0          0   __scatter_zi.o
        48          4          0          0          0         84   _fptrap.o
         6          0          0          0          0          0   _printf_a.o
         6          0          0          0          0          0   _printf_c.o
        44          0          0          0          0        108   _printf_char.o
        48          6          0          0          0         96   _printf_char_common.o
        40          0          0          0          0         68   _printf_charcount.o
         6          0          0          0          0          0   _printf_d.o
       120         16          0          0          0         92   _printf_dec.o
         6          0          0          0          0          0   _printf_e.o
         6          0          0          0          0          0   _printf_f.o
      1054          0          0          0          0        216   _printf_fp_dec.o
       764          8         38          0          0        100   _printf_fp_hex.o
       128         16          0          0          0         84   _printf_fp_infnan.o
         6          0          0          0          0          0   _printf_g.o
       148          4         40          0          0        160   _printf_hex_int_ll_ptr.o
         6          0          0          0          0          0   _printf_i.o
       178          0          0          0          0         88   _printf_intcommon.o
        10          0          0          0          0          0   _printf_l.o
         6          0          0          0          0          0   _printf_lc.o
        10          0          0          0          0          0   _printf_ll.o
         6          0          0          0          0          0   _printf_lld.o
         6          0          0          0          0          0   _printf_lli.o
         6          0          0          0          0          0   _printf_llo.o
         6          0          0          0          0          0   _printf_llu.o
         6          0          0          0          0          0   _printf_llx.o
       124         16          0          0          0         92   _printf_longlong_dec.o
         6          0          0          0          0          0   _printf_ls.o
         6          0          0          0          0          0   _printf_n.o
         6          0          0          0          0          0   _printf_o.o
       112         10          0          0          0        124   _printf_oct_int_ll.o
         6          0          0          0          0          0   _printf_p.o
        78          0          0          0          0        108   _printf_pad.o
         0          0          0          0          0          0   _printf_percent.o
         4          0          0          0          0          0   _printf_percent_end.o
         6          0          0          0          0          0   _printf_s.o
        82          0          0          0          0         80   _printf_str.o
        36          0          0          0          0         84   _printf_truncate.o
         6          0          0          0          0          0   _printf_u.o
        44          0          0          0          0        108   _printf_wchar.o
       188          6          8          0          0         92   _printf_wctomb.o
         6          0          0          0          0          0   _printf_x.o
        22          0          0          0          0        100   _rserrno.o
        10          0          0          0          0         68   _sputc.o
        64          0          0          0          0         92   _wcrtomb.o
        16          0          0          0          0         68   aeabi_memset.o
       228          4        148          0          0         96   bigflt0.o
      1936        128          0          0          0        672   btod.o
        10          0          0          0          0         68   defsig_exit.o
       172        110          0          0          0         76   defsig_fpe_inner.o
        14          0          0          0          0         80   defsig_fpe_outer.o
        50          0          0          0          0         88   defsig_general.o
        80         58          0          0          0         76   defsig_rtmem_inner.o
        14          0          0          0          0         80   defsig_rtmem_outer.o
        18          0          0          0          0         80   exit.o
        94          0          0          0          0         80   h1_alloc.o
        52          0          0          0          0         68   h1_extend.o
        78          0          0          0          0         80   h1_free.o
        14          0          0          0          0         84   h1_init.o
         6          0          0          0          0        152   heapauxi.o
         4          0          0          0          0        136   hguard.o
         0          0          0          0          0          0   indicate_semi.o
       138          0          0          0          0        168   init_alloc.o
        44         10        272          0          0         76   lc_ctype_c.o
        44         10         28          0          0         76   lc_numeric_c.o
         2          0          0          0          0          0   libinit.o
        42          0          0          0          0          0   libinit2.o
         2          0          0          0          0          0   libshutdown.o
         2          0          0          0          0          0   libshutdown2.o
         8          4          0          0         96         68   libspace.o
       138          0          0          0          0         80   lludiv10.o
       238          0          0          0          0        100   lludivv7m.o
         0          0          0          0          0          0   maybetermalloc1.o
        16          4          0          0          0         76   rt_ctype_table.o
         8          4          0          0          0         68   rt_errno_addr_intlibspace.o
         8          4          0          0          0         68   rt_heap_descriptor_intlibspace.o
         8          4          0          0          0         68   rt_locale_intlibspace.o
        68          0          0          0          0         68   rt_memclr.o
        78          0          0          0          0         80   rt_memclr_w.o
       138          0          0          0          0         68   rt_memcpy_v6.o
       100          0          0          0          0         80   rt_memcpy_w.o
         2          0          0          0          0          0   rtexit.o
        10          0          0          0          0          0   rtexit2.o
       128          0          0          0          0         68   strcmpv7m.o
        62          0          0          0          0         76   strlen.o
        12          4          0          0          0         68   sys_exit.o
        74          0          0          0          0         80   sys_stackheap_outer.o
        14          0          0          0          0         76   sys_wrch.o
         2          0          0          0          0         68   use_no_semi.o
        36          4          0          0          0         76   vsprintf.o
       708         16          0          0          0        140   d2f_clz.o
      1256         28          0          0          0        408   daddsub_clz.o
        24          0          0          0          0        116   dcmpi.o
        26          0          0          0          0        116   dflt_clz.o
       120          8          0          0          0        140   dleqf.o
       258          4          0          0          0        156   dnaninf.o
       112          0          0          0          0        160   drenorm_clz.o
        12          0          0          0          0        116   dretinf.o
        98          0          0          0          0        128   drleqf.o
       378          0          0          0          0        168   dunder_clz.o
       492         36          0          0          0        148   except.o
       122          8          0          0          0        132   f2d.o
       242          4          0          0          0        144   fnaninf.o
        10          0          0          0          0        116   fpinit.o
        10          0          0          0          0        116   fretinf.o
       316          0          0          0          0        132   funder_clz.o
        32          4          0          0          0        116   istatus.o
         4          0          0          0          0        116   printf1.o
         4          0          0          0          0        116   printf2.o
       178          0          0          0          0        116   retnan.o
       126          0          0          0          0        148   trapv.o
         0          0          0          0          0          0   usenofp.o
       300         42          0          0          0        176   asinf.o
       684         90          0          0          0        208   atan2f.o
        20          0          0          0          0        124   fabs.o
        48          0          0          0          0        124   fpclassify.o
        38          0          0          0          0        116   fpclassifyf.o
        44         12          0          0          0        464   funder.o
       120          0          0          0          0        272   sqrtf_full.o

    ----------------------------------------------------------------------
     17058        806       2616         16        100      42630   Library Totals
        36          0          1          0          4          0   (incl. Padding)

    ----------------------------------------------------------------------

      Code (inc. data)   RO Data    RW Data    ZI Data      Debug   Library Name

      2718         84         12         16          0       9922   AHRS.lib
       236         24       2052          0          0      22264   arm_cortexM4lf_math.lib
      8286        446        551          0         96       5912   c_w.l
      4528        108          0          0          0       3048   g_wm.l
      1254        144          0          0          0       1484   m_wm.l

    ----------------------------------------------------------------------
     17058        806       2616         16        100      42630   Library Totals

    ----------------------------------------------------------------------

==============================================================================


      Code (inc. data)   RO Data    RW Data    ZI Data      Debug   

     93560       5462      13732       1172      57924    2017431   Grand Totals
     93560       5462      13732        384      57924    2017431   ELF Image Totals (compressed)
     93560       5462      13732        384          0          0   ROM Totals

==============================================================================

    Total RO  Size (Code + RO Data)               107292 ( 104.78kB)
    Total RW  Size (RW Data + ZI Data)             59096 (  57.71kB)
    Total ROM Size (Code + RO Data + RW Data)     107676 ( 105.15kB)

==============================================================================

