Component: ARM Compiler 5.06 update 6 (build 750) Tool: armlink [4d35ed]

==============================================================================

Section Cross References

    startup_stm32f407xx.o(STACK) refers (Special) to heapauxi.o(.text) for __use_two_region_memory
    startup_stm32f407xx.o(HEAP) refers (Special) to heapauxi.o(.text) for __use_two_region_memory
    startup_stm32f407xx.o(RESET) refers (Special) to heapauxi.o(.text) for __use_two_region_memory
    startup_stm32f407xx.o(RESET) refers to startup_stm32f407xx.o(STACK) for __initial_sp
    startup_stm32f407xx.o(RESET) refers to startup_stm32f407xx.o(.text) for Reset_Handler
    startup_stm32f407xx.o(RESET) refers to stm32f4xx_it.o(i.NMI_Handler) for NMI_Handler
    startup_stm32f407xx.o(RESET) refers to stm32f4xx_it.o(i.HardFault_Handler) for HardFault_Handler
    startup_stm32f407xx.o(RESET) refers to stm32f4xx_it.o(i.MemManage_Handler) for MemManage_Handler
    startup_stm32f407xx.o(RESET) refers to stm32f4xx_it.o(i.BusFault_Handler) for BusFault_Handler
    startup_stm32f407xx.o(RESET) refers to stm32f4xx_it.o(i.UsageFault_Handler) for UsageFault_Handler
    startup_stm32f407xx.o(RESET) refers to port.o(.emb_text) for SVC_Handler
    startup_stm32f407xx.o(RESET) refers to stm32f4xx_it.o(i.DebugMon_Handler) for DebugMon_Handler
    startup_stm32f407xx.o(RESET) refers to stm32f4xx_it.o(i.SysTick_Handler) for SysTick_Handler
    startup_stm32f407xx.o(RESET) refers to stm32f4xx_it.o(i.EXTI0_IRQHandler) for EXTI0_IRQHandler
    startup_stm32f407xx.o(RESET) refers to stm32f4xx_it.o(i.EXTI3_IRQHandler) for EXTI3_IRQHandler
    startup_stm32f407xx.o(RESET) refers to stm32f4xx_it.o(i.EXTI4_IRQHandler) for EXTI4_IRQHandler
    startup_stm32f407xx.o(RESET) refers to stm32f4xx_it.o(i.CAN1_RX0_IRQHandler) for CAN1_RX0_IRQHandler
    startup_stm32f407xx.o(RESET) refers to stm32f4xx_it.o(i.EXTI9_5_IRQHandler) for EXTI9_5_IRQHandler
    startup_stm32f407xx.o(RESET) refers to referee_usart_task.o(i.USART1_IRQHandler) for USART1_IRQHandler
    startup_stm32f407xx.o(RESET) refers to remote_control.o(i.USART3_IRQHandler) for USART3_IRQHandler
    startup_stm32f407xx.o(RESET) refers to bsp_i2c.o(i.DMA1_Stream7_IRQHandler) for DMA1_Stream7_IRQHandler
    startup_stm32f407xx.o(RESET) refers to stm32f4xx_it.o(i.DMA2_Stream1_IRQHandler) for DMA2_Stream1_IRQHandler
    startup_stm32f407xx.o(RESET) refers to ins_task.o(i.DMA2_Stream2_IRQHandler) for DMA2_Stream2_IRQHandler
    startup_stm32f407xx.o(RESET) refers to stm32f4xx_it.o(i.CAN2_RX0_IRQHandler) for CAN2_RX0_IRQHandler
    startup_stm32f407xx.o(RESET) refers to stm32f4xx_it.o(i.OTG_FS_IRQHandler) for OTG_FS_IRQHandler
    startup_stm32f407xx.o(RESET) refers to stm32f4xx_it.o(i.DMA2_Stream5_IRQHandler) for DMA2_Stream5_IRQHandler
    startup_stm32f407xx.o(RESET) refers to stm32f4xx_it.o(i.DMA2_Stream6_IRQHandler) for DMA2_Stream6_IRQHandler
    startup_stm32f407xx.o(RESET) refers to stm32f4xx_it.o(i.DMA2_Stream7_IRQHandler) for DMA2_Stream7_IRQHandler
    startup_stm32f407xx.o(RESET) refers to referee_usart_task.o(i.USART6_IRQHandler) for USART6_IRQHandler
    startup_stm32f407xx.o(.text) refers (Special) to heapauxi.o(.text) for __use_two_region_memory
    startup_stm32f407xx.o(.text) refers to system_stm32f4xx.o(i.SystemInit) for SystemInit
    startup_stm32f407xx.o(.text) refers to __main.o(!!!main) for __main
    startup_stm32f407xx.o(.text) refers to startup_stm32f407xx.o(HEAP) for Heap_Mem
    startup_stm32f407xx.o(.text) refers to startup_stm32f407xx.o(STACK) for Stack_Mem
    main.o(i.SystemClock_Config) refers to rt_memclr_w.o(.text) for __aeabi_memclr4
    main.o(i.SystemClock_Config) refers to stm32f4xx_hal_rcc.o(i.HAL_RCC_OscConfig) for HAL_RCC_OscConfig
    main.o(i.SystemClock_Config) refers to main.o(i.Error_Handler) for Error_Handler
    main.o(i.SystemClock_Config) refers to stm32f4xx_hal_rcc.o(i.HAL_RCC_ClockConfig) for HAL_RCC_ClockConfig
    main.o(i.SystemClock_Config) refers to stm32f4xx_hal_rcc_ex.o(i.HAL_RCCEx_PeriphCLKConfig) for HAL_RCCEx_PeriphCLKConfig
    main.o(i.main) refers to stm32f4xx_hal.o(i.HAL_Init) for HAL_Init
    main.o(i.main) refers to main.o(i.SystemClock_Config) for SystemClock_Config
    main.o(i.main) refers to gpio.o(i.MX_GPIO_Init) for MX_GPIO_Init
    main.o(i.main) refers to dma.o(i.MX_DMA_Init) for MX_DMA_Init
    main.o(i.main) refers to adc.o(i.MX_ADC1_Init) for MX_ADC1_Init
    main.o(i.main) refers to adc.o(i.MX_ADC3_Init) for MX_ADC3_Init
    main.o(i.main) refers to can.o(i.MX_CAN1_Init) for MX_CAN1_Init
    main.o(i.main) refers to can.o(i.MX_CAN2_Init) for MX_CAN2_Init
    main.o(i.main) refers to i2c.o(i.MX_I2C1_Init) for MX_I2C1_Init
    main.o(i.main) refers to spi.o(i.MX_SPI1_Init) for MX_SPI1_Init
    main.o(i.main) refers to tim.o(i.MX_TIM4_Init) for MX_TIM4_Init
    main.o(i.main) refers to tim.o(i.MX_TIM5_Init) for MX_TIM5_Init
[...]
    0x080056c4   0x080056c4   0x0000004c   Code   RO         2992    i.HAL_InitTick      stm32f4xx_hal.o
    0x08005710   0x08005710   0x00000054   Code   RO         1450    i.HAL_MspInit       stm32f4xx_hal_msp.o
    0x08005764   0x08005764   0x00000020   Code   RO         2836    i.HAL_NVIC_EnableIRQ  stm32f4xx_hal_cortex.o
    0x08005784   0x08005784   0x0000007c   Code   RO         2842    i.HAL_NVIC_SetPriority  stm32f4xx_hal_cortex.o
    0x08005800   0x08005800   0x00000028   Code   RO         2843    i.HAL_NVIC_SetPriorityGrouping  stm32f4xx_hal_cortex.o
    0x08005828   0x08005828   0x00000002   Code   RO         1700    i.HAL_PCDEx_LPM_Callback  stm32f4xx_hal_pcd_ex.o
    0x0800582a   0x0800582a   0x0000000a   Code   RO         1701    i.HAL_PCDEx_SetRxFiFo  stm32f4xx_hal_pcd_ex.o
    0x08005834   0x08005834   0x0000004e   Code   RO         1702    i.HAL_PCDEx_SetTxFiFo  stm32f4xx_hal_pcd_ex.o
    0x08005882   0x08005882   0x0000000e   Code   RO          983    i.HAL_PCD_ConnectCallback  usbd_conf.o
    0x08005890   0x08005890   0x00000020   Code   RO          984    i.HAL_PCD_DataInStageCallback  usbd_conf.o
    0x080058b0   0x080058b0   0x00000020   Code   RO          985    i.HAL_PCD_DataOutStageCallback  usbd_conf.o
    0x080058d0   0x080058d0   0x0000000e   Code   RO          986    i.HAL_PCD_DisconnectCallback  usbd_conf.o
    0x080058de   0x080058de   0x0000006a   Code   RO         1483    i.HAL_PCD_EP_Close  stm32f4xx_hal_pcd.o
    0x08005948   0x08005948   0x0000007c   Code   RO         1484    i.HAL_PCD_EP_ClrStall  stm32f4xx_hal_pcd.o
    0x080059c4   0x080059c4   0x00000016   Code   RO         1486    i.HAL_PCD_EP_GetRxCount  stm32f4xx_hal_pcd.o
    0x080059da   0x080059da   0x0000008c   Code   RO         1487    i.HAL_PCD_EP_Open   stm32f4xx_hal_pcd.o
    0x08005a66   0x08005a66   0x00000058   Code   RO         1488    i.HAL_PCD_EP_Receive  stm32f4xx_hal_pcd.o
    0x08005abe   0x08005abe   0x0000008a   Code   RO         1489    i.HAL_PCD_EP_SetStall  stm32f4xx_hal_pcd.o
    0x08005b48   0x08005b48   0x0000005a   Code   RO         1490    i.HAL_PCD_EP_Transmit  stm32f4xx_hal_pcd.o
    0x08005ba2   0x08005ba2   0x0000053e   Code   RO         1492    i.HAL_PCD_IRQHandler  stm32f4xx_hal_pcd.o
    0x080060e0   0x080060e0   0x00000012   Code   RO          987    i.HAL_PCD_ISOINIncompleteCallback  usbd_conf.o
    0x080060f2   0x080060f2   0x00000012   Code   RO          988    i.HAL_PCD_ISOOUTIncompleteCallback  usbd_conf.o
    0x08006104   0x08006104   0x00000166   Code   RO         1495    i.HAL_PCD_Init      stm32f4xx_hal_pcd.o
    0x0800626a   0x0800626a   0x00000002   PAD
    0x0800626c   0x0800626c   0x000000a8   Code   RO          990    i.HAL_PCD_MspInit   usbd_conf.o
    0x08006314   0x08006314   0x00000030   Code   RO          991    i.HAL_PCD_ResetCallback  usbd_conf.o
    0x08006344   0x08006344   0x0000000e   Code   RO          992    i.HAL_PCD_ResumeCallback  usbd_conf.o
    0x08006352   0x08006352   0x0000000e   Code   RO          993    i.HAL_PCD_SOFCallback  usbd_conf.o
    0x08006360   0x08006360   0x00000036   Code   RO         1501    i.HAL_PCD_SetAddress  stm32f4xx_hal_pcd.o
    0x08006396   0x08006396   0x00000012   Code   RO          994    i.HAL_PCD_SetupStageCallback  usbd_conf.o
    0x080063a8   0x080063a8   0x0000004a   Code   RO         1503    i.HAL_PCD_Start     stm32f4xx_hal_pcd.o
    0x080063f2   0x080063f2   0x00000002   PAD
    0x080063f4   0x080063f4   0x00000034   Code   RO          995    i.HAL_PCD_SuspendCallback  usbd_conf.o
    0x08006428   0x08006428   0x000001a0   Code   RO         2153    i.HAL_RCCEx_PeriphCLKConfig  stm32f4xx_hal_rcc_ex.o
    0x080065c8   0x080065c8   0x00000180   Code   RO         2048    i.HAL_RCC_ClockConfig  stm32f4xx_hal_rcc.o
    0x08006748   0x08006748   0x0000000c   Code   RO         2053    i.HAL_RCC_GetHCLKFreq  stm32f4xx_hal_rcc.o
    0x08006754   0x08006754   0x00000020   Code   RO         2055    i.HAL_RCC_GetPCLK1Freq  stm32f4xx_hal_rcc.o
    0x08006774   0x08006774   0x00000020   Code   RO         2056    i.HAL_RCC_GetPCLK2Freq  stm32f4xx_hal_rcc.o
    0x08006794   0x08006794   0x000000b0   Code   RO         2057    i.HAL_RCC_GetSysClockFreq  stm32f4xx_hal_rcc.o
    0x08006844   0x08006844   0x00000448   Code   RO         2060    i.HAL_RCC_OscConfig  stm32f4xx_hal_rcc.o
    0x08006c8c   0x08006c8c   0x00000034   Code   RO         4284    i.HAL_RNG_Init      stm32f4xx_hal_rng.o
    0x08006cc0   0x08006cc0   0x00000034   Code   RO          645    i.HAL_RNG_MspInit   rng.o
    0x08006cf4   0x08006cf4   0x000000d8   Code   RO         4385    i.HAL_RTC_Init      stm32f4xx_hal_rtc.o
    0x08006dcc   0x08006dcc   0x00000018   Code   RO          687    i.HAL_RTC_MspInit   rtc.o
    0x08006de4   0x08006de4   0x0000003a   Code   RO         4393    i.HAL_RTC_WaitForSynchro  stm32f4xx_hal_rtc.o
    0x08006e1e   0x08006e1e   0x0000008c   Code   RO         4754    i.HAL_SPI_Init      stm32f4xx_hal_spi.o
    0x08006eaa   0x08006eaa   0x00000002   PAD
    0x08006eac   0x08006eac   0x000001cc   Code   RO          729    i.HAL_SPI_MspInit   spi.o
    0x08007078   0x08007078   0x0000022a   Code   RO         4763    i.HAL_SPI_TransmitReceive  stm32f4xx_hal_spi.o
    0x080072a2   0x080072a2   0x00000034   Code   RO         2847    i.HAL_SYSTICK_Config  stm32f4xx_hal_cortex.o
    0x080072d6   0x080072d6   0x00000074   Code   RO         5756    i.HAL_TIMEx_ConfigBreakDeadTime  stm32f4xx_hal_tim_ex.o
    0x0800734a   0x0800734a   0x00000054   Code   RO         5771    i.HAL_TIMEx_MasterConfigSynchronization  stm32f4xx_hal_tim_ex.o
    0x0800739e   0x0800739e   0x00000034   Code   RO         5067    i.HAL_TIM_Base_Init  stm32f4xx_hal_tim.o
    0x080073d2   0x080073d2   0x00000002   PAD
    0x080073d4   0x080073d4   0x0000011c   Code   RO          804    i.HAL_TIM_Base_MspInit  tim.o
    0x080074f0   0x080074f0   0x0000002a   Code   RO         5070    i.HAL_TIM_Base_Start  stm32f4xx_hal_tim.o
    0x0800751a   0x0800751a   0x00000108   Code   RO         5076    i.HAL_TIM_ConfigClockSource  stm32f4xx_hal_tim.o
    0x08007622   0x08007622   0x00000002   PAD
    0x08007624   0x08007624   0x000002c0   Code   RO          805    i.HAL_TIM_MspPostInit  tim.o
    0x080078e4   0x080078e4   0x00000108   Code   RO         5134    i.HAL_TIM_PWM_ConfigChannel  stm32f4xx_hal_tim.o
    0x080079ec   0x080079ec   0x00000034   Code   RO         5137    i.HAL_TIM_PWM_Init  stm32f4xx_hal_tim.o
    0x08007a20   0x08007a20   0x00000002   Code   RO         5139    i.HAL_TIM_PWM_MspInit  stm32f4xx_hal_tim.o
    0x08007a22   0x08007a22   0x00000002   PAD
    0x08007a24   0x08007a24   0x00000058   Code   RO         5142    i.HAL_TIM_PWM_Start  stm32f4xx_hal_tim.o
    0x08007a7c   0x08007a7c   0x00000002   Code   RO         6025    i.HAL_UART_ErrorCallback  stm32f4xx_hal_uart.o
    0x08007a7e   0x08007a7e   0x00000072   Code   RO         6029    i.HAL_UART_Init     stm32f4xx_hal_uart.o
    0x08007af0   0x08007af0   0x00000338   Code   RO          882    i.HAL_UART_MspInit  usart.o
    0x08007e28   0x08007e28   0x000000c4   Code   RO         6033    i.HAL_UART_Receive_DMA  stm32f4xx_hal_uart.o
    0x08007eec   0x08007eec   0x00000002   Code   RO         6035    i.HAL_UART_RxCpltCallback  stm32f4xx_hal_uart.o
    0x08007eee   0x08007eee   0x00000002   Code   RO         6036    i.HAL_UART_RxHalfCpltCallback  stm32f4xx_hal_uart.o
    0x08007ef0   0x08007ef0   0x000000d6   Code   RO         6037    i.HAL_UART_Transmit  stm32f4xx_hal_uart.o
    0x08007fc6   0x08007fc6   0x00000004   Code   RO         1332    i.HardFault_Handler  stm32f4xx_it.o
    0x08007fca   0x08007fca   0x00000002   PAD
    0x08007fcc   0x08007fcc   0x00000020   Code   RO         8676    i.I2C2_DMA_transmit  bsp_i2c.o
    0x08007fec   0x08007fec   0x000000c0   Code   RO         8677    i.I2C2_tx_DMA_enable  bsp_i2c.o
    0x080080ac   0x080080ac   0x000000c0   Code   RO         8678    i.I2C2_tx_DMA_init  bsp_i2c.o
    0x0800816c   0x0800816c   0x0000003e   Code   RO         3849    i.I2C_IsAcknowledgeFailed  stm32f4xx_hal_i2c.o
    0x080081aa   0x080081aa   0x00000002   PAD
    0x080081ac   0x080081ac   0x000000ac   Code   RO         3853    i.I2C_MasterRequestWrite  stm32f4xx_hal_i2c.o
    0x08008258   0x08008258   0x00000138   Code   RO         3859    i.I2C_RequestMemoryRead  stm32f4xx_hal_i2c.o
    0x08008390   0x08008390   0x000000cc   Code   RO         3860    i.I2C_RequestMemoryWrite  stm32f4xx_hal_i2c.o
    0x0800845c   0x0800845c   0x000000fc   Code   RO         8679    i.I2C_TX_DMA_START  bsp_i2c.o
    0x08008558   0x08008558   0x0000005c   Code   RO         3868    i.I2C_WaitOnBTFFlagUntilTimeout  stm32f4xx_hal_i2c.o
    0x080085b4   0x080085b4   0x00000086   Code   RO         3869    i.I2C_WaitOnFlagUntilTimeout  stm32f4xx_hal_i2c.o
    0x0800863a   0x0800863a   0x000000c4   Code   RO         3870    i.I2C_WaitOnMasterAddressFlagUntilTimeout  stm32f4xx_hal_i2c.o
    0x080086fe   0x080086fe   0x00000080   Code   RO         3871    i.I2C_WaitOnRXNEFlagUntilTimeout  stm32f4xx_hal_i2c.o
    0x0800877e   0x0800877e   0x0000005c   Code   RO         3873    i.I2C_WaitOnTXEFlagUntilTimeout  stm32f4xx_hal_i2c.o
    0x080087da   0x080087da   0x00000002   PAD
    0x080087dc   0x080087dc   0x0000007c   Code   RO         9658    i.INS_cali_gyro     ins_task.o
    0x08008858   0x08008858   0x00000048   Code   RO         9659    i.INS_set_cali_gyro  ins_task.o
    0x080088a0   0x080088a0   0x00000304   Code   RO         9660    i.INS_task          ins_task.o
    0x08008ba4   0x08008ba4   0x0000003e   Code   RO         1179    i.IntToUnicode      usbd_desc.o
    0x08008be2   0x08008be2   0x00000002   PAD
    0x08008be4   0x08008be4   0x00000070   Code   RO          370    i.MX_ADC1_Init      adc.o
    0x08008c54   0x08008c54   0x00000070   Code   RO          371    i.MX_ADC3_Init      adc.o
    0x08008cc4   0x08008cc4   0x00000044   Code   RO          418    i.MX_CAN1_Init      can.o
    0x08008d08   0x08008d08   0x00000044   Code   RO          419    i.MX_CAN2_Init      can.o
    0x08008d4c   0x08008d4c   0x00000020   Code   RO          467    i.MX_CRC_Init       crc.o
    0x08008d6c   0x08008d6c   0x000000c8   Code   RO          507    i.MX_DMA_Init       dma.o
    0x08008e34   0x08008e34   0x0000015c   Code   RO          531    i.MX_FREERTOS_Init  freertos.o
    0x08008f90   0x08008f90   0x00000254   Code   RO          344    i.MX_GPIO_Init      gpio.o
    0x080091e4   0x080091e4   0x0000003c   Code   RO          592    i.MX_I2C1_Init      i2c.o
    0x08009220   0x08009220   0x0000003c   Code   RO          593    i.MX_I2C2_Init      i2c.o
    0x0800925c   0x0800925c   0x0000003c   Code   RO          594    i.MX_I2C3_Init      i2c.o
    0x08009298   0x08009298   0x00000020   Code   RO          646    i.MX_RNG_Init       rng.o
    0x080092b8   0x080092b8   0x00000034   Code   RO          688    i.MX_RTC_Init       rtc.o
    0x080092ec   0x080092ec   0x00000048   Code   RO          730    i.MX_SPI1_Init      spi.o
    0x08009334   0x08009334   0x00000048   Code   RO          731    i.MX_SPI2_Init      spi.o
    0x0800937c   0x0800937c   0x0000006c   Code   RO          806    i.MX_TIM10_Init     tim.o
    0x080093e8   0x080093e8   0x0000010c   Code   RO          807    i.MX_TIM1_Init      tim.o
    0x080094f4   0x080094f4   0x000000a4   Code   RO          808    i.MX_TIM3_Init      tim.o
    0x08009598   0x08009598   0x000000a4   Code   RO          809    i.MX_TIM4_Init      tim.o
    0x0800963c   0x0800963c   0x000000c4   Code   RO          810    i.MX_TIM5_Init      tim.o
    0x08009700   0x08009700   0x000000ec   Code   RO          811    i.MX_TIM8_Init      tim.o
    0x080097ec   0x080097ec   0x00000038   Code   RO          883    i.MX_USART1_UART_Init  usart.o
    0x08009824   0x08009824   0x0000003c   Code   RO          884    i.MX_USART3_UART_Init  usart.o
    0x08009860   0x08009860   0x00000038   Code   RO          885    i.MX_USART6_UART_Init  usart.o
    0x08009898   0x08009898   0x0000004c   Code   RO          935    i.MX_USB_DEVICE_Init  usb_device.o
    0x080098e4   0x080098e4   0x00000004   Code   RO         1333    i.MemManage_Handler  stm32f4xx_it.o
    0x080098e8   0x080098e8   0x00000002   Code   RO         1334    i.NMI_Handler       stm32f4xx_it.o
    0x080098ea   0x080098ea   0x00000002   PAD
    0x080098ec   0x080098ec   0x0000001c   Code   RO        10264    i.OLED_LOGO         oled.o
    0x08009908   0x08009908   0x00000010   Code   RO        10265    i.OLED_check_ack    oled.o
    0x08009918   0x08009918   0x0000002c   Code   RO        10266    i.OLED_com_reset    oled.o
    0x08009944   0x08009944   0x00000088   Code   RO        10270    i.OLED_draw_point   oled.o
    0x080099cc   0x080099cc   0x00000108   Code   RO        10271    i.OLED_init         oled.o
    0x08009ad4   0x08009ad4   0x00000054   Code   RO        10272    i.OLED_operate_gram  oled.o
    0x08009b28   0x08009b28   0x00000040   Code   RO        10273    i.OLED_printf       oled.o
    0x08009b68   0x08009b68   0x00000020   Code   RO        10274    i.OLED_refresh_gram  oled.o
    0x08009b88   0x08009b88   0x00000040   Code   RO        10275    i.OLED_set_pos      oled.o
    0x08009bc8   0x08009bc8   0x0000008c   Code   RO        10276    i.OLED_show_char    oled.o
    0x08009c54   0x08009c54   0x0000008a   Code   RO        10277    i.OLED_show_graphic  oled.o
    0x08009cde   0x08009cde   0x00000032   Code   RO        10278    i.OLED_show_string  oled.o
    0x08009d10   0x08009d10   0x00000010   Code   RO         1335    i.OTG_FS_IRQHandler  stm32f4xx_it.o
    0x08009d20   0x08009d20   0x0000008c   Code   RO         1506    i.PCD_EP_OutSetupPacket_int  stm32f4xx_hal_pcd.o
    0x08009dac   0x08009dac   0x00000180   Code   RO         1507    i.PCD_EP_OutXfrComplete_int  stm32f4xx_hal_pcd.o
    0x08009f2c   0x08009f2c   0x000000b6   Code   RO         1508    i.PCD_WriteEmptyTxFifo  stm32f4xx_hal_pcd.o
    0x08009fe2   0x08009fe2   0x00000002   PAD
    0x08009fe4   0x08009fe4   0x000001f0   Code   RO        11312    i.PID_calc          pid.o
    0x0800a1d4   0x0800a1d4   0x0000004c   Code   RO        11313    i.PID_clear         pid.o
    0x0800a220   0x0800a220   0x00000060   Code   RO        11314    i.PID_init          pid.o
    0x0800a280   0x0800a280   0x0000009c   Code   RO         8808    i.RC_Init           bsp_rc.o
    0x0800a31c   0x0800a31c   0x00000374   Code   RO         8988    i.RC_cmd_to_calibrate  calibrate_task.o
    0x0800a690   0x0800a690   0x00000050   Code   RO         8809    i.RC_restart        bsp_rc.o
    0x0800a6e0   0x0800a6e0   0x00000018   Code   RO         8810    i.RC_unable         bsp_rc.o
    0x0800a6f8   0x0800a6f8   0x0000003e   Code   RO         4396    i.RTC_EnterInitMode  stm32f4xx_hal_rtc.o
    0x0800a736   0x0800a736   0x00000002   PAD
    0x0800a738   0x0800a738   0x00000148   Code   RO         8880    i.SPI1_DMA_enable   bsp_spi.o
    0x0800a880   0x0800a880   0x00000180   Code   RO         8881    i.SPI1_DMA_init     bsp_spi.o
    0x0800aa00   0x0800aa00   0x0000006c   Code   RO         4792    i.SPI_EndRxTxTransaction  stm32f4xx_hal_spi.o
    0x0800aa6c   0x0800aa6c   0x000000a8   Code   RO         4797    i.SPI_WaitFlagStateUntilTimeout  stm32f4xx_hal_spi.o
    0x0800ab14   0x0800ab14   0x00000014   Code   RO         1336    i.SysTick_Handler   stm32f4xx_it.o
    0x0800ab28   0x0800ab28   0x000000d4   Code   RO           14    i.SystemClock_Config  main.o
    0x0800abfc   0x0800abfc   0x00000064   Code   RO         6336    i.SystemInit        system_stm32f4xx.o
    0x0800ac60   0x0800ac60   0x000000d8   Code   RO         5155    i.TIM_Base_SetConfig  stm32f4xx_hal_tim.o
    0x0800ad38   0x0800ad38   0x00000022   Code   RO         5156    i.TIM_CCxChannelCmd  stm32f4xx_hal_tim.o
    0x0800ad5a   0x0800ad5a   0x00000016   Code   RO         5166    i.TIM_ETR_SetConfig  stm32f4xx_hal_tim.o
    0x0800ad70   0x0800ad70   0x00000012   Code   RO         5167    i.TIM_ITRx_SetConfig  stm32f4xx_hal_tim.o
    0x0800ad82   0x0800ad82   0x00000002   PAD
    0x0800ad84   0x0800ad84   0x00000070   Code   RO         5168    i.TIM_OC1_SetConfig  stm32f4xx_hal_tim.o
    0x0800adf4   0x0800adf4   0x0000007c   Code   RO         5169    i.TIM_OC2_SetConfig  stm32f4xx_hal_tim.o
    0x0800ae70   0x0800ae70   0x00000078   Code   RO         5170    i.TIM_OC3_SetConfig  stm32f4xx_hal_tim.o
    0x0800aee8   0x0800aee8   0x00000054   Code   RO         5171    i.TIM_OC4_SetConfig  stm32f4xx_hal_tim.o
    0x0800af3c   0x0800af3c   0x00000026   Code   RO         5173    i.TIM_TI1_ConfigInputStage  stm32f4xx_hal_tim.o
    0x0800af62   0x0800af62   0x00000028   Code   RO         5175    i.TIM_TI2_ConfigInputStage  stm32f4xx_hal_tim.o
    0x0800af8a   0x0800af8a   0x00000050   Code   RO         6043    i.UART_DMAError     stm32f4xx_hal_uart.o
    0x0800afda   0x0800afda   0x00000046   Code   RO         6044    i.UART_DMAReceiveCplt  stm32f4xx_hal_uart.o
    0x0800b020   0x0800b020   0x0000000e   Code   RO         6046    i.UART_DMARxHalfCplt  stm32f4xx_hal_uart.o
    0x0800b02e   0x0800b02e   0x00000020   Code   RO         6052    i.UART_EndRxTransfer  stm32f4xx_hal_uart.o
    0x0800b04e   0x0800b04e   0x00000014   Code   RO         6054    i.UART_EndTxTransfer  stm32f4xx_hal_uart.o
    0x0800b062   0x0800b062   0x00000002   PAD
    0x0800b064   0x0800b064   0x00000368   Code   RO         6056    i.UART_SetConfig    stm32f4xx_hal_uart.o
    0x0800b3cc   0x0800b3cc   0x0000006c   Code   RO         6058    i.UART_WaitOnFlagUntilTimeout  stm32f4xx_hal_uart.o
    0x0800b438   0x0800b438   0x0000014c   Code   RO         9874    i.USART1_IRQHandler  referee_usart_task.o
    0x0800b584   0x0800b584   0x00000140   Code   RO         9952    i.USART3_IRQHandler  remote_control.o
    0x0800b6c4   0x0800b6c4   0x00000128   Code   RO         9875    i.USART6_IRQHandler  referee_usart_task.o
    0x0800b7ec   0x0800b7ec   0x0000007c   Code   RO         8160    i.USBD_CDC_DataIn   usbd_cdc.o
    0x0800b868   0x0800b868   0x00000034   Code   RO         8161    i.USBD_CDC_DataOut  usbd_cdc.o
    0x0800b89c   0x0800b89c   0x0000004e   Code   RO         8162    i.USBD_CDC_DeInit   usbd_cdc.o
    0x0800b8ea   0x0800b8ea   0x00000032   Code   RO         8163    i.USBD_CDC_EP0_RxReady  usbd_cdc.o
    0x0800b91c   0x0800b91c   0x00000010   Code   RO         8164    i.USBD_CDC_GetDeviceQualifierDescriptor  usbd_cdc.o
    0x0800b92c   0x0800b92c   0x00000010   Code   RO         8165    i.USBD_CDC_GetFSCfgDesc  usbd_cdc.o
    0x0800b93c   0x0800b93c   0x00000010   Code   RO         8166    i.USBD_CDC_GetHSCfgDesc  usbd_cdc.o
    0x0800b94c   0x0800b94c   0x00000010   Code   RO         8167    i.USBD_CDC_GetOtherSpeedCfgDesc  usbd_cdc.o
    0x0800b95c   0x0800b95c   0x000000b8   Code   RO         8168    i.USBD_CDC_Init     usbd_cdc.o
    0x0800ba14   0x0800ba14   0x0000003a   Code   RO         8169    i.USBD_CDC_ReceivePacket  usbd_cdc.o
    0x0800ba4e   0x0800ba4e   0x0000000e   Code   RO         8170    i.USBD_CDC_RegisterInterface  usbd_cdc.o
    0x0800ba5c   0x0800ba5c   0x0000000e   Code   RO         8171    i.USBD_CDC_SetRxBuffer  usbd_cdc.o
    0x0800ba6a   0x0800ba6a   0x00000014   Code   RO         8172    i.USBD_CDC_SetTxBuffer  usbd_cdc.o
    0x0800ba7e   0x0800ba7e   0x000000f4   Code   RO         8173    i.USBD_CDC_Setup    usbd_cdc.o
    0x0800bb72   0x0800bb72   0x0000003e   Code   RO         8174    i.USBD_CDC_TransmitPacket  usbd_cdc.o
    0x0800bbb0   0x0800bbb0   0x00000016   Code   RO         7867    i.USBD_ClrClassConfig  usbd_core.o
    0x0800bbc6   0x0800bbc6   0x0000003e   Code   RO         8005    i.USBD_ClrFeature   usbd_ctlreq.o
    0x0800bc04   0x0800bc04   0x00000018   Code   RO         8100    i.USBD_CtlContinueRx  usbd_ioreq.o
    0x0800bc1c   0x0800bc1c   0x00000018   Code   RO         8101    i.USBD_CtlContinueSendData  usbd_ioreq.o
    0x0800bc34   0x0800bc34   0x00000018   Code   RO         8006    i.USBD_CtlError     usbd_ctlreq.o
    0x0800bc4c   0x0800bc4c   0x00000028   Code   RO         8102    i.USBD_CtlPrepareRx  usbd_ioreq.o
    0x0800bc74   0x0800bc74   0x0000001a   Code   RO         8103    i.USBD_CtlReceiveStatus  usbd_ioreq.o
    0x0800bc8e   0x0800bc8e   0x00000022   Code   RO         8104    i.USBD_CtlSendData  usbd_ioreq.o
    0x0800bcb0   0x0800bcb0   0x0000001a   Code   RO         8105    i.USBD_CtlSendStatus  usbd_ioreq.o
    0x0800bcca   0x0800bcca   0x00000002   PAD
    0x0800bccc   0x0800bccc   0x00000034   Code   RO         1180    i.USBD_FS_ConfigStrDescriptor  usbd_desc.o
    0x0800bd00   0x0800bd00   0x00000010   Code   RO         1181    i.USBD_FS_DeviceDescriptor  usbd_desc.o
    0x0800bd10   0x0800bd10   0x00000038   Code   RO         1182    i.USBD_FS_InterfaceStrDescriptor  usbd_desc.o
    0x0800bd48   0x0800bd48   0x00000010   Code   RO         1183    i.USBD_FS_LangIDStrDescriptor  usbd_desc.o
    0x0800bd58   0x0800bd58   0x0000002c   Code   RO         1184    i.USBD_FS_ManufacturerStrDescriptor  usbd_desc.o
    0x0800bd84   0x0800bd84   0x00000040   Code   RO         1185    i.USBD_FS_ProductStrDescriptor  usbd_desc.o
    0x0800bdc4   0x0800bdc4   0x00000018   Code   RO         1186    i.USBD_FS_SerialStrDescriptor  usbd_desc.o
    0x0800bddc   0x0800bddc   0x00000056   Code   RO         8007    i.USBD_GetConfig    usbd_ctlreq.o
    0x0800be32   0x0800be32   0x00000152   Code   RO         8008    i.USBD_GetDescriptor  usbd_ctlreq.o
    0x0800bf84   0x0800bf84   0x00000014   Code   RO         8009    i.USBD_GetLen       usbd_ctlreq.o
    0x0800bf98   0x0800bf98   0x0000005a   Code   RO         8010    i.USBD_GetStatus    usbd_ctlreq.o
    0x0800bff2   0x0800bff2   0x00000052   Code   RO         8011    i.USBD_GetString    usbd_ctlreq.o
    0x0800c044   0x0800c044   0x0000002c   Code   RO          996    i.USBD_Get_USB_Status  usbd_conf.o
    0x0800c070   0x0800c070   0x00000032   Code   RO         7869    i.USBD_Init         usbd_core.o
    0x0800c0a2   0x0800c0a2   0x00000026   Code   RO          997    i.USBD_LL_ClearStallEP  usbd_conf.o
    0x0800c0c8   0x0800c0c8   0x00000026   Code   RO          998    i.USBD_LL_CloseEP   usbd_conf.o
    0x0800c0ee   0x0800c0ee   0x00000100   Code   RO         7870    i.USBD_LL_DataInStage  usbd_core.o
    0x0800c1ee   0x0800c1ee   0x000000a6   Code   RO         7871    i.USBD_LL_DataOutStage  usbd_core.o
    0x0800c294   0x0800c294   0x00000006   Code   RO         7872    i.USBD_LL_DevConnected  usbd_core.o
    0x0800c29a   0x0800c29a   0x0000001a   Code   RO         7873    i.USBD_LL_DevDisconnected  usbd_core.o
    0x0800c2b4   0x0800c2b4   0x00000012   Code   RO         1002    i.USBD_LL_GetRxDataSize  usbd_conf.o
    0x0800c2c6   0x0800c2c6   0x00000002   PAD
    0x0800c2c8   0x0800c2c8   0x00000068   Code   RO         1003    i.USBD_LL_Init      usbd_conf.o
    0x0800c330   0x0800c330   0x00000038   Code   RO         1004    i.USBD_LL_IsStallEP  usbd_conf.o
    0x0800c368   0x0800c368   0x00000006   Code   RO         7874    i.USBD_LL_IsoINIncomplete  usbd_core.o
    0x0800c36e   0x0800c36e   0x00000006   Code   RO         7875    i.USBD_LL_IsoOUTIncomplete  usbd_core.o
    0x0800c374   0x0800c374   0x00000030   Code   RO         1005    i.USBD_LL_OpenEP    usbd_conf.o
    0x0800c3a4   0x0800c3a4   0x00000030   Code   RO         1006    i.USBD_LL_PrepareReceive  usbd_conf.o
    0x0800c3d4   0x0800c3d4   0x0000005c   Code   RO         7876    i.USBD_LL_Reset     usbd_core.o
    0x0800c430   0x0800c430   0x0000000e   Code   RO         7877    i.USBD_LL_Resume    usbd_core.o
    0x0800c43e   0x0800c43e   0x00000022   Code   RO         7878    i.USBD_LL_SOF       usbd_core.o
    0x0800c460   0x0800c460   0x00000008   Code   RO         7879    i.USBD_LL_SetSpeed  usbd_core.o
    0x0800c468   0x0800c468   0x00000026   Code   RO         1007    i.USBD_LL_SetUSBAddress  usbd_conf.o
    0x0800c48e   0x0800c48e   0x0000006e   Code   RO         7880    i.USBD_LL_SetupStage  usbd_core.o
    0x0800c4fc   0x0800c4fc   0x00000026   Code   RO         1008    i.USBD_LL_StallEP   usbd_conf.o
    0x0800c522   0x0800c522   0x0000001e   Code   RO         1009    i.USBD_LL_Start     usbd_conf.o
    0x0800c540   0x0800c540   0x00000014   Code   RO         7881    i.USBD_LL_Suspend   usbd_core.o
    0x0800c554   0x0800c554   0x00000030   Code   RO         1011    i.USBD_LL_Transmit  usbd_conf.o
    0x0800c584   0x0800c584   0x00000028   Code   RO         8012    i.USBD_ParseSetupRequest  usbd_ctlreq.o
    0x0800c5ac   0x0800c5ac   0x00000010   Code   RO         7882    i.USBD_RegisterClass  usbd_core.o
    0x0800c5bc   0x0800c5bc   0x00000006   Code   RO         7883    i.USBD_RunTestMode  usbd_core.o
    0x0800c5c2   0x0800c5c2   0x0000005a   Code   RO         8013    i.USBD_SetAddress   usbd_ctlreq.o
    0x0800c61c   0x0800c61c   0x00000022   Code   RO         7884    i.USBD_SetClassConfig  usbd_core.o
    0x0800c63e   0x0800c63e   0x00000002   PAD
    0x0800c640   0x0800c640   0x000000e8   Code   RO         8014    i.USBD_SetConfig    usbd_ctlreq.o
    0x0800c728   0x0800c728   0x00000018   Code   RO         8015    i.USBD_SetFeature   usbd_ctlreq.o
    0x0800c740   0x0800c740   0x0000000e   Code   RO         7885    i.USBD_Start        usbd_core.o
    0x0800c74e   0x0800c74e   0x000000a2   Code   RO         8016    i.USBD_StdDevReq    usbd_ctlreq.o
    0x0800c7f0   0x0800c7f0   0x00000238   Code   RO         8017    i.USBD_StdEPReq     usbd_ctlreq.o
    0x0800ca28   0x0800ca28   0x0000007e   Code   RO         8018    i.USBD_StdItfReq    usbd_ctlreq.o
    0x0800caa6   0x0800caa6   0x00000002   PAD
    0x0800caa8   0x0800caa8   0x000000d0   Code   RO         1742    i.USB_ActivateEndpoint  stm32f4xx_ll_usb.o
    0x0800cb78   0x0800cb78   0x00000046   Code   RO         1744    i.USB_ActivateSetup  stm32f4xx_ll_usb.o
    0x0800cbbe   0x0800cbbe   0x00000002   PAD
    0x0800cbc0   0x0800cbc0   0x00000084   Code   RO         1746    i.USB_CoreInit      stm32f4xx_ll_usb.o
    0x0800cc44   0x0800cc44   0x0000004c   Code   RO         1747    i.USB_CoreReset     stm32f4xx_ll_usb.o
    0x0800cc90   0x0800cc90   0x000000c4   Code   RO         1750    i.USB_DeactivateEndpoint  stm32f4xx_ll_usb.o
    0x0800cd54   0x0800cd54   0x00000020   Code   RO         1751    i.USB_DevConnect    stm32f4xx_ll_usb.o
    0x0800cd74   0x0800cd74   0x00000020   Code   RO         1752    i.USB_DevDisconnect  stm32f4xx_ll_usb.o
    0x0800cd94   0x0800cd94   0x000001f4   Code   RO         1753    i.USB_DevInit       stm32f4xx_ll_usb.o
    0x0800cf88   0x0800cf88   0x0000000e   Code   RO         1754    i.USB_DisableGlobalInt  stm32f4xx_ll_usb.o
    0x0800cf96   0x0800cf96   0x00000002   PAD
    0x0800cf98   0x0800cf98   0x000001d8   Code   RO         1757    i.USB_EP0StartXfer  stm32f4xx_ll_usb.o
    0x0800d170   0x0800d170   0x00000070   Code   RO         1758    i.USB_EP0_OutStart  stm32f4xx_ll_usb.o
    0x0800d1e0   0x0800d1e0   0x0000008e   Code   RO         1759    i.USB_EPClearStall  stm32f4xx_ll_usb.o
    0x0800d26e   0x0800d26e   0x0000009a   Code   RO         1760    i.USB_EPSetStall    stm32f4xx_ll_usb.o
    0x0800d308   0x0800d308   0x00000344   Code   RO         1761    i.USB_EPStartXfer   stm32f4xx_ll_usb.o
    0x0800d64c   0x0800d64c   0x0000000e   Code   RO         1762    i.USB_EnableGlobalInt  stm32f4xx_ll_usb.o
    0x0800d65a   0x0800d65a   0x00000002   PAD
    0x0800d65c   0x0800d65c   0x0000002c   Code   RO         1763    i.USB_FlushRxFifo   stm32f4xx_ll_usb.o
    0x0800d688   0x0800d688   0x00000030   Code   RO         1764    i.USB_FlushTxFifo   stm32f4xx_ll_usb.o
    0x0800d6b8   0x0800d6b8   0x00000026   Code   RO         1766    i.USB_GetDevSpeed   stm32f4xx_ll_usb.o
    0x0800d6de   0x0800d6de   0x0000000a   Code   RO         1768    i.USB_GetMode       stm32f4xx_ll_usb.o
    0x0800d6e8   0x0800d6e8   0x00000014   Code   RO         1775    i.USB_ReadDevAllInEpInterrupt  stm32f4xx_ll_usb.o
    0x0800d6fc   0x0800d6fc   0x00000014   Code   RO         1776    i.USB_ReadDevAllOutEpInterrupt  stm32f4xx_ll_usb.o
    0x0800d710   0x0800d710   0x00000032   Code   RO         1777    i.USB_ReadDevInEPInterrupt  stm32f4xx_ll_usb.o
    0x0800d742   0x0800d742   0x0000001a   Code   RO         1778    i.USB_ReadDevOutEPInterrupt  stm32f4xx_ll_usb.o
    0x0800d75c   0x0800d75c   0x0000000a   Code   RO         1779    i.USB_ReadInterrupts  stm32f4xx_ll_usb.o
    0x0800d766   0x0800d766   0x00000022   Code   RO         1780    i.USB_ReadPacket    stm32f4xx_ll_usb.o
    0x0800d788   0x0800d788   0x00000036   Code   RO         1782    i.USB_SetCurrentMode  stm32f4xx_ll_usb.o
    0x0800d7be   0x0800d7be   0x0000002a   Code   RO         1783    i.USB_SetDevAddress  stm32f4xx_ll_usb.o
    0x0800d7e8   0x0800d7e8   0x00000012   Code   RO         1784    i.USB_SetDevSpeed   stm32f4xx_ll_usb.o
    0x0800d7fa   0x0800d7fa   0x00000002   PAD
    0x0800d7fc   0x0800d7fc   0x000000e8   Code   RO         1785    i.USB_SetTurnaroundTime  stm32f4xx_ll_usb.o
    0x0800d8e4   0x0800d8e4   0x0000003c   Code   RO         1788    i.USB_WritePacket   stm32f4xx_ll_usb.o
    0x0800d920   0x0800d920   0x00000004   Code   RO         1337    i.UsageFault_Handler  stm32f4xx_it.o
    0x0800d924   0x0800d924   0x00000030   Code   RO        12119    i.__ARM_fpclassify  m_wm.l(fpclassify.o)
    0x0800d954   0x0800d954   0x00000026   Code   RO        11962    i.__ARM_fpclassifyf  m_wm.l(fpclassifyf.o)
    0x0800d97a   0x0800d97a   0x00000002   PAD
    0x0800d97c   0x0800d97c   0x00000010   Code   RO         2849    i.__NVIC_GetPriorityGrouping  stm32f4xx_hal_cortex.o
    0x0800d98c   0x0800d98c   0x00000028   Code   RO         2850    i.__NVIC_SetPriority  stm32f4xx_hal_cortex.o
    0x0800d9b4   0x0800d9b4   0x00000006   Code   RO        11033    i.__get_PRIMASK     fifo.o
    0x0800d9ba   0x0800d9ba   0x00000002   PAD
    0x0800d9bc   0x0800d9bc   0x0000012c   Code   RO        11703    i.__hardfp_asinf    m_wm.l(asinf.o)
    0x0800dae8   0x0800dae8   0x00000250   Code   RO        11715    i.__hardfp_atan2f   m_wm.l(atan2f.o)
    0x0800dd38   0x0800dd38   0x00000014   Code   RO        11727    i.__hardfp_fabs     m_wm.l(fabs.o)
    0x0800dd4c   0x0800dd4c   0x0000003a   Code   RO        11745    i.__hardfp_sqrtf    m_wm.l(sqrtf_full.o)
    0x0800dd86   0x0800dd86   0x00000006   Code   RO        11965    i.__mathlib_flt_infnan  m_wm.l(funder.o)
    0x0800dd8c   0x0800dd8c   0x00000006   Code   RO        11966    i.__mathlib_flt_infnan2  m_wm.l(funder.o)
    0x0800dd92   0x0800dd92   0x00000002   PAD
    0x0800dd94   0x0800dd94   0x00000010   Code   RO        11967    i.__mathlib_flt_invalid  m_wm.l(funder.o)
    0x0800dda4   0x0800dda4   0x00000010   Code   RO        11970    i.__mathlib_flt_underflow  m_wm.l(funder.o)
    0x0800ddb4   0x0800ddb4   0x00000006   Code   RO        11034    i.__set_PRIMASK     fifo.o
    0x0800ddba   0x0800ddba   0x0000000e   Code   RO        11849    i._is_digit         c_w.l(__printf_wp.o)
    0x0800ddc8   0x0800ddc8   0x00000068   Code   RO         8779    i.aRGB_led_show     bsp_led.o
    0x0800de30   0x0800de30   0x00000030   Code   RO        10876    i.abs_limit         user_lib.o
    0x0800de60   0x0800de60   0x000001d0   Code   RO        11348    i.accel_comple_filter  AHRS.lib(ahrs.o)
    0x0800e030   0x0800e030   0x0000018c   Code   RO        11349    i.accel_update_kp_ki  AHRS.lib(ahrs.o)
    0x0800e1bc   0x0800e1bc   0x0000003c   Code   RO         8265    i.adcx_get_chx_value  bsp_adc.o
    0x0800e1f8   0x0800e1f8   0x0000016c   Code   RO        11350    i.angle_to_quat     AHRS.lib(ahrs.o)
    0x0800e364   0x0800e364   0x00000044   Code   RO        10171    i.battery_voltage_task  voltage_task.o
    0x0800e3a8   0x0800e3a8   0x00000134   Code   RO        10399    i.bmi088_accel_init  bmi088driver.o
    0x0800e4dc   0x0800e4dc   0x000002fc   Code   RO        10400    i.bmi088_accel_self_test  bmi088driver.o
    0x0800e7d8   0x0800e7d8   0x000000f4   Code   RO        10401    i.bmi088_gyro_init  bmi088driver.o
    0x0800e8cc   0x0800e8cc   0x000000d0   Code   RO        10402    i.bmi088_gyro_self_test  bmi088driver.o
    0x0800e99c   0x0800e99c   0x0000013c   Code   RO         8680    i.bsp_I2C_check_ack  bsp_i2c.o
    0x0800ead8   0x0800ead8   0x0000004c   Code   RO         8681    i.bsp_I2C_master_transmit  bsp_i2c.o
    0x0800eb24   0x0800eb24   0x0000004c   Code   RO         8682    i.bsp_I2C_reset     bsp_i2c.o
    0x0800eb70   0x0800eb70   0x00000010   Code   RO         8412    i.buzzer_off        bsp_buzzer.o
    0x0800eb80   0x0800eb80   0x00000014   Code   RO         8413    i.buzzer_on         bsp_buzzer.o
    0x0800eb94   0x0800eb94   0x0000007c   Code   RO        10083    i.buzzer_warn_error  test_task.o
    0x0800ec10   0x0800ec10   0x000000e8   Code   RO        10172    i.calc_battery_percentage  voltage_task.o
    0x0800ecf8   0x0800ecf8   0x00000180   Code   RO         9513    i.calc_gimbal_cali  gimbal_task.o
    0x0800ee78   0x0800ee78   0x000000ec   Code   RO         8989    i.cali_data_read    calibrate_task.o
    0x0800ef64   0x0800ef64   0x0000008c   Code   RO         8990    i.cali_data_write   calibrate_task.o
    0x0800eff0   0x0800eff0   0x0000006c   Code   RO         8991    i.cali_gimbal_hook  calibrate_task.o
    0x0800f05c   0x0800f05c   0x00000064   Code   RO         8992    i.cali_gyro_hook    calibrate_task.o
    0x0800f0c0   0x0800f0c0   0x00000046   Code   RO         8993    i.cali_head_hook    calibrate_task.o
    0x0800f106   0x0800f106   0x00000002   PAD
    0x0800f108   0x0800f108   0x000000b8   Code   RO         8994    i.cali_param_init   calibrate_task.o
    0x0800f1c0   0x0800f1c0   0x00000148   Code   RO         8995    i.calibrate_task    calibrate_task.o
    0x0800f308   0x0800f308   0x0000005c   Code   RO         8446    i.can_filter_init   bsp_can.o
    0x0800f364   0x0800f364   0x000000a0   Code   RO         9200    i.chassis_behaviour_control_set  chassis_behaviour.o
    0x0800f404   0x0800f404   0x0000009c   Code   RO         9201    i.chassis_behaviour_mode_set  chassis_behaviour.o
    0x0800f4a0   0x0800f4a0   0x000001cc   Code   RO         9321    i.chassis_control_loop  chassis_task.o
    0x0800f66c   0x0800f66c   0x00000060   Code   RO         9202    i.chassis_engineer_follow_chassis_yaw_control  chassis_behaviour.o
    0x0800f6cc   0x0800f6cc   0x00000164   Code   RO         9322    i.chassis_feedback_update  chassis_task.o
    0x0800f830   0x0800f830   0x0000011c   Code   RO         9203    i.chassis_infantry_follow_gimbal_yaw_control  chassis_behaviour.o
    0x0800f94c   0x0800f94c   0x000000d8   Code   RO         9323    i.chassis_init      chassis_task.o
    0x0800fa24   0x0800fa24   0x00000058   Code   RO         9324    i.chassis_mode_change_control_transit  chassis_task.o
    0x0800fa7c   0x0800fa7c   0x00000044   Code   RO         9204    i.chassis_no_follow_yaw_control  chassis_behaviour.o
    0x0800fac0   0x0800fac0   0x0000002c   Code   RO         9205    i.chassis_no_move_control  chassis_behaviour.o
    0x0800faec   0x0800faec   0x0000005c   Code   RO         9206    i.chassis_open_set_control  chassis_behaviour.o
    0x0800fb48   0x0800fb48   0x000001d0   Code   RO         9288    i.chassis_power_control  chassis_power_control.o
    0x0800fd18   0x0800fd18   0x0000015c   Code   RO         9325    i.chassis_rc_to_control_vector  chassis_task.o
    0x0800fe74   0x0800fe74   0x00000238   Code   RO         9326    i.chassis_set_contorl  chassis_task.o
    0x080100ac   0x080100ac   0x00000012   Code   RO         9327    i.chassis_set_mode  chassis_task.o
    0x080100be   0x080100be   0x00000002   PAD
    0x080100c0   0x080100c0   0x000000cc   Code   RO         9328    i.chassis_task      chassis_task.o
    0x0801018c   0x0801018c   0x00000054   Code   RO         9329    i.chassis_vector_to_mecanum_wheel_speed  chassis_task.o
    0x080101e0   0x080101e0   0x0000002c   Code   RO         9207    i.chassis_zero_force_control  chassis_behaviour.o
    0x0801020c   0x0801020c   0x00000118   Code   RO         9514    i.cmd_cali_gimbal_hook  gimbal_task.o
    0x08010324   0x08010324   0x00000030   Code   RO         8512    i.delay_init        bsp_delay.o
    0x08010354   0x08010354   0x00000050   Code   RO         8514    i.delay_us          bsp_delay.o
    0x080103a4   0x080103a4   0x00000124   Code   RO         9388    i.detect_hook       detect_task.o
    0x080104c8   0x080104c8   0x00000184   Code   RO         9389    i.detect_init       detect_task.o
    0x0801064c   0x0801064c   0x00000288   Code   RO         9390    i.detect_task       detect_task.o
    0x080108d4   0x080108d4   0x0000003a   Code   RO        11052    i.fifo_s_get        fifo.o
    0x0801090e   0x0801090e   0x00000016   Code   RO        11055    i.fifo_s_init       fifo.o
    0x08010924   0x08010924   0x000000a0   Code   RO        11061    i.fifo_s_puts       fifo.o
    0x080109c4   0x080109c4   0x00000006   Code   RO        11063    i.fifo_s_used       fifo.o
    0x080109ca   0x080109ca   0x00000054   Code   RO        10877    i.first_order_filter_cali  user_lib.o
    0x08010a1e   0x08010a1e   0x00000002   PAD
    0x08010a20   0x08010a20   0x00000024   Code   RO        10878    i.first_order_filter_init  user_lib.o
    0x08010a44   0x08010a44   0x0000002e   Code   RO         8550    i.flash_erase_address  bsp_flash.o
    0x08010a72   0x08010a72   0x00000014   Code   RO         8551    i.flash_read        bsp_flash.o
    0x08010a86   0x08010a86   0x00000002   PAD
    0x08010a88   0x08010a88   0x00000098   Code   RO         8553    i.flash_write_single_address  bsp_flash.o
    0x08010b20   0x08010b20   0x0000002a   Code   RO        10879    i.fp32_constrain    user_lib.o
    0x08010b4a   0x08010b4a   0x00000002   PAD
    0x08010b4c   0x08010b4c   0x0000000c   Code   RO         8607    i.fric1_on          bsp_fric.o
    0x08010b58   0x08010b58   0x0000000c   Code   RO         8608    i.fric2_on          bsp_fric.o
    0x08010b64   0x08010b64   0x000000f4   Code   RO         8554    i.ger_sector        bsp_flash.o
    0x08010c58   0x08010c58   0x00000034   Code   RO        10974    i.get_CRC16_check_sum  crc8_crc16.o
    0x08010c8c   0x08010c8c   0x00000024   Code   RO        10975    i.get_CRC8_check_sum  crc8_crc16.o
    0x08010cb0   0x08010cb0   0x00000008   Code   RO         9661    i.get_INS_angle_point  ins_task.o
    0x08010cb8   0x08010cb8   0x000000e8   Code   RO        11351    i.get_angle         AHRS.lib(ahrs.o)
    0x08010da0   0x08010da0   0x00000024   Code   RO        10173    i.get_battery_percentage  voltage_task.o
    0x08010dc4   0x08010dc4   0x00000048   Code   RO         8266    i.get_battery_voltage  bsp_adc.o
    0x08010e0c   0x08010e0c   0x00000018   Code   RO         9105    i.get_chassis_motor_measure_point  can_receive.o
    0x08010e24   0x08010e24   0x0000001c   Code   RO         9807    i.get_chassis_power_and_buffer  referee.o
    0x08010e40   0x08010e40   0x0000000c   Code   RO         8996    i.get_control_temperature  calibrate_task.o
    0x08010e4c   0x08010e4c   0x00000008   Code   RO         9391    i.get_error_list_point  detect_task.o
    0x08010e54   0x08010e54   0x00000008   Code   RO         9515    i.get_gimbal_pointer  gimbal_task.o
    0x08010e5c   0x08010e5c   0x00000008   Code   RO         9664    i.get_gyro_data_point  ins_task.o
    0x08010e64   0x08010e64   0x000000e8   Code   RO         8555    i.get_next_flash_address  bsp_flash.o
    0x08010f4c   0x08010f4c   0x00000008   Code   RO         9106    i.get_pitch_gimbal_motor_measure_point  can_receive.o
    0x08010f54   0x08010f54   0x00000008   Code   RO         9516    i.get_pitch_motor_point  gimbal_task.o
    0x08010f5c   0x08010f5c   0x00000008   Code   RO         9953    i.get_remote_control_point  remote_control.o
    0x08010f64   0x08010f64   0x0000000c   Code   RO         9808    i.get_robot_id      referee.o
    0x08010f70   0x08010f70   0x00000018   Code   RO         9809    i.get_shoot_heat0_limit_and_heat0  referee.o
    0x08010f88   0x08010f88   0x0000005c   Code   RO         8268    i.get_temprate      bsp_adc.o
    0x08010fe4   0x08010fe4   0x00000008   Code   RO         9107    i.get_trigger_motor_measure_point  can_receive.o
    0x08010fec   0x08010fec   0x00000008   Code   RO         9108    i.get_yaw_gimbal_motor_measure_point  can_receive.o
    0x08010ff4   0x08010ff4   0x00000008   Code   RO         9517    i.get_yaw_motor_point  gimbal_task.o
    0x08010ffc   0x08010ffc   0x000000bc   Code   RO         9518    i.gimbal_PID_calc   gimbal_task.o
    0x080110b8   0x080110b8   0x00000030   Code   RO         9519    i.gimbal_PID_clear  gimbal_task.o
    0x080110e8   0x080110e8   0x00000030   Code   RO         9520    i.gimbal_PID_init   gimbal_task.o
    0x08011118   0x08011118   0x000001f8   Code   RO         9431    i.gimbal_absolute_angle_control  gimbal_behaviour.o
    0x08011310   0x08011310   0x000000f4   Code   RO         9521    i.gimbal_absolute_angle_limit  gimbal_task.o
    0x08011404   0x08011404   0x0000008c   Code   RO         9432    i.gimbal_behaviour_control_set  gimbal_behaviour.o
    0x08011490   0x08011490   0x0000008c   Code   RO         9433    i.gimbal_behaviour_mode_set  gimbal_behaviour.o
    0x0801151c   0x0801151c   0x000001a0   Code   RO         9434    i.gimbal_behavour_set  gimbal_behaviour.o
    0x080116bc   0x080116bc   0x000001d0   Code   RO         9435    i.gimbal_cali_control  gimbal_behaviour.o
    0x0801188c   0x0801188c   0x0000002c   Code   RO         9436    i.gimbal_cmd_to_chassis_stop  gimbal_behaviour.o
    0x080118b8   0x080118b8   0x00000024   Code   RO         9437    i.gimbal_cmd_to_shoot_stop  gimbal_behaviour.o
    0x080118dc   0x080118dc   0x00000070   Code   RO         9522    i.gimbal_control_loop  gimbal_task.o
    0x0801194c   0x0801194c   0x00000084   Code   RO         9523    i.gimbal_feedback_update  gimbal_task.o
    0x080119d0   0x080119d0   0x00000158   Code   RO         9524    i.gimbal_init       gimbal_task.o
    0x08011b28   0x08011b28   0x000000c4   Code   RO         9438    i.gimbal_init_control  gimbal_behaviour.o
    0x08011bec   0x08011bec   0x000000c0   Code   RO         9525    i.gimbal_mode_change_control_transit  gimbal_task.o
    0x08011cac   0x08011cac   0x00000020   Code   RO         9439    i.gimbal_motionless_control  gimbal_behaviour.o
    0x08011ccc   0x08011ccc   0x0000005c   Code   RO         9526    i.gimbal_motor_absolute_angle_control  gimbal_task.o
    0x08011d28   0x08011d28   0x00000022   Code   RO         9527    i.gimbal_motor_raw_angle_control  gimbal_task.o
    0x08011d4a   0x08011d4a   0x0000005e   Code   RO         9528    i.gimbal_motor_relative_angle_control  gimbal_task.o
    0x08011da8   0x08011da8   0x000000d0   Code   RO         9440    i.gimbal_relative_angle_control  gimbal_behaviour.o
    0x08011e78   0x08011e78   0x0000004a   Code   RO         9529    i.gimbal_relative_angle_limit  gimbal_task.o
    0x08011ec2   0x08011ec2   0x00000002   PAD
    0x08011ec4   0x08011ec4   0x000000a0   Code   RO         9530    i.gimbal_set_control  gimbal_task.o
    0x08011f64   0x08011f64   0x00000012   Code   RO         9531    i.gimbal_set_mode   gimbal_task.o
    0x08011f76   0x08011f76   0x00000002   PAD
    0x08011f78   0x08011f78   0x000000e4   Code   RO         9532    i.gimbal_task       gimbal_task.o
    0x0801205c   0x0801205c   0x00000020   Code   RO         9441    i.gimbal_zero_force_control  gimbal_behaviour.o
    0x0801207c   0x0801207c   0x00000054   Code   RO         9666    i.gyro_offset_calc  ins_task.o
    0x080120d0   0x080120d0   0x0000012c   Code   RO         9667    i.imu_cali_slove    ins_task.o
    0x080121fc   0x080121fc   0x00000168   Code   RO         9668    i.imu_cmd_spi_dma   ins_task.o
    0x08012364   0x08012364   0x0000000c   Code   RO         8647    i.imu_pwm_set       bsp_imu_pwm.o
    0x08012370   0x08012370   0x000000b8   Code   RO         9669    i.imu_temp_control  ins_task.o
    0x08012428   0x08012428   0x000000b8   Code   RO         9811    i.init_referee_struct_data  referee.o
    0x080124e0   0x080124e0   0x00000040   Code   RO         8269    i.init_vrefint_reciprocal  bsp_adc.o
    0x08012520   0x08012520   0x00000002   Code   RO        10627    i.ist8310_GPIO_init  ist8310driver_middleware.o
    0x08012522   0x08012522   0x00000002   PAD
    0x08012524   0x08012524   0x00000028   Code   RO        10629    i.ist8310_IIC_read_single_reg  ist8310driver_middleware.o
    0x0801254c   0x0801254c   0x00000028   Code   RO        10631    i.ist8310_IIC_write_single_reg  ist8310driver_middleware.o
    0x08012574   0x08012574   0x00000014   Code   RO        10632    i.ist8310_RST_H     ist8310driver_middleware.o
    0x08012588   0x08012588   0x00000014   Code   RO        10633    i.ist8310_RST_L     ist8310driver_middleware.o
    0x0801259c   0x0801259c   0x00000002   Code   RO        10634    i.ist8310_com_init  ist8310driver_middleware.o
    0x0801259e   0x0801259e   0x0000000c   Code   RO        10635    i.ist8310_delay_ms  ist8310driver_middleware.o
    0x080125aa   0x080125aa   0x00000002   PAD
    0x080125ac   0x080125ac   0x00000094   Code   RO        10595    i.ist8310_init      ist8310driver.o
    0x08012640   0x08012640   0x00000010   Code   RO         8745    i.laser_off         bsp_laser.o
    0x08012650   0x08012650   0x00000010   Code   RO         8746    i.laser_on          bsp_laser.o
    0x08012660   0x08012660   0x000001b0   Code   RO        10209    i.led_RGB_flow_task  led_flow_task.o
    0x08012810   0x08012810   0x00000060   Code   RO        10884    i.loop_fp32_constrain  user_lib.o
    0x08012870   0x08012870   0x00000084   Code   RO           15    i.main              main.o
    0x080128f4   0x080128f4   0x0000000e   Code   RO         7359    i.makeFreeRtosPriority  cmsis_os.o
    0x08012902   0x08012902   0x00000002   PAD
    0x08012904   0x08012904   0x00000034   Code   RO         9533    i.motor_ecd_to_angle_change  gimbal_task.o
    0x08012938   0x08012938   0x00000214   Code   RO         9773    i.oled_task         oled_task.o
    0x08012b4c   0x08012b4c   0x00000030   Code   RO        10279    i.oled_write_byte   oled.o
    0x08012b7c   0x08012b7c   0x00000018   Code   RO         7361    i.osDelay           cmsis_os.o
    0x08012b94   0x08012b94   0x0000000a   Code   RO         7364    i.osKernelStart     cmsis_os.o
    0x08012b9e   0x08012b9e   0x0000005e   Code   RO         7398    i.osThreadCreate    cmsis_os.o
    0x08012bfc   0x08012bfc   0x00000030   Code   RO         6856    i.pcTaskGetName     tasks.o
    0x08012c2c   0x08012c2c   0x000000d8   Code   RO         9876    i.pc_command_unpack  referee_usart_task.o
    0x08012d04   0x08012d04   0x00000020   Code   RO         9877    i.pc_control_init   referee_usart_task.o
    0x08012d24   0x08012d24   0x000000a4   Code   RO         6857    i.prvAddCurrentTaskToDelayedList  tasks.o
    0x08012dc8   0x08012dc8   0x000000b4   Code   RO         6858    i.prvAddNewTaskToReadyList  tasks.o
    0x08012e7c   0x08012e7c   0x00000074   Code   RO         7206    i.prvCheckForValidListAndQueue  timers.o
    0x08012ef0   0x08012ef0   0x00000048   Code   RO         6859    i.prvCheckTasksWaitingTermination  tasks.o
    0x08012f38   0x08012f38   0x0000002a   Code   RO         6513    i.prvCopyDataFromQueue  queue.o
    0x08012f62   0x08012f62   0x0000007c   Code   RO         6514    i.prvCopyDataToQueue  queue.o
    0x08012fde   0x08012fde   0x00000050   Code   RO         6860    i.prvDeleteTCB      tasks.o
    0x0801302e   0x0801302e   0x00000002   PAD
    0x08013030   0x08013030   0x00000028   Code   RO         7207    i.prvGetNextExpireTime  timers.o
    0x08013058   0x08013058   0x0000007c   Code   RO         7738    i.prvHeapInit       heap_4.o
    0x080130d4   0x080130d4   0x00000028   Code   RO         6861    i.prvIdleTask       tasks.o
    0x080130fc   0x080130fc   0x00000026   Code   RO         6517    i.prvInitialiseNewQueue  queue.o
    0x08013122   0x08013122   0x000000b8   Code   RO         6862    i.prvInitialiseNewTask  tasks.o
    0x080131da   0x080131da   0x00000002   PAD
    0x080131dc   0x080131dc   0x00000068   Code   RO         6863    i.prvInitialiseTaskLists  tasks.o
    0x08013244   0x08013244   0x00000068   Code   RO         7739    i.prvInsertBlockIntoFreeList  heap_4.o
    0x080132ac   0x080132ac   0x00000058   Code   RO         7209    i.prvInsertTimerInActiveList  timers.o
    0x08013304   0x08013304   0x0000001a   Code   RO         6518    i.prvIsQueueEmpty   queue.o
    0x0801331e   0x0801331e   0x0000001e   Code   RO         6519    i.prvIsQueueFull    queue.o
    0x0801333c   0x0801333c   0x00000064   Code   RO         7210    i.prvProcessExpiredTimer  timers.o
    0x080133a0   0x080133a0   0x00000128   Code   RO         7211    i.prvProcessReceivedCommands  timers.o
    0x080134c8   0x080134c8   0x00000074   Code   RO         7212    i.prvProcessTimerOrBlockTask  timers.o
    0x0801353c   0x0801353c   0x00000034   Code   RO         6864    i.prvResetNextTaskUnblockTime  tasks.o
    0x08013570   0x08013570   0x0000002c   Code   RO         7213    i.prvSampleTimeNow  timers.o
    0x0801359c   0x0801359c   0x0000009e   Code   RO         6865    i.prvSearchForNameWithinSingleList  tasks.o
    0x0801363a   0x0801363a   0x00000002   PAD
    0x0801363c   0x0801363c   0x000000a0   Code   RO         7214    i.prvSwitchTimerLists  timers.o
    0x080136dc   0x080136dc   0x00000016   Code   RO         6866    i.prvTaskCheckFreeStackSpace  tasks.o
    0x080136f2   0x080136f2   0x00000002   PAD
    0x080136f4   0x080136f4   0x00000040   Code   RO         7788    i.prvTaskExitError  port.o
    0x08013734   0x08013734   0x0000001a   Code   RO         7215    i.prvTimerTask      timers.o
    0x0801374e   0x0801374e   0x0000007e   Code   RO         6520    i.prvUnlockQueue    queue.o
    0x080137cc   0x080137cc   0x0000013c   Code   RO         7740    i.pvPortMalloc      heap_4.o
    0x08013908   0x08013908   0x0000002c   Code   RO         7789    i.pxPortInitialiseStack  port.o
    0x08013934   0x08013934   0x00000084   Code   RO        11356    i.quat_normalization  AHRS.lib(ahrs.o)
    0x080139b8   0x080139b8   0x0000005a   Code   RO        10885    i.ramp_calc         user_lib.o
    0x08013a12   0x08013a12   0x00000002   PAD
    0x08013a14   0x08013a14   0x0000002c   Code   RO        10886    i.ramp_init         user_lib.o
    0x08013a40   0x08013a40   0x00000180   Code   RO         9812    i.referee_data_solve  referee.o
    0x08013bc0   0x08013bc0   0x0000014c   Code   RO         9878    i.referee_unpack_fifo_data  referee_usart_task.o
    0x08013d0c   0x08013d0c   0x00000040   Code   RO         9879    i.referee_usart_task  referee_usart_task.o
    0x08013d4c   0x08013d4c   0x00000014   Code   RO         9954    i.remote_control_init  remote_control.o
    0x08013d60   0x08013d60   0x000000da   Code   RO         9955    i.sbus_to_rc        remote_control.o
    0x08013e3a   0x08013e3a   0x00000002   PAD
    0x08013e3c   0x08013e3c   0x00000058   Code   RO         9956    i.sbus_to_usart1    remote_control.o
    0x08013e94   0x08013e94   0x00000014   Code   RO         9880    i.sendData_Task_EE_To_PC  referee_usart_task.o
    0x08013ea8   0x08013ea8   0x00000084   Code   RO         9881    i.sendPack          referee_usart_task.o
    0x08013f2c   0x08013f2c   0x0000003c   Code   RO         8963    i.servo_pwm_set     bsp_servo_pwm.o
    0x08013f68   0x08013f68   0x000000b0   Code   RO        10236    i.servo_task        servo_task.o
    0x08014018   0x08014018   0x00000020   Code   RO         9534    i.set_cali_gimbal_hook  gimbal_task.o
    0x08014038   0x08014038   0x000000a4   Code   RO        10025    i.shoot_bullet_control  shoot.o
    0x080140dc   0x080140dc   0x000001b4   Code   RO        10026    i.shoot_control_loop  shoot.o
    0x08014290   0x08014290   0x00000230   Code   RO        10027    i.shoot_feedback_update  shoot.o
    0x080144c0   0x080144c0   0x000000d4   Code   RO        10028    i.shoot_init        shoot.o
    0x08014594   0x08014594   0x00000210   Code   RO        10029    i.shoot_set_mode    shoot.o
    0x080147a4   0x080147a4   0x0000003e   Code   RO        11747    i.sqrtf             m_wm.l(sqrtf_full.o)
    0x080147e2   0x080147e2   0x00000002   PAD
    0x080147e4   0x080147e4   0x00000094   Code   RO        10084    i.test_task         test_task.o
    0x08014878   0x08014878   0x00000018   Code   RO         9392    i.toe_is_error      detect_task.o
    0x08014890   0x08014890   0x000000cc   Code   RO        10030    i.trigger_motor_turn_back  shoot.o
    0x0801495c   0x0801495c   0x00000074   Code   RO         6869    i.ulTaskNotifyTake  tasks.o
    0x080149d0   0x080149d0   0x0000007a   Code   RO        11357    i.update_w          AHRS.lib(ahrs.o)
    0x08014a4a   0x08014a4a   0x00000002   PAD
    0x08014a4c   0x08014a4c   0x0000013c   Code   RO         8914    i.usart1_init       bsp_usart.o
    0x08014b88   0x08014b88   0x000000a8   Code   RO         8915    i.usart1_tx_dma_enable  bsp_usart.o
    0x08014c30   0x08014c30   0x00000074   Code   RO         8916    i.usart1_tx_dma_init  bsp_usart.o
    0x08014ca4   0x08014ca4   0x00000138   Code   RO         8917    i.usart6_init       bsp_usart.o
    0x08014ddc   0x08014ddc   0x00000038   Code   RO        10118    i.usb_printf        usb_task.o
    0x08014e14   0x08014e14   0x00000134   Code   RO        10119    i.usb_task          usb_task.o
    0x08014f48   0x08014f48   0x00000028   Code   RO         6473    i.uxListRemove      list.o
    0x08014f70   0x08014f70   0x00000028   Code   RO         6871    i.uxTaskGetStackHighWaterMark  tasks.o
    0x08014f98   0x08014f98   0x00000018   Code   RO          533    i.vApplicationGetIdleTaskMemory  freertos.o
    0x08014fb0   0x08014fb0   0x00000018   Code   RO          534    i.vApplicationGetTimerTaskMemory  freertos.o
    0x08014fc8   0x08014fc8   0x0000001a   Code   RO         6474    i.vListInitialise   list.o
    0x08014fe2   0x08014fe2   0x00000006   Code   RO         6475    i.vListInitialiseItem  list.o
    0x08014fe8   0x08014fe8   0x00000034   Code   RO         6476    i.vListInsert       list.o
    0x0801501c   0x0801501c   0x00000018   Code   RO         6477    i.vListInsertEnd    list.o
    0x08015034   0x08015034   0x00000054   Code   RO         7791    i.vPortEnterCritical  port.o
    0x08015088   0x08015088   0x0000003c   Code   RO         7792    i.vPortExitCritical  port.o
    0x080150c4   0x080150c4   0x00000094   Code   RO         7741    i.vPortFree         heap_4.o
    0x08015158   0x08015158   0x00000028   Code   RO         7793    i.vPortSetupTimerInterrupt  port.o
    0x08015180   0x08015180   0x00000078   Code   RO         7794    i.vPortValidateInterruptPriority  port.o
    0x080151f8   0x080151f8   0x0000002c   Code   RO         6524    i.vQueueAddToRegistry  queue.o
    0x08015224   0x08015224   0x0000004a   Code   RO         6527    i.vQueueWaitForMessageRestricted  queue.o
    0x0801526e   0x0801526e   0x00000002   PAD
    0x08015270   0x08015270   0x0000005c   Code   RO         6875    i.vTaskDelay        tasks.o
    0x080152cc   0x080152cc   0x00000018   Code   RO         6879    i.vTaskInternalSetTimeOutState  tasks.o
    0x080152e4   0x080152e4   0x0000000c   Code   RO         6880    i.vTaskMissedYield  tasks.o
    0x080152f0   0x080152f0   0x000000f0   Code   RO         6881    i.vTaskNotifyGiveFromISR  tasks.o
    0x080153e0   0x080153e0   0x00000038   Code   RO         6882    i.vTaskPlaceOnEventList  tasks.o
    0x08015418   0x08015418   0x00000040   Code   RO         6883    i.vTaskPlaceOnEventListRestricted  tasks.o
    0x08015458   0x08015458   0x000000b8   Code   RO         6890    i.vTaskStartScheduler  tasks.o
    0x08015510   0x08015510   0x00000010   Code   RO         6892    i.vTaskSuspendAll   tasks.o
    0x08015520   0x08015520   0x0000008c   Code   RO         6893    i.vTaskSwitchContext  tasks.o
    0x080155ac   0x080155ac   0x00000040   Code   RO        10976    i.verify_CRC16_check_sum  crc8_crc16.o
    0x080155ec   0x080155ec   0x0000002e   Code   RO        10977    i.verify_CRC8_check_sum  crc8_crc16.o
    0x0801561a   0x0801561a   0x00000002   PAD
    0x0801561c   0x0801561c   0x00000168   Code   RO         7795    i.xPortStartScheduler  port.o
    0x08015784   0x08015784   0x00000034   Code   RO         7796    i.xPortSysTickHandler  port.o
    0x080157b8   0x080157b8   0x000000de   Code   RO         6531    i.xQueueGenericCreateStatic  queue.o
    0x08015896   0x08015896   0x00000002   PAD
    0x08015898   0x08015898   0x00000098   Code   RO         6532    i.xQueueGenericReset  queue.o
    0x08015930   0x08015930   0x000001a8   Code   RO         6533    i.xQueueGenericSend  queue.o
    0x08015ad8   0x08015ad8   0x000000f8   Code   RO         6534    i.xQueueGenericSendFromISR  queue.o
    0x08015bd0   0x08015bd0   0x00000168   Code   RO         6542    i.xQueueReceive     queue.o
    0x08015d38   0x08015d38   0x000000a8   Code   RO         6895    i.xTaskCheckForTimeOut  tasks.o
    0x08015de0   0x08015de0   0x00000064   Code   RO         6896    i.xTaskCreate       tasks.o
    0x08015e44   0x08015e44   0x000000b8   Code   RO         6897    i.xTaskCreateStatic  tasks.o
    0x08015efc   0x08015efc   0x000000a4   Code   RO         6901    i.xTaskGetHandle    tasks.o
    0x08015fa0   0x08015fa0   0x00000020   Code   RO         6902    i.xTaskGetSchedulerState  tasks.o
    0x08015fc0   0x08015fc0   0x0000000c   Code   RO         6903    i.xTaskGetTickCount  tasks.o
    0x08015fcc   0x08015fcc   0x00000148   Code   RO         6905    i.xTaskIncrementTick  tasks.o
    0x08016114   0x08016114   0x000000c8   Code   RO         6908    i.xTaskPriorityDisinherit  tasks.o
    0x080161dc   0x080161dc   0x00000098   Code   RO         6910    i.xTaskRemoveFromEventList  tasks.o
    0x08016274   0x08016274   0x00000104   Code   RO         6911    i.xTaskResumeAll    tasks.o
    0x08016378   0x08016378   0x00000078   Code   RO         7220    i.xTimerCreateTimerTask  timers.o
    0x080163f0   0x080163f0   0x00000084   Code   RO         7221    i.xTimerGenericCommand  timers.o
    0x08016474   0x08016474   0x0000002c   Code   RO        12095    locale$$code        c_w.l(lc_numeric_c.o)
    0x080164a0   0x080164a0   0x0000002c   Code   RO        12130    locale$$code        c_w.l(lc_ctype_c.o)
    0x080164cc   0x080164cc   0x000002c4   Code   RO        11677    x$fpl$d2f           g_wm.l(d2f_clz.o)
    0x08016790   0x08016790   0x0000024c   Code   RO        11679    x$fpl$dadd          g_wm.l(daddsub_clz.o)
    0x080169dc   0x080169dc   0x00000018   Code   RO        11929    x$fpl$dcmpinf       g_wm.l(dcmpi.o)
    0x080169f4   0x080169f4   0x0000001a   Code   RO        11933    x$fpl$dfltn         g_wm.l(dflt_clz.o)
    0x08016a0e   0x08016a0e   0x00000002   PAD
    0x08016a10   0x08016a10   0x00000078   Code   RO        11685    x$fpl$dleqf         g_wm.l(dleqf.o)
    0x08016a88   0x08016a88   0x00000102   Code   RO        11937    x$fpl$dnaninf       g_wm.l(dnaninf.o)
    0x08016b8a   0x08016b8a   0x00000070   Code   RO        12045    x$fpl$drenorm       g_wm.l(drenorm_clz.o)
    0x08016bfa   0x08016bfa   0x0000000c   Code   RO        11939    x$fpl$dretinf       g_wm.l(dretinf.o)
    0x08016c06   0x08016c06   0x00000062   Code   RO        11687    x$fpl$drleqf        g_wm.l(drleqf.o)
    0x08016c68   0x08016c68   0x0000029c   Code   RO        11681    x$fpl$dsub          g_wm.l(daddsub_clz.o)
    0x08016f04   0x08016f04   0x0000017a   Code   RO        11941    x$fpl$dunder        g_wm.l(dunder_clz.o)
    0x0801707e   0x0801707e   0x00000002   PAD
    0x08017080   0x08017080   0x000001ec   Code   RO        11943    x$fpl$exception     g_wm.l(except.o)
    0x0801726c   0x0801726c   0x0000007a   Code   RO        11689    x$fpl$f2d           g_wm.l(f2d.o)
    0x080172e6   0x080172e6   0x000000f2   Code   RO        11945    x$fpl$fnaninf       g_wm.l(fnaninf.o)
    0x080173d8   0x080173d8   0x0000000a   Code   RO        12047    x$fpl$fpinit        g_wm.l(fpinit.o)
    0x080173e2   0x080173e2   0x0000000a   Code   RO        11947    x$fpl$fretinf       g_wm.l(fretinf.o)
    0x080173ec   0x080173ec   0x0000013c   Code   RO        11949    x$fpl$funder        g_wm.l(funder_clz.o)
    0x08017528   0x08017528   0x00000020   Code   RO        12117    x$fpl$ieeestatus    g_wm.l(istatus.o)
    0x08017548   0x08017548   0x00000004   Code   RO        11951    x$fpl$printf1       g_wm.l(printf1.o)
    0x0801754c   0x0801754c   0x00000004   Code   RO        11953    x$fpl$printf2       g_wm.l(printf2.o)
    0x08017550   0x08017550   0x000000b2   Code   RO        12049    x$fpl$retnan        g_wm.l(retnan.o)
    0x08017602   0x08017602   0x0000007e   Code   RO        11959    x$fpl$trapveneer    g_wm.l(trapv.o)
    0x08017680   0x08017680   0x00000000   Code   RO        11961    x$fpl$usenofp       g_wm.l(usenofp.o)
    0x08017680   0x08017680   0x00000150   Data   RO          536    .constdata          freertos.o
    0x080177d0   0x080177d0   0x00000008   Data   RO         2566    .constdata          stm32f4xx_hal_dma.o
    0x080177d8   0x080177d8   0x00000018   Data   RO         6337    .constdata          system_stm32f4xx.o
    0x080177f0   0x080177f0   0x0000000f   Data   RO         8999    .constdata          calibrate_task.o
    0x080177ff   0x080177ff   0x00000001   PAD
    0x08017800   0x08017800   0x00000020   Data   RO         9331    .constdata          chassis_task.o
    0x08017820   0x08017820   0x00000054   Data   RO         9394    .constdata          detect_task.o
    0x08017874   0x08017874   0x00000018   Data   RO         9536    .constdata          gimbal_task.o
    0x0801788c   0x0801788c   0x00000018   Data   RO         9671    .constdata          ins_task.o
    0x080178a4   0x080178a4   0x00001164   Data   RO         9774    .constdata          oled_task.o
    0x08018a08   0x08018a08   0x00000018   Data   RO        10032    .constdata          shoot.o
    0x08018a20   0x08018a20   0x0000000e   Data   RO        10121    .constdata          usb_task.o
    0x08018a2e   0x08018a2e   0x00000008   Data   RO        10237    .constdata          servo_task.o
    0x08018a36   0x08018a36   0x00000002   PAD
    0x08018a38   0x08018a38   0x0000115c   Data   RO        10281    .constdata          oled.o
    0x08019b94   0x08019b94   0x00000012   Data   RO        10407    .constdata          bmi088driver.o
    0x08019ba6   0x08019ba6   0x0000000c   Data   RO        10598    .constdata          ist8310driver.o
    0x08019bb2   0x08019bb2   0x00000302   Data   RO        10978    .constdata          crc8_crc16.o
    0x08019eb4   0x08019eb4   0x0000000c   Data   RO        11358    .constdata          AHRS.lib(ahrs.o)
    0x08019ec0   0x08019ec0   0x00000804   Data   RO        11568    .constdata          arm_cortexM4lf_math.lib(arm_common_tables.o)
    0x0801a6c4   0x0801a6c4   0x00000008   Data   RO        11808    .constdata          c_w.l(_printf_wctomb.o)
    0x0801a6cc   0x0801a6cc   0x00000028   Data   RO        11837    .constdata          c_w.l(_printf_hex_int_ll_ptr.o)
    0x0801a6f4   0x0801a6f4   0x00000011   Data   RO        11857    .constdata          c_w.l(__printf_flags_ss_wp.o)
    0x0801a705   0x0801a705   0x00000026   Data   RO        12025    .constdata          c_w.l(_printf_fp_hex.o)
    0x0801a72b   0x0801a72b   0x00000001   PAD
    0x0801a72c   0x0801a72c   0x00000094   Data   RO        12070    .constdata          c_w.l(bigflt0.o)
    0x0801a7c0   0x0801a7c0   0x00000069   Data   RO          537    .conststring        freertos.o
    0x0801a829   0x0801a829   0x00000003   PAD
    0x0801a82c   0x0801a82c   0x00000122   Data   RO        10122    .conststring        usb_task.o
    0x0801a94e   0x0801a94e   0x00000002   PAD
    0x0801a950   0x0801a950   0x00000020   Data   RO        12184    Region$$Table       anon$$obj.o
    0x0801a970   0x0801a970   0x0000001c   Data   RO        12094    locale$$data        c_w.l(lc_numeric_c.o)
    0x0801a98c   0x0801a98c   0x00000110   Data   RO        12129    locale$$data        c_w.l(lc_ctype_c.o)


    Execution Region RW_IRAM1 (Exec base: 0x20000000, Load base: 0x0801aa9c, Size: 0x0000e758, Max: 0x00020000, ABSOLUTE, COMPRESSED[0x0000017c])

    Exec Addr    Load Addr    Size         Type   Attr      Idx    E Section Name        Object

    0x20000000   COMPRESSED   0x00000004   Data   RW          421    .data               can.o
    0x20000004   COMPRESSED   0x00000008   Data   RW          468    .data               crc.o
    0x2000000c   COMPRESSED   0x00000030   Data   RW          538    .data               freertos.o
    0x2000003c   COMPRESSED   0x0000004e   Data   RW         1188    .data               usbd_desc.o
    0x2000008a   COMPRESSED   0x00000002   PAD
    0x2000008c   COMPRESSED   0x00000010   Data   RW         1274    .data               usbd_cdc_if.o
    0x2000009c   COMPRESSED   0x00000009   Data   RW         2998    .data               stm32f4xx_hal.o
    0x200000a5   COMPRESSED   0x00000003   PAD
    0x200000a8   COMPRESSED   0x00000004   Data   RW         6338    .data               system_stm32f4xx.o
    0x200000ac   COMPRESSED   0x0000003c   Data   RW         6914    .data               tasks.o
    0x200000e8   COMPRESSED   0x00000014   Data   RW         7229    .data               timers.o
    0x200000fc   COMPRESSED   0x00000018   Data   RW         7746    .data               heap_4.o
    0x20000114   COMPRESSED   0x0000000c   Data   RW         7797    .data               port.o
    0x20000120   COMPRESSED   0x00000001   Data   RW         8019    .data               usbd_ctlreq.o
    0x20000121   COMPRESSED   0x00000003   PAD
    0x20000124   COMPRESSED   0x0000010f   Data   RW         8175    .data               usbd_cdc.o
    0x20000233   COMPRESSED   0x00000001   PAD
    0x20000234   COMPRESSED   0x00000004   Data   RW         8271    .data               bsp_adc.o
    0x20000238   COMPRESSED   0x00000008   Data   RW         8515    .data               bsp_delay.o
    0x20000240   COMPRESSED   0x00000010   Data   RW         8556    .data               bsp_flash.o
    0x20000250   COMPRESSED   0x00000008   Data   RW         8780    .data               bsp_led.o
    0x20000258   COMPRESSED   0x00000054   Data   RW         9000    .data               calibrate_task.o
    0x200002ac   COMPRESSED   0x00000011   Data   RW         9110    .data               can_receive.o
    0x200002bd   COMPRESSED   0x00000003   PAD
    0x200002c0   COMPRESSED   0x00000011   Data   RW         9208    .data               chassis_behaviour.o
    0x200002d1   COMPRESSED   0x00000003   PAD
    0x200002d4   COMPRESSED   0x00000004   Data   RW         9332    .data               chassis_task.o
    0x200002d8   COMPRESSED   0x00000009   Data   RW         9395    .data               detect_task.o
    0x200002e1   COMPRESSED   0x00000003   PAD
    0x200002e4   COMPRESSED   0x0000001c   Data   RW         9442    .data               gimbal_behaviour.o
    0x20000300   COMPRESSED   0x00000014   Data   RW         9537    .data               gimbal_task.o
    0x20000314   COMPRESSED   0x000000a0   Data   RW         9672    .data               ins_task.o
    0x200003b4   COMPRESSED   0x00000017   Data   RW         9775    .data               oled_task.o
    0x200003cb   COMPRESSED   0x00000026   Data   RW         9814    .data               referee.o
    0x200003f1   COMPRESSED   0x00000003   PAD
    0x200003f4   COMPRESSED   0x00000016   Data   RW         9884    .data               referee_usart_task.o
    0x2000040a   COMPRESSED   0x00000003   Data   RW         9960    .data               remote_control.o
    0x2000040d   COMPRESSED   0x00000003   PAD
    0x20000410   COMPRESSED   0x00000012   Data   RW        10033    .data               shoot.o
    0x20000422   COMPRESSED   0x00000002   PAD
    0x20000424   COMPRESSED   0x0000000a   Data   RW        10085    .data               test_task.o
    0x2000042e   COMPRESSED   0x00000002   PAD
    0x20000430   COMPRESSED   0x00000008   Data   RW        10123    .data               usb_task.o
    0x20000438   COMPRESSED   0x00000008   Data   RW        10174    .data               voltage_task.o
    0x20000440   COMPRESSED   0x0000001c   Data   RW        10210    .data               led_flow_task.o
    0x2000045c   COMPRESSED   0x0000000c   Data   RW        10238    .data               servo_task.o
    0x20000468   COMPRESSED   0x00000008   Data   RW        10282    .data               oled.o
    0x20000470   COMPRESSED   0x0000002c   Data   RW        10408    .data               bmi088driver.o
    0x2000049c   COMPRESSED   0x00000002   Data   RW        10979    .data               crc8_crc16.o
    0x2000049e   COMPRESSED   0x00000002   PAD
    0x200004a0   COMPRESSED   0x00000010   Data   RW        11359    .data               AHRS.lib(ahrs.o)
    0x200004b0        -       0x00000090   Zero   RW          372    .bss                adc.o
    0x20000540        -       0x00000050   Zero   RW          420    .bss                can.o
    0x20000590        -       0x000006a8   Zero   RW          535    .bss                freertos.o
    0x20000c38        -       0x0000015c   Zero   RW          595    .bss                i2c.o
    0x20000d94        -       0x00000010   Zero   RW          647    .bss                rng.o
    0x20000da4        -       0x00000020   Zero   RW          689    .bss                rtc.o
    0x20000dc4        -       0x00000170   Zero   RW          732    .bss                spi.o
    0x20000f34        -       0x00000180   Zero   RW          812    .bss                tim.o
    0x200010b4        -       0x000002a0   Zero   RW          886    .bss                usart.o
    0x20001354        -       0x0000029c   Zero   RW          936    .bss                usb_device.o
    0x200015f0        -       0x00000408   Zero   RW         1012    .bss                usbd_conf.o
    0x200019f8        -       0x00000200   Zero   RW         1187    .bss                usbd_desc.o
    0x20001bf8        -       0x00001000   Zero   RW         1273    .bss                usbd_cdc_if.o
    0x20002bf8        -       0x00000020   Zero   RW         2220    .bss                stm32f4xx_hal_flash.o
    0x20002c18        -       0x00000040   Zero   RW         6545    .bss                queue.o
    0x20002c58        -       0x000000f0   Zero   RW         6913    .bss                tasks.o
    0x20002d48        -       0x00000110   Zero   RW         7228    .bss                timers.o
    0x20002e58        -       0x00006000   Zero   RW         7745    .bss                heap_4.o
    0x20008e58        -       0x00000010   Zero   RW         8270    .bss                bsp_adc.o
    0x20008e68        -       0x00000115   Zero   RW         8998    .bss                calibrate_task.o
    0x20008f7d   COMPRESSED   0x00000003   PAD
    0x20008f80        -       0x00000078   Zero   RW         9109    .bss                can_receive.o
    0x20008ff8        -       0x0000022c   Zero   RW         9330    .bss                chassis_task.o
    0x20009224        -       0x0000021c   Zero   RW         9393    .bss                detect_task.o
    0x20009440        -       0x000001e8   Zero   RW         9535    .bss                gimbal_task.o
    0x20009628        -       0x00000134   Zero   RW         9670    .bss                ins_task.o
    0x2000975c        -       0x00000055   Zero   RW         9813    .bss                referee.o
    0x200097b1   COMPRESSED   0x00000003   PAD
    0x200097b4        -       0x00000905   Zero   RW         9882    .bss                referee_usart_task.o
    0x2000a0b9        -       0x00000072   Zero   RW         9959    .bss                remote_control.o
    0x2000a12b   COMPRESSED   0x00000001   PAD
    0x2000a12c        -       0x000000b0   Zero   RW        10031    .bss                shoot.o
    0x2000a1dc        -       0x00000100   Zero   RW        10120    .bss                usb_task.o
    0x2000a2dc        -       0x00000417   Zero   RW        10280    .bss                oled.o
    0x2000a6f3   COMPRESSED   0x00000001   PAD
    0x2000a6f4        -       0x00000060   Zero   RW        11984    .bss                c_w.l(libspace.o)
    0x2000a754   COMPRESSED   0x00000004   PAD
    0x2000a758        -       0x00002000   Zero   RW            2    HEAP                startup_stm32f407xx.o
    0x2000c758        -       0x00002000   Zero   RW            1    STACK               startup_stm32f407xx.o


==============================================================================

Image component sizes


      Code (inc. data)   RO Data    RW Data    ZI Data      Debug   Object Name

       396         42          0          0        144       2422   adc.o
       168          4          0          0          0       5660   ahrs_middleware.o
      2338         40         18         44          0      10915   bmi088driver.o
       140         28          0          0          0       5032   bmi088middleware.o
       288         44          0          4         16     629728   bsp_adc.o
        36         12          0          0          0       1033   bsp_buzzer.o
        92          8          0          0          0        610   bsp_can.o
       128         20          0          8          0       1396   bsp_delay.o
       694        108          0         16          0       4221   bsp_flash.o
        24          8          0          0          0       1014   bsp_fric.o
      1260        100          0          0          0       6045   bsp_i2c.o
        12          4          0          0          0        522   bsp_imu_pwm.o
        32         10          0          0          0        951   bsp_laser.o
       104         22          0          8          0        612   bsp_led.o
       260         28          0          0          0       2059   bsp_rc.o
        60          8          0          0          0        600   bsp_servo_pwm.o
       712         40          0          0          0       1486   bsp_spi.o
       912         74          0          0          0       3184   bsp_usart.o
      2062        108         15         84        277      17822   calibrate_task.o
       488         44          0          4         80       2498   can.o
       568         84          0         17        120       8658   can_receive.o
       944         74          0         17          0      15374   chassis_behaviour.o
       464         36          0          0          0       1944   chassis_power_control.o
      2342        126         32          4        556       8248   chassis_task.o
       142          0          0          0          0      22247   cmsis_os.o
        84         18          0          8          0       1551   crc.o
       198         16        770          2          0       3865   crc8_crc16.o
      1360         50         84          9        540       4017   detect_task.o
       200          6          0          0          0        886   dma.o
         0          0          0          0          0      18000   event_groups.o
       258          0          0          0          0       9371   fifo.o
       396         74        441         48       1704       4061   freertos.o
      2212        174          0         28          0       9403   gimbal_behaviour.o
      2780        136         24         20        488      18865   gimbal_task.o
       596         30          0          0          0       1355   gpio.o
       692         62          0         24      24576       4939   heap_4.o
       700         80          0          0        348       3188   i2c.o
      2304        304         24        160        308      12676   ins_task.o
       148          6         12          0          0       1527   ist8310driver.o
       136         22          0          0          0       4147   ist8310driver_middleware.o
       432         10          0         28          0       1725   led_flow_task.o
       148          0          0          0          0       3734   list.o
       346         14          0          0          0     804708   main.o
      1108         56       4444          8       1047      11315   oled.o
       532         42       4452         23          0       3054   oled_task.o
       668         12          0          0          0       2522   pid.o
      1014         92          0         12          0      12325   port.o
      1910         20          0          0         64      15012   queue.o
       632        160          0         38         85       9295   referee.o
      1424        110          0         22       2309       8392   referee_usart_task.o
       654         44          0          3        114       4028   remote_control.o
        84         18          0          0         16       1551   rng.o
        76         16          0          0         32       1499   rtc.o
       176         14          8         12          0       1754   servo_task.o
      2104        152         24         18        176       5218   shoot.o
       604         54          0          0        368       2664   spi.o
        64         26        392          0      16384        864   startup_stm32f407xx.o
       212         36          0          9          0       4725   stm32f4xx_hal.o
      1370         54          0          0          0       5282   stm32f4xx_hal_adc.o
      2136          6          0          0          0      14779   stm32f4xx_hal_can.o
       304         22          0          0          0      34647   stm32f4xx_hal_cortex.o
        36          0          0          0          0       1087   stm32f4xx_hal_crc.o
      1236         16          8          0          0       5719   stm32f4xx_hal_dma.o
       636         64          0          0         32       6198   stm32f4xx_hal_flash.o
       432         26          0          0          0       3374   stm32f4xx_hal_flash_ex.o
       552         50          0          0          0       3039   stm32f4xx_hal_gpio.o
      3312         60          0          0          0      13996   stm32f4xx_hal_i2c.o
        84          6          0          0          0        882   stm32f4xx_hal_msp.o
      3242         18          0          0          0      13253   stm32f4xx_hal_pcd.o
        90          0          0          0          0       2529   stm32f4xx_hal_pcd_ex.o
      1732         84          0          0          0       5696   stm32f4xx_hal_rcc.o
       416         20          0          0          0       1456   stm32f4xx_hal_rcc_ex.o
        52          0          0          0          0       1115   stm32f4xx_hal_rng.o
       336          4          0          0          0       2708   stm32f4xx_hal_rtc.o
       970          8          0          0          0       4621   stm32f4xx_hal_spi.o
      1572         90          0          0          0      13231   stm32f4xx_hal_tim.o
       200          0          0          0          0       2176   stm32f4xx_hal_tim_ex.o
      1726         22          0          0          0       9640   stm32f4xx_hal_uart.o
       192         42          0          0          0       9049   stm32f4xx_it.o
      3696        112          0          0          0      23366   stm32f4xx_ll_usb.o
         0          0          0          0          0        444   stream_buffer.o
       100         18         24          4          0       1227   system_stm32f4xx.o
      3688        418          0         60        240      31409   tasks.o
       272         28          0         10          0       2100   test_task.o
      2124        162          0          0        384       7007   tim.o
      1238        124          0         20        272      27511   timers.o
       996         92          0          0        672       3659   usart.o
        76         16          0          0        668       2551   usb_device.o
       364         24        304          8        256       2706   usb_task.o
       964         24          0        271          0      13902   usbd_cdc.o
       192         22          0         16       4096       3680   usbd_cdc_if.o
       990         18          0          0       1032      16300   usbd_conf.o
       886          0          0          0          0      13425   usbd_core.o
      1944         28          0          1          0      11420   usbd_ctlreq.o
       386        122          0         78        512       6877   usbd_desc.o
       174          0          0          0          0       4880   usbd_ioreq.o
       440          8          0          0          0       5175   user_lib.o
       336         72          0          8          0       2149   voltage_task.o

    ----------------------------------------------------------------------
     78514       4806      11116       1184      57924    2080782   Object Totals
         0          0         32          0          0          0   (incl. Generated)
       104          0          8         30          8          0   (incl. Padding)

    ----------------------------------------------------------------------

      Code (inc. data)   RO Data    RW Data    ZI Data      Debug   Library Member Name

      2718         84         12         16          0       9922   ahrs.o
         0          0       2052          0          0       4636   arm_common_tables.o
       120         12          0          0          0      16970   arm_cos_f32.o
       116         12          0          0          0        658   arm_sin_f32.o
        90          0          0          0          0          0   __dczerorl2.o
         8          0          0          0          0         68   __main.o
       392          4         17          0          0         92   __printf_flags_ss_wp.o
        14          0          0          0          0         68   __printf_wp.o
         0          0          0          0          0          0   __rtentry.o
        12          0          0          0          0          0   __rtentry2.o
         6          0          0          0          0          0   __rtentry4.o
        52          8          0          0          0          0   __scatter.o
        28          0          0          0          0          0   __scatter_zi.o
        48          4          0          0          0         84   _fptrap.o
         6          0          0          0          0          0   _printf_a.o
         6          0          0          0          0          0   _printf_c.o
        44          0          0          0          0        108   _printf_char.o
        48          6          0          0          0         96   _printf_char_common.o
        40          0          0          0          0         68   _printf_charcount.o
         6          0          0          0          0          0   _printf_d.o
       120         16          0          0          0         92   _printf_dec.o
         6          0          0          0          0          0   _printf_e.o
         6          0          0          0          0          0   _printf_f.o
      1054          0          0          0          0        216   _printf_fp_dec.o
       764          8         38          0          0        100   _printf_fp_hex.o
       128         16          0          0          0         84   _printf_fp_infnan.o
         6          0          0          0          0          0   _printf_g.o
       148          4         40          0          0        160   _printf_hex_int_ll_ptr.o
         6          0          0          0          0          0   _printf_i.o
       178          0          0          0          0         88   _printf_intcommon.o
        10          0          0          0          0          0   _printf_l.o
         6          0          0          0          0          0   _printf_lc.o
        10          0          0          0          0          0   _printf_ll.o
         6          0          0          0          0          0   _printf_lld.o
         6          0          0          0          0          0   _printf_lli.o
         6          0          0          0          0          0   _printf_llo.o
         6          0          0          0          0          0   _printf_llu.o
         6          0          0          0          0          0   _printf_llx.o
       124         16          0          0          0         92   _printf_longlong_dec.o
         6          0          0          0          0          0   _printf_ls.o
         6          0          0          0          0          0   _printf_n.o
         6          0          0          0          0          0   _printf_o.o
       112         10          0          0          0        124   _printf_oct_int_ll.o
         6          0          0          0          0          0   _printf_p.o
        78          0          0          0          0        108   _printf_pad.o
         0          0          0          0          0          0   _printf_percent.o
         4          0          0          0          0          0   _printf_percent_end.o
         6          0          0          0          0          0   _printf_s.o
        82          0          0          0          0         80   _printf_str.o
        36          0          0          0          0         84   _printf_truncate.o
         6          0          0          0          0          0   _printf_u.o
        44          0          0          0          0        108   _printf_wchar.o
       188          6          8          0          0         92   _printf_wctomb.o
         6          0          0          0          0          0   _printf_x.o
        22          0          0          0          0        100   _rserrno.o
        10          0          0          0          0         68   _sputc.o
        64          0          0          0          0         92   _wcrtomb.o
        16          0          0          0          0         68   aeabi_memset.o
       228          4        148          0          0         96   bigflt0.o
      1936        128          0          0          0        672   btod.o
        10          0          0          0          0         68   defsig_exit.o
       172        110          0          0          0         76   defsig_fpe_inner.o
        14          0          0          0          0         80   defsig_fpe_outer.o
        50          0          0          0          0         88   defsig_general.o
        80         58          0          0          0         76   defsig_rtmem_inner.o
        14          0          0          0          0         80   defsig_rtmem_outer.o
        18          0          0          0          0         80   exit.o
        94          0          0          0          0         80   h1_alloc.o
        52          0          0          0          0         68   h1_extend.o
        78          0          0          0          0         80   h1_free.o
        14          0          0          0          0         84   h1_init.o
         6          0          0          0          0        152   heapauxi.o
         4          0          0          0          0        136   hguard.o
         0          0          0          0          0          0   indicate_semi.o
       138          0          0          0          0        168   init_alloc.o
        44         10        272          0          0         76   lc_ctype_c.o
        44         10         28          0          0         76   lc_numeric_c.o
         2          0          0          0          0          0   libinit.o
        42          0          0          0          0          0   libinit2.o
         2          0          0          0          0          0   libshutdown.o
         2          0          0          0          0          0   libshutdown2.o
         8          4          0          0         96         68   libspace.o
       138          0          0          0          0         80   lludiv10.o
       238          0          0          0          0        100   lludivv7m.o
         0          0          0          0          0          0   maybetermalloc1.o
        16          4          0          0          0         76   rt_ctype_table.o
         8          4          0          0          0         68   rt_errno_addr_intlibspace.o
         8          4          0          0          0         68   rt_heap_descriptor_intlibspace.o
         8          4          0          0          0         68   rt_locale_intlibspace.o
        68          0          0          0          0         68   rt_memclr.o
        78          0          0          0          0         80   rt_memclr_w.o
       138          0          0          0          0         68   rt_memcpy_v6.o
       100          0          0          0          0         80   rt_memcpy_w.o
         2          0          0          0          0          0   rtexit.o
        10          0          0          0          0          0   rtexit2.o
       128          0          0          0          0         68   strcmpv7m.o
        62          0          0          0          0         76   strlen.o
        12          4          0          0          0         68   sys_exit.o
        74          0          0          0          0         80   sys_stackheap_outer.o
        14          0          0          0          0         76   sys_wrch.o
         2          0          0          0          0         68   use_no_semi.o
        36          4          0          0          0         76   vsprintf.o
       708         16          0          0          0        140   d2f_clz.o
      1256         28          0          0          0        408   daddsub_clz.o
        24          0          0          0          0        116   dcmpi.o
        26          0          0          0          0        116   dflt_clz.o
       120          8          0          0          0        140   dleqf.o
       258          4          0          0          0        156   dnaninf.o
       112          0          0          0          0        160   drenorm_clz.o
        12          0          0          0          0        116   dretinf.o
        98          0          0          0          0        128   drleqf.o
       378          0          0          0          0        168   dunder_clz.o
       492         36          0          0          0        148   except.o
       122          8          0          0          0        132   f2d.o
       242          4          0          0          0        144   fnaninf.o
        10          0          0          0          0        116   fpinit.o
        10          0          0          0          0        116   fretinf.o
       316          0          0          0          0        132   funder_clz.o
        32          4          0          0          0        116   istatus.o
         4          0          0          0          0        116   printf1.o
         4          0          0          0          0        116   printf2.o
       178          0          0          0          0        116   retnan.o
       126          0          0          0          0        148   trapv.o
         0          0          0          0          0          0   usenofp.o
       300         42          0          0          0        176   asinf.o
       592         90          0          0          0        184   atan2f.o
        20          0          0          0          0        124   fabs.o
        48          0          0          0          0        124   fpclassify.o
        38          0          0          0          0        116   fpclassifyf.o
        44         12          0          0          0        464   funder.o
       120          0          0          0          0        272   sqrtf_full.o

    ----------------------------------------------------------------------
     16966        806       2616         16        100      42606   Library Totals
        36          0          1          0          4          0   (incl. Padding)

    ----------------------------------------------------------------------

      Code (inc. data)   RO Data    RW Data    ZI Data      Debug   Library Name

      2718         84         12         16          0       9922   AHRS.lib
       236         24       2052          0          0      22264   arm_cortexM4lf_math.lib
      8286        446        551          0         96       5912   c_w.l
      4528        108          0          0          0       3048   g_wm.l
      1162        144          0          0          0       1460   m_wm.l

    ----------------------------------------------------------------------
     16966        806       2616         16        100      42606   Library Totals

    ----------------------------------------------------------------------

==============================================================================


      Code (inc. data)   RO Data    RW Data    ZI Data      Debug   

     95480       5612      13732       1200      58024    2055308   Grand Totals
     95480       5612      13732        380      58024    2055308   ELF Image Totals (compressed)
     95480       5612      13732        380          0          0   ROM Totals

==============================================================================

    Total RO  Size (Code + RO Data)               109212 ( 106.65kB)
    Total RW  Size (RW Data + ZI Data)             59224 (  57.84kB)
    Total ROM Size (Code + RO Data + RW Data)     109592 ( 107.02kB)

==============================================================================

